 tdfmake

 Timestamp is 62771d12 (Sun May 08 04:29:54 2022)

 Preferred load address is 00400000

 Start         Length     Name                   Class
 0001:00000000 00042db8H .text                   CODE
 0002:00000000 00006eb0H .bss                    DATA
 0003:00000000 00000478H .rdata                  DATA
 0004:00000000 00009138H .data                   DATA
 0004:00009138 00000004H .CRT$XCA                DATA
 0004:0000913c 00000068H .CRT$XCU                DATA
 0004:000091a4 00000004H .CRT$XCZ                DATA
 0004:000091a8 00000004H .CRT$XIA                DATA
 0004:000091ac 0000000cH .CRT$XIC                DATA
 0004:000091b8 00000004H .CRT$XIZ                DATA
 0004:000091bc 00000004H .CRT$XPA                DATA
 0004:000091c0 00000004H .CRT$XPX                DATA
 0004:000091c4 00000004H .CRT$XPZ                DATA
 0004:000091c8 00000004H .CRT$XTA                DATA
 0004:000091cc 00000004H .CRT$XTZ                DATA
 0005:00000000 00000050H .idata$2                DATA
 0005:00000050 00000014H .idata$3                DATA
 0005:00000064 000000d8H .idata$4                DATA
 0005:0000013c 000000d8H .idata$5                DATA
 0005:00000214 00000396H .idata$6                DATA
 0006:00000000 00000061H .edata                  DATA
 0008:00000000 00000000H .debug$C                DATA
 0008:00000000 00000110H .debug$E                DATA
 0008:00000110 00002290H .debug$F                DATA
 0008:000028a0 00000000H .debug$G                DATA
 0008:000028a0 0000002bH .debug$H                DATA
 0008:fffa4000 00000000H .debug$P                DATA
 0008:fffa4000 00000000H .debug$S                DATA
 0008:fffa4000 00000000H .debug$T                DATA

  Address         Publics by Value              Rva+Base   Lib:Object

 0001:00000000       _main                      00401000 f tdfmake.obj
 0001:00000240       ?FMakeTdf@@YGHPAVFNI@@PAVCFL@@@Z 00401240 f tdfmake.obj
 0001:00000710       ??_EBASE@@UAEPAXI@Z        00401710 f tdfmake.obj
 0001:00000710       ??_GBASE@@UAEPAXI@Z        00401710 f tdfmake.obj
 0001:00000880       ?FWouldBe@USAC@@SGHJ@Z     00401880 f utilglob.obj
 0001:000008a0       ?FIs@USAC@@UAEHJ@Z         004018a0 f utilglob.obj
 0001:000008b0       ?Cls@USAC@@UAEJXZ          004018b0 f utilglob.obj
 0001:00000990       ??_EKCDC@@UAEPAXI@Z        00401990 f utilglob.obj
 0001:00000990       ??_GKCDC@@UAEPAXI@Z        00401990 f utilglob.obj
 0001:000009b0       ?FCanDo@KCDC@@UAEHHJ@Z     004019b0 f utilglob.obj
 0001:000009f0       ?FWouldBe@BLL@@SGHJ@Z      004019f0 f base.obj
 0001:00000a10       ?FIs@BLL@@UAEHJ@Z          00401a10 f base.obj
 0001:00000a20       ?Cls@BLL@@UAEJXZ           00401a20 f base.obj
 0001:00000a30       ?Cls@BASE@@UAEJXZ          00401a30 f base.obj
 0001:00000a40       ?FIs@BASE@@UAEHJ@Z         00401a40 f base.obj
 0001:00000a60       ?FWouldBe@BASE@@SGHJ@Z     00401a60 f base.obj
 0001:00000a80       ??0BASE@@QAE@XZ            00401a80 f base.obj
 0001:00000a90       ?AddRef@BASE@@UAEXXZ       00401a90 f base.obj
 0001:00000aa0       ?Release@BASE@@UAEXXZ      00401aa0 f base.obj
 0001:00000ac0       ??2BASE@@SGPAXI@Z          00401ac0 f base.obj
 0001:00000af0       ??3BASE@@SGXPAX@Z          00401af0 f base.obj
 0001:00000b00       ??0BLL@@QAE@XZ             00401b00 f base.obj
 0001:00000b20       ??1BLL@@UAE@XZ             00401b20 f base.obj
 0001:00000b40       ?_Attach@BLL@@IAEXPAX@Z    00401b40 f base.obj
 0001:00000bb0       ??_GBLL@@UAEPAXI@Z         00401bb0 f base.obj
 0001:00000bb0       ??_EBLL@@UAEPAXI@Z         00401bb0 f base.obj
 0001:00000bd0       ?FillPb@@YGXPAXJE@Z        00401bd0 f utilcopy.obj
 0001:00000c10       ?ClearPb@@YGXPAXJ@Z        00401c10 f utilcopy.obj
 0001:00000c40       ?FEqualRgb@@YGHPAX0J@Z     00401c40 f utilcopy.obj
 0001:00000c80       ?CbEqualRgb@@YGJPAX0J@Z    00401c80 f utilcopy.obj
 0001:00000ce0       ?CopyPb@@YGXPAX0J@Z        00401ce0 f utilcopy.obj
 0001:00000d10       ?BltPb@@YGXPAX0J@Z         00401d10 f utilcopy.obj
 0001:00000d80       ?FWouldBe@ERS@@SGHJ@Z      00401d80 f utilerro.obj
 0001:00000da0       ?FIs@ERS@@UAEHJ@Z          00401da0 f utilerro.obj
 0001:00000db0       ?Cls@ERS@@UAEJXZ           00401db0 f utilerro.obj
 0001:00000dc0       ??0ERS@@QAE@XZ             00401dc0 f utilerro.obj
 0001:00000df0       ?Push@ERS@@UAEXJ@Z         00401df0 f utilerro.obj
 0001:00000e40       ?FPop@ERS@@UAEHPAJ@Z       00401e40 f utilerro.obj
 0001:00000e90       ?Clear@ERS@@UAEXXZ         00401e90 f utilerro.obj
 0001:00000eb0       ?Cerc@ERS@@UAEJXZ          00401eb0 f utilerro.obj
 0001:00000ec0       ?FIn@ERS@@UAEHJ@Z          00401ec0 f utilerro.obj
 0001:00000f10       ?ErcGet@ERS@@UAEJJ@Z       00401f10 f utilerro.obj
 0001:00000f50       ?Flush@ERS@@UAEXJ@Z        00401f50 f utilerro.obj
 0001:00000ff0       ??_EERS@@UAEPAXI@Z         00401ff0 f utilerro.obj
 0001:00000ff0       ??_GERS@@UAEPAXI@Z         00401ff0 f utilerro.obj
 0001:00001030       ?SwapBytesBom@@YGXPAXK@Z   00402030 f utilint.obj
 0001:00001090       ?SwapBytesRglw@@YGXPAXJ@Z  00402090 f utilint.obj
 0001:000010c0       ??0USAC@@QAE@XZ            004020c0 f utilint.obj
 0001:000010f0       ?Set@DVER@@QAEXFF@Z        004020f0 f utilint.obj
 0001:00001120       ??_GUSAC@@UAEPAXI@Z        00402120 f utilint.obj
 0001:00001120       ??_EUSAC@@UAEPAXI@Z        00402120 f utilint.obj
 0001:00001140       ?FAllocPv@@YGHPAPAXJKJ@Z   00402140 f utilmem.obj
 0001:00001210       ?_FResizePpv@@YGHPAPAXJJKJ@Z 00402210 f utilmem.obj
 0001:00001300       ?FreePpv@@YGXPAPAX@Z       00402300 f utilmem.obj
 0001:00001340       ?FWouldBe@RND@@SGHJ@Z      00402340 f utilrnd.obj
 0001:00001360       ?FIs@RND@@UAEHJ@Z          00402360 f utilrnd.obj
 0001:00001370       ?Cls@RND@@UAEJXZ           00402370 f utilrnd.obj
 0001:00001380       ?FWouldBe@SFL@@SGHJ@Z      00402380 f utilrnd.obj
 0001:000013a0       ?FIs@SFL@@UAEHJ@Z          004023a0 f utilrnd.obj
 0001:000013b0       ?Cls@SFL@@UAEJXZ           004023b0 f utilrnd.obj
 0001:000013c0       ??0RND@@QAE@K@Z            004023c0 f utilrnd.obj
 0001:00001400       ?LwNext@RND@@UAEJJ@Z       00402400 f utilrnd.obj
 0001:00001430       ??0SFL@@QAE@K@Z            00402430 f utilrnd.obj
 0001:00001460       ??1SFL@@UAE@XZ             00402460 f utilrnd.obj
 0001:00001480       ?Shuffle@SFL@@QAEXJ@Z      00402480 f utilrnd.obj
 0001:000014c0       ?_ShuffleCore@SFL@@IAEXXZ  004024c0 f utilrnd.obj
 0001:00001510       ?_FEnsureHq@SFL@@IAEHJ@Z   00402510 f utilrnd.obj
 0001:00001580       ?LwNext@SFL@@UAEJJ@Z       00402580 f utilrnd.obj
 0001:00001610       ??_GRND@@UAEPAXI@Z         00402610 f utilrnd.obj
 0001:00001610       ??_ERND@@UAEPAXI@Z         00402610 f utilrnd.obj
 0001:00001630       ??_GSFL@@UAEPAXI@Z         00402630 f utilrnd.obj
 0001:00001630       ??_ESFL@@UAEPAXI@Z         00402630 f utilrnd.obj
 0001:00001650       ??4STN@@QAEAAV0@AAV0@@Z    00402650 f utilstr.obj
 0001:00001670       ?SetRgch@STN@@QAEXPADJ@Z   00402670 f utilstr.obj
 0001:000016b0       ?Delete@STN@@QAEXJJ@Z      004026b0 f utilstr.obj
 0001:00001710       ?FAppendRgch@STN@@QAEHPADJ@Z 00402710 f utilstr.obj
 0001:00001760       ?FInsertRgch@STN@@QAEHJPADJ@Z 00402760 f utilstr.obj
 0001:00001820       ?FEqualRgch@STN@@QAEHPADJ@Z 00402820 f utilstr.obj
 0001:00001850       ?FEqualUserRgch@STN@@QAEHPADJK@Z 00402850 f utilstr.obj
 0001:00001870       ?FFormatSz@STN@@QAAHPADZZ  00402870 f utilstr.obj
 0001:00001890       ?FFormatRgch@STN@@QAEHPADJPAK@Z 00402890 f utilstr.obj
 0001:00001c10       ?FGetLw@STN@@QAEHPAJJ@Z    00402c10 f utilstr.obj
 0001:00001d00       ?CchSz@@YGJPAD@Z           00402d00 f utilstr.obj
 0001:00001d20       ?FEqualUserRgch@@YGHPADJ0JK@Z 00402d20 f utilstr.obj
 0001:00001e10       ?UpperRgchs@@YGXPADJ@Z     00402e10 f utilstr.obj
 0001:00001e80       __adj_fdiv_r               00402e80 f stub.obj
 0001:00001e90       ?FAllocHq@@YGHPAPAXJKJ@Z   00402e90 f memwin.obj
 0001:00001f00       ?FResizePhq@@YGHPAPAXJKJ@Z 00402f00 f memwin.obj
 0001:00001fa0       ?FreePhq@@YGXPAPAX@Z       00402fa0 f memwin.obj
 0001:00001fd0       ?CbOfHq@@YGJPAX@Z          00402fd0 f memwin.obj
 0001:00001fe0       ?PvLockHq@@YGPAXPAX@Z      00402fe0 f memwin.obj
 0001:00001ff0       ?UnlockHq@@YGXPAX@Z        00402ff0 f memwin.obj
 0001:00002090       ?FWouldBe@GRPB@@SGHJ@Z     00403090 f groups.obj
 0001:000020b0       ?FIs@GRPB@@UAEHJ@Z         004030b0 f groups.obj
 0001:000020c0       ?Cls@GRPB@@UAEJXZ          004030c0 f groups.obj
 0001:000020d0       ?FWouldBe@GLB@@SGHJ@Z      004030d0 f groups.obj
 0001:000020f0       ?FIs@GLB@@UAEHJ@Z          004030f0 f groups.obj
 0001:00002100       ?Cls@GLB@@UAEJXZ           00403100 f groups.obj
 0001:00002110       ?FWouldBe@GL@@SGHJ@Z       00403110 f groups.obj
 0001:00002130       ?FIs@GL@@UAEHJ@Z           00403130 f groups.obj
 0001:00002140       ?Cls@GL@@UAEJXZ            00403140 f groups.obj
 0001:00002150       ?FWouldBe@GGB@@SGHJ@Z      00403150 f groups.obj
 0001:00002170       ?FIs@GGB@@UAEHJ@Z          00403170 f groups.obj
 0001:00002180       ?Cls@GGB@@UAEJXZ           00403180 f groups.obj
 0001:00002190       ?FWouldBe@GG@@SGHJ@Z       00403190 f groups.obj
 0001:000021b0       ?FIs@GG@@UAEHJ@Z           004031b0 f groups.obj
 0001:000021c0       ?Cls@GG@@UAEJXZ            004031c0 f groups.obj
 0001:000021d0       ??1GRPB@@UAE@XZ            004031d0 f groups.obj
 0001:00002200       ?_FEnsureSizes@GRPB@@IAEHJJK@Z 00403200 f groups.obj
 0001:000022e0       ?_FEnsureHqCb@GRPB@@AAEHPAPAXJJPAJ@Z 004032e0 f groups.obj
 0001:000023b0       ?FWriteFlo@GRPB@@UAEHPAUFLO@@FF@Z 004033b0 f groups.obj
 0001:00002400       ?_FWrite@GRPB@@IAEHPAVBLCK@@PAXJJJ@Z 00403400 f groups.obj
 0001:000024d0       ?_FReadData@GRPB@@IAEHPAVBLCK@@JJJ@Z 004034d0 f groups.obj
 0001:00002590       ??0GLB@@IAE@J@Z            00403590 f groups.obj
 0001:000025c0       ?QvGet@GLB@@QAEPAXJ@Z      004035c0 f groups.obj
 0001:000025e0       ?Get@GLB@@QAEXJPAX@Z       004035e0 f groups.obj
 0001:00002600       ?Put@GLB@@QAEXJPAX@Z       00403600 f groups.obj
 0001:00002620       ?PglNew@GL@@SGPAV1@JJ@Z    00403620 f groups.obj
 0001:00002680       ?PglRead@GL@@SGPAV1@PAVBLCK@@PAF1@Z 00403680 f groups.obj
 0001:000026e0       ?PglRead@GL@@SGPAV1@PAVFIL@@JJPAF1@Z 004036e0 f groups.obj
 0001:00002730       ??0GL@@IAE@J@Z             00403730 f groups.obj
 0001:00002750       ?FFree@GL@@UAEHJ@Z         00403750 f groups.obj
 0001:00002770       ?CbOnFile@GL@@UAEJXZ       00403770 f groups.obj
 0001:00002780       ?FWrite@GL@@UAEHPAVBLCK@@FF@Z 00403780 f groups.obj
 0001:000027f0       ?_FRead@GL@@IAEHPAVBLCK@@PAF1@Z 004037f0 f groups.obj
 0001:000028c0       ?FInsert@GL@@QAEHJPAXJ@Z   004038c0 f groups.obj
 0001:00002960       ?Delete@GL@@UAEXJ@Z        00403960 f groups.obj
 0001:00002970       ?Delete@GL@@QAEXJJ@Z       00403970 f groups.obj
 0001:000029b0       ?FAdd@GL@@UAEHPAXPAJ@Z     004039b0 f groups.obj
 0001:000029e0       ?FPop@GL@@QAEHPAX@Z        004039e0 f groups.obj
 0001:00002a10       ?FEnsureSpace@GL@@QAEHJK@Z 00403a10 f groups.obj
 0001:00002a50       ??0GGB@@IAE@JH@Z           00403a50 f groups.obj
 0001:00002a90       ?CbOnFile@GGB@@UAEJXZ      00403a90 f groups.obj
 0001:00002aa0       ?FWrite@GGB@@UAEHPAVBLCK@@FF@Z 00403aa0 f groups.obj
 0001:00002b90       ?FFree@GGB@@UAEHJ@Z        00403b90 f groups.obj
 0001:00002bc0       ?FEnsureSpace@GGB@@QAEHJJK@Z 00403bc0 f groups.obj
 0001:00002c50       ?_RemoveRgb@GGB@@IAEXJJ@Z  00403c50 f groups.obj
 0001:00002ca0       ?_AdjustLocs@GGB@@IAEXJJJ@Z 00403ca0 f groups.obj
 0001:00002cf0       ?QvFixedGet@GGB@@QAEPAXJPAJ@Z 00403cf0 f groups.obj
 0001:00002d30       ?QvGet@GGB@@QAEPAXJPAJ@Z   00403d30 f groups.obj
 0001:00002d70       ?GetRgb@GGB@@QAEXJJJPAX@Z  00403d70 f groups.obj
 0001:00002db0       ?DeleteRgb@GGB@@QAEXJJJ@Z  00403db0 f groups.obj
 0001:00002e40       ?FInsertRgb@GGB@@QAEHJJJPAX@Z 00403e40 f groups.obj
 0001:00002f60       ?PggNew@GG@@SGPAV1@JJJ@Z   00403f60 f groups.obj
 0001:00002fd0       ?FInsert@GG@@QAEHJJPAX0@Z  00403fd0 f groups.obj
 0001:000030a0       ?FAdd@GG@@UAEHJPAJPAX1@Z   004040a0 f groups.obj
 0001:000030d0       ?Delete@GG@@UAEXJ@Z        004040d0 f groups.obj
 0001:00003140       ??_GGRPB@@UAEPAXI@Z        00404140 f groups.obj
 0001:00003140       ??_EGRPB@@UAEPAXI@Z        00404140 f groups.obj
 0001:00003160       ??_GGG@@UAEPAXI@Z          00404160 f groups.obj
 0001:00003160       ??_EGG@@UAEPAXI@Z          00404160 f groups.obj
 0001:00003180       ??_EGLB@@UAEPAXI@Z         00404180 f groups.obj
 0001:00003180       ??_GGLB@@UAEPAXI@Z         00404180 f groups.obj
 0001:000031a0       ??_GGL@@UAEPAXI@Z          004041a0 f groups.obj
 0001:000031a0       ??_EGL@@UAEPAXI@Z          004041a0 f groups.obj
 0001:000031c0       ??_EGGB@@UAEPAXI@Z         004041c0 f groups.obj
 0001:000031c0       ??_GGGB@@UAEPAXI@Z         004041c0 f groups.obj
 0001:00003220       ?FWouldBe@CFL@@SGHJ@Z      00404220 f chunk.obj
 0001:00003240       ?FIs@CFL@@UAEHJ@Z          00404240 f chunk.obj
 0001:00003250       ?Cls@CFL@@UAEJXZ           00404250 f chunk.obj
 0001:00003260       ?FWouldBe@CGE@@SGHJ@Z      00404260 f chunk.obj
 0001:00003280       ?FIs@CGE@@UAEHJ@Z          00404280 f chunk.obj
 0001:00003290       ?Cls@CGE@@UAEJXZ           00404290 f chunk.obj
 0001:000032a0       ??0CFL@@AAE@XZ             004042a0 f chunk.obj
 0001:000032c0       ??1CFL@@EAE@XZ             004042c0 f chunk.obj
 0001:00003360       ?_GrffilFromGrfcfl@CFL@@CGKK@Z 00404360 f chunk.obj
 0001:00003380       ?PcflCreate@CFL@@SGPAV1@PAVFNI@@K@Z 00404380 f chunk.obj
 0001:00003430       ?PcflFromFni@CFL@@SGPAV1@PAVFNI@@@Z 00404430 f chunk.obj
 0001:00003470       ?FSetGrfcfl@CFL@@QAEHKK@Z  00404470 f chunk.obj
 0001:00003510       ?Release@CFL@@UAEXXZ       00404510 f chunk.obj
 0001:00003530       ?_ReadFreeMap@CFL@@AAEXXZ  00404530 f chunk.obj
 0001:000035b0       ?FSave@CFL@@QAEHKPAVFNI@@@Z 004045b0 f chunk.obj
 0001:000038d0       ?_FWriteIndex@CFL@@AAEHK@Z 004048d0 f chunk.obj
 0001:00003a20       ?_FEnsureOnExtra@CFL@@AAEHJPAUFLO@@@Z 00404a20 f chunk.obj
 0001:00003b20       ?_GetFlo@CFL@@AAEXJPAUFLO@@@Z 00404b20 f chunk.obj
 0001:00003b80       ?_GetBlck@CFL@@AAEXJPAVBLCK@@@Z 00404b80 f chunk.obj
 0001:00003bc0       ?FFind@CFL@@QAEHKKPAVBLCK@@@Z 00404bc0 f chunk.obj
 0001:00003c20       ?SetPacked@CFL@@QAEXKKH@Z  00404c20 f chunk.obj
 0001:00003ca0       ?FPacked@CFL@@QAEHKK@Z     00404ca0 f chunk.obj
 0001:00003cf0       ?FPackData@CFL@@QAEHKK@Z   00404cf0 f chunk.obj
 0001:00003d90       ?_FCreateExtra@CFL@@AAEHXZ 00404d90 f chunk.obj
 0001:00003dc0       ?_FAllocFlo@CFL@@AAEHJPAUFLO@@H@Z 00404dc0 f chunk.obj
 0001:00003ed0       ?_FFindCtgCno@CFL@@AAEHKKPAJ@Z 00404ed0 f chunk.obj
 0001:00003f70       ?_GetUniqueCno@CFL@@AAEXKPAJPAK@Z 00404f70 f chunk.obj
 0001:00003ff0       ?FAdd@CFL@@QAEHJKPAKPAVBLCK@@@Z 00404ff0 f chunk.obj
 0001:00004040       ?_FAdd@CFL@@AAEHJKKJPAVBLCK@@@Z 00405040 f chunk.obj
 0001:00004120       ?FPutPv@CFL@@QAEHPAXJKK@Z  00405120 f chunk.obj
 0001:00004140       ?FPutBlck@CFL@@QAEHPAVBLCK@@KK@Z 00405140 f chunk.obj
 0001:000041a0       ?_FPut@CFL@@AAEHJKKPAVBLCK@@0PAX@Z 004051a0 f chunk.obj
 0001:000043b0       ?Delete@CFL@@QAEXKK@Z      004053b0 f chunk.obj
 0001:00004550       ?CckiRef@CFL@@QAEJKK@Z     00405550 f chunk.obj
 0001:000045a0       ?TIsDescendent@CFL@@QAEHKKKK@Z 004055a0 f chunk.obj
 0001:00004670       ?_FDecRefCount@CFL@@AAEHJ@Z 00405670 f chunk.obj
 0001:000046b0       ?_DeleteCore@CFL@@AAEXJ@Z  004056b0 f chunk.obj
 0001:00004710       ?_FreeFpCb@CFL@@AAEXHJJ@Z  00405710 f chunk.obj
 0001:000048f0       ?FAdoptChild@CFL@@QAEHKKKKKH@Z 004058f0 f chunk.obj
 0001:00004980       ?_FAdoptChild@CFL@@AAEHJJKKKH@Z 00405980 f chunk.obj
 0001:00004aa0       ?Ckid@CFL@@QAEJKK@Z        00405aa0 f chunk.obj
 0001:00004af0       ?FGetKid@CFL@@QAEHKKJPAUKID@@@Z 00405af0 f chunk.obj
 0001:00004b70       ?_FFindChild@CFL@@AAEHJKKKPAJ@Z 00405b70 f chunk.obj
 0001:00004c30       ?_FSetRti@CFL@@AAEHKKJ@Z   00405c30 f chunk.obj
 0001:00004d00       ?_FFindRtie@CFL@@AAEHKKPAURTIE@1@PAJ@Z 00405d00 f chunk.obj
 0001:00004dd0       ??0CGE@@QAE@XZ             00405dd0 f chunk.obj
 0001:00004df0       ??1CGE@@UAE@XZ             00405df0 f chunk.obj
 0001:00004e20       ?Init@CGE@@QAEXPAVCFL@@KK@Z 00405e20 f chunk.obj
 0001:00004e60       ?FNextKid@CGE@@QAEHPAUKID@@PAUCKI@@PAKK@Z 00405e60 f chunk.obj
 0001:00005040       ??_GCFL@@EAEPAXI@Z         00406040 f chunk.obj
 0001:00005040       ??_ECFL@@EAEPAXI@Z         00406040 f chunk.obj
 0001:00005060       ??_GCGE@@UAEPAXI@Z         00406060 f chunk.obj
 0001:00005060       ??_ECGE@@UAEPAXI@Z         00406060 f chunk.obj
 0001:00005080       ?FWouldBe@CODM@@SGHJ@Z     00406080 f codec.obj
 0001:000050a0       ?FIs@CODM@@UAEHJ@Z         004060a0 f codec.obj
 0001:000050b0       ?Cls@CODM@@UAEJXZ          004060b0 f codec.obj
 0001:000050c0       ?FWouldBe@CODC@@SGHJ@Z     004060c0 f codec.obj
 0001:000050e0       ??0CODM@@QAE@PAVCODC@@J@Z  004060e0 f codec.obj
 0001:00005120       ??1CODM@@UAE@XZ            00406120 f codec.obj
 0001:000051a0       ?FRegisterCodec@CODM@@UAEHPAVCODC@@@Z 004061a0 f codec.obj
 0001:000051f0       ?FCanDo@CODM@@UAEHJH@Z     004061f0 f codec.obj
 0001:00005220       ?FGetCfmtFromBlck@CODM@@UAEHPAVBLCK@@PAJ@Z 00406220 f codec.obj
 0001:000052a0       ?_FFindCodec@CODM@@MAEHHJPAPAVCODC@@@Z 004062a0 f codec.obj
 0001:00005350       ?_FCodePhq@CODM@@MAEHJPAPAX@Z 00406350 f codec.obj
 0001:00005470       ?_FCode@CODM@@MAEHJPAXJ0JPAJ@Z 00406470 f codec.obj
 0001:00005680       ??_ECODM@@UAEPAXI@Z        00406680 f codec.obj
 0001:00005680       ??_GCODM@@UAEPAXI@Z        00406680 f codec.obj
 0001:000056a0       ?FWouldBe@KCDC@@SGHJ@Z     004066a0 f codkauai.obj
 0001:000056c0       ?FIs@KCDC@@UAEHJ@Z         004066c0 f codkauai.obj
 0001:000056d0       ?Cls@KCDC@@UAEJXZ          004066d0 f codkauai.obj
 0001:000056e0       ?FConvert@KCDC@@UAEHHJPAXJ0JPAJ@Z 004066e0 f codkauai.obj
 0001:00005760       ?Set@BITA@@QAEXPAXJ@Z      00406760 f codkauai.obj
 0001:00005780       ?FWriteBits@BITA@@QAEHKJ@Z 00406780 f codkauai.obj
 0001:00005840       ?FWriteLogEncoded@BITA@@QAEHK@Z 00406840 f codkauai.obj
 0001:00005890       ?_FEncode@KCDC@@IAEHPAXJ0JPAJ@Z 00406890 f codkauai.obj
 0001:00005ba0       ?_FDecode@KCDC@@IAEHPAXJ0JPAJ@Z 00406ba0 f codkauai.obj
 0001:000094d0       ?_FEncode2@KCDC@@IAEHPAXJ0JPAJ@Z 0040a4d0 f codkauai.obj
 0001:000098c0       ?_FDecode2@KCDC@@IAEHPAXJ0JPAJ@Z 0040a8c0 f codkauai.obj
 0001:0000be50       ?FWouldBe@BACO@@SGHJ@Z     0040ce50 f crf.obj
 0001:0000be70       ?FIs@BACO@@UAEHJ@Z         0040ce70 f crf.obj
 0001:0000be80       ?Cls@BACO@@UAEJXZ          0040ce80 f crf.obj
 0001:0000be90       ?FWouldBe@RCA@@SGHJ@Z      0040ce90 f crf.obj
 0001:0000beb0       ?FWouldBe@CRF@@SGHJ@Z      0040ceb0 f crf.obj
 0001:0000bed0       ?FIs@CRF@@UAEHJ@Z          0040ced0 f crf.obj
 0001:0000bee0       ?Cls@CRF@@UAEJXZ           0040cee0 f crf.obj
 0001:0000bef0       ??0BACO@@IAE@XZ            0040cef0 f crf.obj
 0001:0000bf20       ??1BACO@@MAE@XZ            0040cf20 f crf.obj
 0001:0000bf50       ?FWriteFlo@BACO@@UAEHPAUFLO@@@Z 0040cf50 f crf.obj
 0001:0000bf90       ?FWrite@BACO@@UAEHPAVBLCK@@@Z 0040cf90 f crf.obj
 0001:0000bfa0       ?CbOnFile@BACO@@UAEJXZ     0040cfa0 f crf.obj
 0001:0000bfb0       ?Release@BACO@@UAEXXZ      0040cfb0 f crf.obj
 0001:0000c000       ?Detach@BACO@@UAEXXZ       0040d000 f crf.obj
 0001:0000c040       ?SetCrep@BACO@@UAEXJ@Z     0040d040 f crf.obj
 0001:0000c070       ??0CRF@@IAE@PAVCFL@@J@Z    0040d070 f crf.obj
 0001:0000c0a0       ??1CRF@@UAE@XZ             0040d0a0 f crf.obj
 0001:0000c130       ?PcrfNew@CRF@@SGPAV1@PAVCFL@@J@Z 0040d130 f crf.obj
 0001:0000c180       ?TLoad@CRF@@UAEHKKP6GHPAV1@KKPAVBLCK@@PAPAVBACO@@PAJ@ZKJ@Z 0040d180 f crf.obj
 0001:0000c460       ?PbacoFetch@CRF@@UAEPAVBACO@@KKP6GHPAV1@KKPAVBLCK@@PAPAV2@PAJ@ZPAHK@Z 0040d460 f crf.obj
 0001:0000c650       ?PbacoFind@CRF@@UAEPAVBACO@@KKP6GHPAV1@KKPAVBLCK@@PAPAV2@PAJ@ZK@Z 0040d650 f crf.obj
 0001:0000c6c0       ?FSetCrep@CRF@@UAEHJKKP6GHPAV1@KKPAVBLCK@@PAPAVBACO@@PAJ@ZK@Z 0040d6c0 f crf.obj
 0001:0000c740       ?PcrfFindChunk@CRF@@UAEPAV1@KKK@Z 0040d740 f crf.obj
 0001:0000c790       ?BacoDetached@CRF@@QAEXPAVBACO@@@Z 0040d790 f crf.obj
 0001:0000c7e0       ?BacoReleased@CRF@@QAEXPAVBACO@@@Z 0040d7e0 f crf.obj
 0001:0000c860       ?_FFindCre@CRF@@IAEHKKP6GHPAV1@KKPAVBLCK@@PAPAVBACO@@PAJ@Z3@Z 0040d860 f crf.obj
 0001:0000c910       ?_FFindBaco@CRF@@IAEHPAVBACO@@PAJ@Z 0040d910 f crf.obj
 0001:0000ca40       ?_FPurgeCb@CRF@@IAEHJJ@Z   0040da40 f crf.obj
 0001:0000cb60       ??_EBACO@@MAEPAXI@Z        0040db60 f crf.obj
 0001:0000cb60       ??_GBACO@@MAEPAXI@Z        0040db60 f crf.obj
 0001:0000cb80       ??_GCRF@@UAEPAXI@Z         0040db80 f crf.obj
 0001:0000cb80       ??_ECRF@@UAEPAXI@Z         0040db80 f crf.obj
 0001:0000cbb0       ?FWouldBe@FIL@@SGHJ@Z      0040dbb0 f file.obj
 0001:0000cbd0       ?FIs@FIL@@UAEHJ@Z          0040dbd0 f file.obj
 0001:0000cbe0       ?Cls@FIL@@UAEJXZ           0040dbe0 f file.obj
 0001:0000cbf0       ?FWouldBe@BLCK@@SGHJ@Z     0040dbf0 f file.obj
 0001:0000cc10       ?FIs@BLCK@@UAEHJ@Z         0040dc10 f file.obj
 0001:0000cc20       ?Cls@BLCK@@UAEJXZ          0040dc20 f file.obj
 0001:0000cc30       ??0FIL@@IAE@PAVFNI@@K@Z    0040dc30 f file.obj
 0001:0000cca0       ??1FIL@@MAE@XZ             0040dca0 f file.obj
 0001:0000ccf0       ?PfilCreate@FIL@@SGPAV1@PAVFNI@@K@Z 0040dcf0 f file.obj
 0001:0000cd80       ?PfilCreateTemp@FIL@@SGPAV1@PAVFNI@@@Z 0040dd80 f file.obj
 0001:0000ce10       ?PfilFromFni@FIL@@SGPAV1@PAVFNI@@@Z 0040de10 f file.obj
 0001:0000ce70       ?FSetGrffil@FIL@@QAEHKK@Z  0040de70 f file.obj
 0001:0000cf00       ?Release@FIL@@UAEXXZ       0040df00 f file.obj
 0001:0000cf30       ?SetTemp@FIL@@QAEXH@Z      0040df30 f file.obj
 0001:0000cfa0       ?FReadRgb@FLO@@QAEHPAXJJ@Z 0040dfa0 f file.obj
 0001:0000cff0       ?FWriteRgb@FLO@@QAEHPAXJJ@Z 0040dff0 f file.obj
 0001:0000d040       ?FCopy@FLO@@QAEHPAU1@@Z    0040e040 f file.obj
 0001:0000d110       ?FReadHq@FLO@@QAEHPAPAXJJ@Z 0040e110 f file.obj
 0001:0000d190       ??0BLCK@@QAE@PAUFLO@@H@Z   0040e190 f file.obj
 0001:0000d1e0       ??0BLCK@@QAE@PAVFIL@@JJH@Z 0040e1e0 f file.obj
 0001:0000d220       ??0BLCK@@QAE@XZ            0040e220 f file.obj
 0001:0000d240       ??1BLCK@@UAE@XZ            0040e240 f file.obj
 0001:0000d260       ?Set@BLCK@@QAEXPAUFLO@@H@Z 0040e260 f file.obj
 0001:0000d2a0       ?Set@BLCK@@QAEXPAVFIL@@JJH@Z 0040e2a0 f file.obj
 0001:0000d2e0       ?SetHq@BLCK@@QAEXPAPAXH@Z  0040e2e0 f file.obj
 0001:0000d320       ?Free@BLCK@@QAEXXZ         0040e320 f file.obj
 0001:0000d350       ?HqFree@BLCK@@QAEPAXH@Z    0040e350 f file.obj
 0001:0000d400       ?Cb@BLCK@@QAEJH@Z          0040e400 f file.obj
 0001:0000d420       ?FMoveMin@BLCK@@QAEHJ@Z    0040e420 f file.obj
 0001:0000d490       ?FMoveLim@BLCK@@QAEHJ@Z    0040e490 f file.obj
 0001:0000d500       ?FReadRgb@BLCK@@QAEHPAXJJH@Z 0040e500 f file.obj
 0001:0000d590       ?FWriteRgb@BLCK@@QAEHPAXJJH@Z 0040e590 f file.obj
 0001:0000d620       ?FWriteToFlo@BLCK@@QAEHPAUFLO@@H@Z 0040e620 f file.obj
 0001:0000d6a0       ?FWriteToBlck@BLCK@@QAEHPAV1@H@Z 0040e6a0 f file.obj
 0001:0000d740       ?FPacked@BLCK@@QAEHPAJ@Z   0040e740 f file.obj
 0001:0000d780       ?FPackData@BLCK@@QAEHJ@Z   0040e780 f file.obj
 0001:0000d8a0       ?FUnpackData@BLCK@@QAEHXZ  0040e8a0 f file.obj
 0001:0000d9d0       ??_GFIL@@MAEPAXI@Z         0040e9d0 f file.obj
 0001:0000d9d0       ??_EFIL@@MAEPAXI@Z         0040e9d0 f file.obj
 0001:0000d9f0       ??_GBLCK@@UAEPAXI@Z        0040e9f0 f file.obj
 0001:0000d9f0       ??_EBLCK@@UAEPAXI@Z        0040e9f0 f file.obj
 0001:0000da60       ?_FOpen@FIL@@IAEHHK@Z      0040ea60 f filewin.obj
 0001:0000db60       ?_Close@FIL@@IAEXH@Z       0040eb60 f filewin.obj
 0001:0000dbd0       ?Flush@FIL@@QAEXXZ         0040ebd0 f filewin.obj
 0001:0000dc00       ?_SetFpPos@FIL@@IAEXJ@Z    0040ec00 f filewin.obj
 0001:0000dc60       ?FSetFpMac@FIL@@QAEHJ@Z    0040ec60 f filewin.obj
 0001:0000dcf0       ?FpMac@FIL@@QAEJXZ         0040ecf0 f filewin.obj
 0001:0000dd80       ?FReadRgb@FIL@@QAEHPAXJJ@Z 0040ed80 f filewin.obj
 0001:0000de30       ?FWriteRgb@FIL@@QAEHPAXJJ@Z 0040ee30 f filewin.obj
 0001:0000def0       ?FSwapNames@FIL@@QAEHPAV1@@Z 0040eef0 f filewin.obj
 0001:0000e0d0       ?FRename@FIL@@QAEHPAVFNI@@@Z 0040f0d0 f filewin.obj
 0001:0000e190       ?FWouldBe@FNI@@SGHJ@Z      0040f190 f fniwin.obj
 0001:0000e1b0       ?FIs@FNI@@UAEHJ@Z          0040f1b0 f fniwin.obj
 0001:0000e1c0       ?Cls@FNI@@UAEJXZ           0040f1c0 f fniwin.obj
 0001:0000e1d0       ?FWouldBe@FNE@@SGHJ@Z      0040f1d0 f fniwin.obj
 0001:0000e1f0       ?FIs@FNE@@UAEHJ@Z          0040f1f0 f fniwin.obj
 0001:0000e200       ?Cls@FNE@@UAEJXZ           0040f200 f fniwin.obj
 0001:0000e210       ?SetNil@FNI@@QAEXXZ        0040f210 f fniwin.obj
 0001:0000e220       ??0FNI@@QAE@XZ             0040f220 f fniwin.obj
 0001:0000e250       ?FBuildFromPath@FNI@@QAEHPAVSTN@@J@Z 0040f250 f fniwin.obj
 0001:0000e3a0       ?FGetUnique@FNI@@QAEHJ@Z   0040f3a0 f fniwin.obj
 0001:0000e4b0       ?FGetTemp@FNI@@QAEHXZ      0040f4b0 f fniwin.obj
 0001:0000e550       ?Ftg@FNI@@QAEJXZ           0040f550 f fniwin.obj
 0001:0000e560       ?FSetLeaf@FNI@@QAEHPAVSTN@@J@Z 0040f560 f fniwin.obj
 0001:0000e5d0       ?FChangeFtg@FNI@@QAEHJ@Z   0040f5d0 f fniwin.obj
 0001:0000e680       ?GetLeaf@FNI@@QAEXPAVSTN@@@Z 0040f680 f fniwin.obj
 0001:0000e6c0       ?GetStnPath@FNI@@QAEXPAVSTN@@@Z 0040f6c0 f fniwin.obj
 0001:0000e6d0       ?TExists@FNI@@QAEHXZ       0040f6d0 f fniwin.obj
 0001:0000e7d0       ?FDelete@FNI@@QAEHXZ       0040f7d0 f fniwin.obj
 0001:0000e800       ?FRename@FNI@@QAEHPAV1@@Z  0040f800 f fniwin.obj
 0001:0000e850       ?FEqual@FNI@@QAEHPAV1@@Z   0040f850 f fniwin.obj
 0001:0000e870       ?FDownDir@FNI@@QAEHPAVSTN@@K@Z 0040f870 f fniwin.obj
 0001:0000e970       ?FUpDir@FNI@@QAEHPAVSTN@@K@Z 0040f970 f fniwin.obj
 0001:0000eaa0       ?_CchExt@FNI@@AAEJXZ       0040faa0 f fniwin.obj
 0001:0000eae0       ?_SetFtgFromName@FNI@@AAEXXZ 0040fae0 f fniwin.obj
 0001:0000eb60       ?_FChangeLeaf@FNI@@AAEHPAVSTN@@@Z 0040fb60 f fniwin.obj
 0001:0000ec80       ??0FNE@@QAE@XZ             0040fc80 f fniwin.obj
 0001:0000ecc0       ??1FNE@@UAE@XZ             0040fcc0 f fniwin.obj
 0001:0000ece0       ?_Free@FNE@@AAEXXZ         0040fce0 f fniwin.obj
 0001:0000ed50       ?FInit@FNE@@QAEHPAVFNI@@PAJJK@Z 0040fd50 f fniwin.obj
 0001:0000eec0       ?FNextFni@FNE@@QAEHPAVFNI@@PAKK@Z 0040fec0 f fniwin.obj
 0001:0000f210       ?_FPop@FNE@@AAEHXZ         00410210 f fniwin.obj
 0001:0000f280       ??_EFNI@@UAEPAXI@Z         00410280 f fniwin.obj
 0001:0000f280       ??_GFNI@@UAEPAXI@Z         00410280 f fniwin.obj
 0001:0000f2a0       ??_EFNE@@UAEPAXI@Z         004102a0 f fniwin.obj
 0001:0000f2a0       ??_GFNE@@UAEPAXI@Z         004102a0 f fniwin.obj
 0001:0000f2bc       _timeGetTime@0             004102bc   winmm:WINMM.dll
 0001:0000f2d0       _BrBegin                   004102d0 f brfwmxr:fwsetup.obj
 0001:0000f43e       _BrEnd                     0041043e f brfwmxr:fwsetup.obj
 0001:0000f46b       _BrDiagHandlerSet          0041046b f brfwmxr:fwsetup.obj
 0001:0000f4aa       _BrFilesystemSet           004104aa f brfwmxr:fwsetup.obj
 0001:0000f4e9       _BrAllocatorSet            004104e9 f brfwmxr:fwsetup.obj
 0001:0000f528       _BrFixedAbs                00410528   brfwmxr:fixed386.obj
 0001:0000f538       _BrFixedMul                00410538   brfwmxr:fixed386.obj
 0001:0000f549       _BrFixedMac2               00410549   brfwmxr:fixed386.obj
 0001:0000f56c       _BrFixedMac3               0041056c   brfwmxr:fixed386.obj
 0001:0000f599       _BrFixedMac4               00410599   brfwmxr:fixed386.obj
 0001:0000f5d0       _BrFixedLength2            004105d0   brfwmxr:fixed386.obj
 0001:0000f5f4       _BrFixedLength3            004105f4   brfwmxr:fixed386.obj
 0001:0000f621       _BrFixedLength4            00410621   brfwmxr:fixed386.obj
 0001:0000f657       _BrFixedRLength2           00410657   brfwmxr:fixed386.obj
 0001:0000f67b       _BrFixedRLength3           0041067b   brfwmxr:fixed386.obj
 0001:0000f6a8       _BrFixedRLength4           004106a8   brfwmxr:fixed386.obj
 0001:0000f6de       _BrFixedDiv                004106de   brfwmxr:fixed386.obj
 0001:0000f6f3       _BrFixedDivR               004106f3   brfwmxr:fixed386.obj
 0001:0000f709       _BrFixedDivF               00410709   brfwmxr:fixed386.obj
 0001:0000f71c       _BrFixedMulDiv             0041071c   brfwmxr:fixed386.obj
 0001:0000f72c       _BrFixedMac2Div            0041072c   brfwmxr:fixed386.obj
 0001:0000f74e       _BrFixedMac3Div            0041074e   brfwmxr:fixed386.obj
 0001:0000f77a       _BrFixedMac4Div            0041077a   brfwmxr:fixed386.obj
 0001:0000f7b0       _BrFixedFMac2              004107b0   brfwmxr:fixed386.obj
 0001:0000f7d5       _BrFixedFMac3              004107d5   brfwmxr:fixed386.obj
 0001:0000f805       _BrFixedFMac4              00410805   brfwmxr:fixed386.obj
 0001:0000f840       _BrFixedRcp                00410840   brfwmxr:fixed386.obj
 0001:0000f851       _BrFixedSqr                00410851   brfwmxr:fixed386.obj
 0001:0000f861       _BrFixedSqr2               00410861   brfwmxr:fixed386.obj
 0001:0000f882       _BrFixedSqr3               00410882   brfwmxr:fixed386.obj
 0001:0000f8ac       _BrFixedSqr4               004108ac   brfwmxr:fixed386.obj
 0001:0000f8df       _BrFixedSin                004108df   brfwmxr:fixed386.obj
 0001:0000f910       _BrFixedCos                00410910   brfwmxr:fixed386.obj
 0001:0000f941       _BrFixedASin               00410941   brfwmxr:fixed386.obj
 0001:0000f975       _BrFixedACos               00410975   brfwmxr:fixed386.obj
 0001:0000f9a9       _BrFixedATan2              004109a9   brfwmxr:fixed386.obj
 0001:0000fbad       _BrFixedATan2Fast          00410bad   brfwmxr:fixed386.obj
 0001:0000fcb5       __Sqrt                     00410cb5   brfwmxr:fixed386.obj
 0001:0000fe0d       __Sqrt64                   00410e0d   brfwmxr:fixed386.obj
 0001:000100b4       __FastSqrt                 004110b4   brfwmxr:fixed386.obj
 0001:000100df       __FastRSqrt                004110df   brfwmxr:fixed386.obj
 0001:00010108       __FastRSqrt64              00411108   brfwmxr:fixed386.obj
 0001:00010150       __BrFileFree               00411150 f brfwmxr:file.obj
 0001:00010175       _BrFileAttributes          00411175 f brfwmxr:file.obj
 0001:0001018d       _BrFileOpenRead            0041118d f brfwmxr:file.obj
 0001:00010225       _BrFileOpenWrite           00411225 f brfwmxr:file.obj
 0001:000102b3       _BrFileClose               004112b3 f brfwmxr:file.obj
 0001:000102ca       _BrFileEof                 004112ca f brfwmxr:file.obj
 0001:000102eb       _BrFileGetChar             004112eb f brfwmxr:file.obj
 0001:0001030c       _BrFilePutChar             0041130c f brfwmxr:file.obj
 0001:0001032c       _BrFileRead                0041132c f brfwmxr:file.obj
 0001:00010359       _BrFileWrite               00411359 f brfwmxr:file.obj
 0001:00010386       _BrFileGetLine             00411386 f brfwmxr:file.obj
 0001:000103af       _BrFilePutLine             004113af f brfwmxr:file.obj
 0001:000103cf       _BrFileAdvance             004113cf f brfwmxr:file.obj
 0001:000103ef       _BrFilePrintf              004113ef f brfwmxr:file.obj
 0001:000104a6       _BrResAllocate             004114a6 f brfwmxr:resource.obj
 0001:00010620       _BrResFree                 00411620 f brfwmxr:resource.obj
 0001:0001063a       _BrResAdd                  0041163a f brfwmxr:resource.obj
 0001:00010694       _BrResRemove               00411694 f brfwmxr:resource.obj
 0001:000106c2       _BrResClass                004116c2 f brfwmxr:resource.obj
 0001:000106e7       _BrResSize                 004116e7 f brfwmxr:resource.obj
 0001:00010750       _BrResSizeTotal            00411750 f brfwmxr:resource.obj
 0001:0001077d       _BrResChildEnum            0041177d f brfwmxr:resource.obj
 0001:000107ec       _BrResCheck                004117ec f brfwmxr:resource.obj
 0001:00010836       _BrResStrDup               00411836 f brfwmxr:resource.obj
 0001:00010890       _BrModelAdd                00411890 f brfwmxr:regsupt.obj
 0001:000108cf       _BrModelRemove             004118cf f brfwmxr:regsupt.obj
 0001:000108fa       _BrModelFind               004118fa f brfwmxr:regsupt.obj
 0001:0001091e       _BrModelFindHook           0041191e f brfwmxr:regsupt.obj
 0001:00010944       _BrModelAddMany            00411944 f brfwmxr:regsupt.obj
 0001:000109a4       _BrModelRemoveMany         004119a4 f brfwmxr:regsupt.obj
 0001:00010a04       _BrModelFindMany           00411a04 f brfwmxr:regsupt.obj
 0001:00010a30       _BrModelCount              00411a30 f brfwmxr:regsupt.obj
 0001:00010a54       _BrModelEnum               00411a54 f brfwmxr:regsupt.obj
 0001:00010a80       _BrMaterialAdd             00411a80 f brfwmxr:regsupt.obj
 0001:00010ac8       _BrMaterialRemove          00411ac8 f brfwmxr:regsupt.obj
 0001:00010afd       _BrMaterialFind            00411afd f brfwmxr:regsupt.obj
 0001:00010b21       _BrMaterialFindHook        00411b21 f brfwmxr:regsupt.obj
 0001:00010b47       _BrMaterialAddMany         00411b47 f brfwmxr:regsupt.obj
 0001:00010ba7       _BrMaterialRemoveMany      00411ba7 f brfwmxr:regsupt.obj
 0001:00010c07       _BrMaterialFindMany        00411c07 f brfwmxr:regsupt.obj
 0001:00010c33       _BrMaterialCount           00411c33 f brfwmxr:regsupt.obj
 0001:00010c57       _BrMaterialEnum            00411c57 f brfwmxr:regsupt.obj
 0001:00010c83       _BrMapAdd                  00411c83 f brfwmxr:regsupt.obj
 0001:00010ca7       _BrMapRemove               00411ca7 f brfwmxr:regsupt.obj
 0001:00010ccb       _BrMapFind                 00411ccb f brfwmxr:regsupt.obj
 0001:00010cef       _BrMapFindHook             00411cef f brfwmxr:regsupt.obj
 0001:00010d15       _BrMapAddMany              00411d15 f brfwmxr:regsupt.obj
 0001:00010d3d       _BrMapRemoveMany           00411d3d f brfwmxr:regsupt.obj
 0001:00010d65       _BrMapFindMany             00411d65 f brfwmxr:regsupt.obj
 0001:00010d91       _BrMapCount                00411d91 f brfwmxr:regsupt.obj
 0001:00010db5       _BrMapEnum                 00411db5 f brfwmxr:regsupt.obj
 0001:00010de1       _BrTableAdd                00411de1 f brfwmxr:regsupt.obj
 0001:00010e05       _BrTableRemove             00411e05 f brfwmxr:regsupt.obj
 0001:00010e29       _BrTableFind               00411e29 f brfwmxr:regsupt.obj
 0001:00010e4d       _BrTableFindHook           00411e4d f brfwmxr:regsupt.obj
 0001:00010e73       _BrTableAddMany            00411e73 f brfwmxr:regsupt.obj
 0001:00010e9b       _BrTableRemoveMany         00411e9b f brfwmxr:regsupt.obj
 0001:00010ec3       _BrTableFindMany           00411ec3 f brfwmxr:regsupt.obj
 0001:00010eef       _BrTableCount              00411eef f brfwmxr:regsupt.obj
 0001:00010f13       _BrTableEnum               00411f13 f brfwmxr:regsupt.obj
 0001:00010f3f       _BrResClassAdd             00411f3f f brfwmxr:regsupt.obj
 0001:00010f8c       _BrResClassRemove          00411f8c f brfwmxr:regsupt.obj
 0001:00010fd9       _BrResClassFind            00411fd9 f brfwmxr:regsupt.obj
 0001:00010ffd       _BrResClassFindHook        00411ffd f brfwmxr:regsupt.obj
 0001:00011023       _BrResClassAddMany         00412023 f brfwmxr:regsupt.obj
 0001:00011071       _BrResClassRemoveMany      00412071 f brfwmxr:regsupt.obj
 0001:000110d1       _BrResClassFindMany        004120d1 f brfwmxr:regsupt.obj
 0001:000110fd       _BrResClassCount           004120fd f brfwmxr:regsupt.obj
 0001:00011121       _BrResClassEnum            00412121 f brfwmxr:regsupt.obj
 0001:0001114d       _BrModelApplyMap           0041214d f brfwmxr:regsupt.obj
 0001:0001138c       _BrModelFitMap             0041238c f brfwmxr:regsupt.obj
 0001:00011603       _BrModelFree               00412603 f brfwmxr:regsupt.obj
 0001:0001161a       _BrModelAllocate           0041261a f brfwmxr:regsupt.obj
 0001:000116c2       _BrMaterialAllocate        004126c2 f brfwmxr:regsupt.obj
 0001:0001172a       _BrMaterialFree            0041272a f brfwmxr:regsupt.obj
 0001:00011750       _NamePatternMatch          00412750 f brfwmxr:register.obj
 0001:00011922       _RegistryNew@4             00412922 f brfwmxr:register.obj
 0001:0001194d       _RegistryClear@4           0041294d f brfwmxr:register.obj
 0001:000119a6       _RegistryAdd@8             004129a6 f brfwmxr:register.obj
 0001:000119f2       _RegistryAddMany@12        004129f2 f brfwmxr:register.obj
 0001:00011a43       _RegistryRemove@8          00412a43 f brfwmxr:register.obj
 0001:00011acf       _RegistryRemoveMany@12     00412acf f brfwmxr:register.obj
 0001:00011b32       _RegistryFind@8            00412b32 f brfwmxr:register.obj
 0001:00011bbb       _RegistryFindMany@16       00412bbb f brfwmxr:register.obj
 0001:00011c40       _RegistryCount@8           00412c40 f brfwmxr:register.obj
 0001:00011cba       _RegistryEnum@16           00412cba f brfwmxr:register.obj
 0001:00011da0       __BrPmMemFill              00412da0 f brfwmxr:pmmemops.obj
 0001:00011ef1       __BrPmMemRectangleCopyTo   00412ef1 f brfwmxr:pmmemops.obj
 0001:0001200c       __BrPmMemRectangleCopyFrom 0041300c f brfwmxr:pmmemops.obj
 0001:00012127       __BrPmMemRectangleFill     00413127 f brfwmxr:pmmemops.obj
 0001:000121c9       __BrPmMemDirtyRectangleCopy 004131c9 f brfwmxr:pmmemops.obj
 0001:00012200       __BrPmMemDirtyRectangleFill 00413200 f brfwmxr:pmmemops.obj
 0001:0001222f       __BrPmMemCopy              0041322f f brfwmxr:pmmemops.obj
 0001:00012468       __BrPmMemPixelSet          00413468 f brfwmxr:pmmemops.obj
 0001:000124f0       __BrPmMemPixelGet          004134f0 f brfwmxr:pmmemops.obj
 0001:00012579       __BrPmMemLine              00413579 f brfwmxr:pmmemops.obj
 0001:00014671       __BrPmMemCopyBits          00415671 f brfwmxr:pmmemops.obj
 0001:0001471c       __MemCopyBits_A            0041571c   brfwmxr:memloops.obj
 0001:00014b11       __MemFill_A                00415b11   brfwmxr:memloops.obj
 0001:00014bf5       __MemRectFill_A            00415bf5   brfwmxr:memloops.obj
 0001:00014d1e       __MemRectCopy_A            00415d1e   brfwmxr:memloops.obj
 0001:00014d76       __MemCopy_A                00415d76   brfwmxr:memloops.obj
 0001:00014dbb       __MemPixelSet              00415dbb   brfwmxr:memloops.obj
 0001:00014e18       __MemPixelGet              00415e18   brfwmxr:memloops.obj
 0001:00014e74       __GetSysQual               00415e74   brfwmxr:memloops.obj
 0001:00014e80       _BrNewList                 00415e80 f brfwmxr:brlists.obj
 0001:00014ea9       _BrAddHead                 00415ea9 f brfwmxr:brlists.obj
 0001:00014eda       _BrAddTail                 00415eda f brfwmxr:brlists.obj
 0001:00014f10       _BrRemHead                 00415f10 f brfwmxr:brlists.obj
 0001:00014f4e       _BrRemTail                 00415f4e f brfwmxr:brlists.obj
 0001:00014f8c       _BrInsert                  00415f8c f brfwmxr:brlists.obj
 0001:00014fbd       _BrRemove                  00415fbd f brfwmxr:brlists.obj
 0001:00014feb       _BrSimpleNewList           00415feb f brfwmxr:brlists.obj
 0001:00014fff       _BrSimpleAddHead           00415fff f brfwmxr:brlists.obj
 0001:0001503c       _BrSimpleRemHead           0041603c f brfwmxr:brlists.obj
 0001:00015070       _BrSimpleInsert            00416070 f brfwmxr:brlists.obj
 0001:000150ad       _BrSimpleRemove            004160ad f brfwmxr:brlists.obj
 0001:00015100       _BrMemAllocate             00416100 f brfwmxr:mem.obj
 0001:0001513e       _BrMemFree                 0041613e f brfwmxr:mem.obj
 0001:00015158       _BrMemInquire              00416158 f brfwmxr:mem.obj
 0001:00015180       _BrMemCalloc               00416180 f brfwmxr:mem.obj
 0001:000151c6       _BrMemStrDup               004161c6 f brfwmxr:mem.obj
 0001:000162b0       _PrepareVertices@4         004172b0 f brfwmxr:prepmesh.obj
 0001:0001699d       _PrepareVerticesFast@4     0041799d f brfwmxr:prepmesh.obj
 0001:00016e8f       _PrepareEdges@4            00417e8f f brfwmxr:prepmesh.obj
 0001:00017153       _BrModelUpdate             00418153 f brfwmxr:prepmesh.obj
 0001:00017540       _BrMaterialUpdate          00418540 f brfwmxr:prepmatl.obj
 0001:000175d0       _BrMatrix34Copy            004185d0 f brfwmxr:matrix34.obj
 0001:00017669       _BrMatrix34Mul             00418669 f brfwmxr:matrix34.obj
 0001:00017924       _BrMatrix34Identity        00418924 f brfwmxr:matrix34.obj
 0001:000179a6       _BrMatrix34RotateX         004189a6 f brfwmxr:matrix34.obj
 0001:00017a47       _BrMatrix34RotateY         00418a47 f brfwmxr:matrix34.obj
 0001:00017ae8       _BrMatrix34RotateZ         00418ae8 f brfwmxr:matrix34.obj
 0001:00017b89       _BrMatrix34Rotate          00418b89 f brfwmxr:matrix34.obj
 0001:00017d45       _BrMatrix34Translate       00418d45 f brfwmxr:matrix34.obj
 0001:00017dc4       _BrMatrix34Scale           00418dc4 f brfwmxr:matrix34.obj
 0001:00017e43       _BrMatrix34ShearX          00418e43 f brfwmxr:matrix34.obj
 0001:00017ec3       _BrMatrix34ShearY          00418ec3 f brfwmxr:matrix34.obj
 0001:00017f43       _BrMatrix34ShearZ          00418f43 f brfwmxr:matrix34.obj
 0001:00017fc3       _BrMatrix34Inverse         00418fc3 f brfwmxr:matrix34.obj
 0001:000184c7       _BrMatrix34LPInverse       004194c7 f brfwmxr:matrix34.obj
 0001:000185e9       _BrMatrix34LPNormalise     004195e9 f brfwmxr:matrix34.obj
 0001:000188a6       _BrMatrix34RollingBall     004198a6 f brfwmxr:matrix34.obj
 0001:00018a53       _BrMatrix34Copy4           00419a53 f brfwmxr:matrix34.obj
 0001:00018aec       _BrMatrix34TApplyFV@12     00419aec f brfwmxr:matrix34.obj
 0001:00018ba5       _BrMatrix34Apply           00419ba5 f brfwmxr:matrix34.obj
 0001:00018c7d       _BrMatrix34ApplyP          00419c7d f brfwmxr:matrix34.obj
 0001:00018d43       _BrMatrix34ApplyV          00419d43 f brfwmxr:matrix34.obj
 0001:00018df1       _BrMatrix34TApply          00419df1 f brfwmxr:matrix34.obj
 0001:00018ede       _BrMatrix34TApplyP         00419ede f brfwmxr:matrix34.obj
 0001:00018f8c       _BrMatrix34TApplyV         00419f8c f brfwmxr:matrix34.obj
 0001:0001903a       _BrMatrix34Pre             0041a03a f brfwmxr:matrix34.obj
 0001:0001906b       _BrMatrix34Post            0041a06b f brfwmxr:matrix34.obj
 0001:0001909c       _BrMatrix34PreRotateX      0041a09c f brfwmxr:matrix34.obj
 0001:000190df       _BrMatrix34PostRotateX     0041a0df f brfwmxr:matrix34.obj
 0001:00019122       _BrMatrix34PreRotateY      0041a122 f brfwmxr:matrix34.obj
 0001:00019165       _BrMatrix34PostRotateY     0041a165 f brfwmxr:matrix34.obj
 0001:000191a8       _BrMatrix34PreRotateZ      0041a1a8 f brfwmxr:matrix34.obj
 0001:000191eb       _BrMatrix34PostRotateZ     0041a1eb f brfwmxr:matrix34.obj
 0001:0001922e       _BrMatrix34PreRotate       0041a22e f brfwmxr:matrix34.obj
 0001:00019275       _BrMatrix34PostRotate      0041a275 f brfwmxr:matrix34.obj
 0001:000192bc       _BrMatrix34PreTranslate    0041a2bc f brfwmxr:matrix34.obj
 0001:00019307       _BrMatrix34PostTranslate   0041a307 f brfwmxr:matrix34.obj
 0001:00019352       _BrMatrix34PreScale        0041a352 f brfwmxr:matrix34.obj
 0001:0001939d       _BrMatrix34PostScale       0041a39d f brfwmxr:matrix34.obj
 0001:000193e8       _BrMatrix34PreShearX       0041a3e8 f brfwmxr:matrix34.obj
 0001:0001942f       _BrMatrix34PostShearX      0041a42f f brfwmxr:matrix34.obj
 0001:00019476       _BrMatrix34PreShearY       0041a476 f brfwmxr:matrix34.obj
 0001:000194bd       _BrMatrix34PostShearY      0041a4bd f brfwmxr:matrix34.obj
 0001:00019504       _BrMatrix34PreShearZ       0041a504 f brfwmxr:matrix34.obj
 0001:0001954b       _BrMatrix34PostShearZ      0041a54b f brfwmxr:matrix34.obj
 0001:000195a0       __BrGenericLine            0041a5a0 f brfwmxr:pmgenops.obj
 0001:0001a81f       __BrGenericDoubleBuffer    0041b81f f brfwmxr:pmgenops.obj
 0001:0001a83f       __BrGenericMatch           0041b83f f brfwmxr:pmgenops.obj
 0001:0001a98b       __BrGenericClone           0041b98b f brfwmxr:pmgenops.obj
 0001:0001a9e4       __BrGenericFree            0041b9e4 f brfwmxr:pmgenops.obj
 0001:0001a9fb       __BrGenericDirtyRectangleCopy 0041b9fb f brfwmxr:pmgenops.obj
 0001:0001aa33       __BrGenericDirtyRectangleFill 0041ba33 f brfwmxr:pmgenops.obj
 0001:0001aa63       __BrGenericRectangle       0041ba63 f brfwmxr:pmgenops.obj
 0001:0001ab29       __BrGenericRectangle2      0041bb29 f brfwmxr:pmgenops.obj
 0001:0001abf0       __BrGenericRectangleCopy   0041bbf0 f brfwmxr:pmgenops.obj
 0001:0001abfb       __BrGenericCopy            0041bbfb f brfwmxr:pmgenops.obj
 0001:0001ac10       _BrPixelmapAllocate        0041bc10 f brfwmxr:pixelmap.obj
 0001:0001ada9       _BrPixelmapAllocateSub     0041bda9 f brfwmxr:pixelmap.obj
 0001:0001af32       _BrPixelmapFileSize        0041bf32 f brfwmxr:pixelmap.obj
 0001:0001af55       _BrPixelmapPixelSize       0041bf55 f brfwmxr:pixelmap.obj
 0001:0001af78       _BrPixelmapChannels        0041bf78 f brfwmxr:pixelmap.obj
 0001:0001afa0       _BrScratchAllocate         0041bfa0 f brfwmxr:scratch.obj
 0001:0001b02c       _BrScratchFree             0041c02c f brfwmxr:scratch.obj
 0001:0001b041       _BrScratchFlush            0041c041 f brfwmxr:scratch.obj
 0001:0001b095       _BrScratchInquire          0041c095 f brfwmxr:scratch.obj
 0001:0001b0b0       _BrQsort                   0041c0b0 f brfwmxr:brqsort.obj
 0001:0001b4a0       _BrFixedSqrt               0041c4a0 f brfwmxr:fixed.obj
 0001:0001b4db       _BrFixedPow                0041c4db f brfwmxr:fixed.obj
 0001:0001b530       _BrFailure                 0041c530 f brfwmxr:diag.obj
 0001:0001b586       _BrWarning                 0041c586 f brfwmxr:diag.obj
 0001:0001b5dc       _BrFatal                   0041c5dc f brfwmxr:diag.obj
 0001:0001b640       _BrPixelmapFree            0041c640 f brfwmxr:pmdsptch.obj
 0001:0001b681       _BrPixelmapMatch           0041c681 f brfwmxr:pmdsptch.obj
 0001:0001b6cb       _BrPixelmapClone           0041c6cb f brfwmxr:pmdsptch.obj
 0001:0001b711       _BrPixelmapFill            0041c711 f brfwmxr:pmdsptch.obj
 0001:0001b756       _BrPixelmapRectangle       0041c756 f brfwmxr:pmdsptch.obj
 0001:0001b7cd       _BrPixelmapRectangle2      0041c7cd f brfwmxr:pmdsptch.obj
 0001:0001b848       _BrPixelmapRectangleCopy   0041c848 f brfwmxr:pmdsptch.obj
 0001:0001bc6f       _BrPixelmapRectangleFill   0041cc6f f brfwmxr:pmdsptch.obj
 0001:0001be2b       _BrPixelmapDirtyRectangleCopy 0041ce2b f brfwmxr:pmdsptch.obj
 0001:0001bfe7       _BrPixelmapDirtyRectangleFill 0041cfe7 f brfwmxr:pmdsptch.obj
 0001:0001c1a3       _BrPixelmapPixelSet        0041d1a3 f brfwmxr:pmdsptch.obj
 0001:0001c264       _BrPixelmapPixelGet        0041d264 f brfwmxr:pmdsptch.obj
 0001:0001c32a       _BrPixelmapCopy            0041d32a f brfwmxr:pmdsptch.obj
 0001:0001c410       _BrPixelmapLine            0041d410 f brfwmxr:pmdsptch.obj
 0001:0001c803       _BrPixelmapDoubleBuffer    0041d803 f brfwmxr:pmdsptch.obj
 0001:0001c850       _BrPixelmapText            0041d850 f brfwmxr:pmdsptch.obj
 0001:0001cb95       _BrPixelmapTextF           0041db95 f brfwmxr:pmdsptch.obj
 0001:0001cbe6       _BrPixelmapTextWidth       0041dbe6 f brfwmxr:pmdsptch.obj
 0001:0001ccbb       _BrPixelmapTextHeight      0041dcbb f brfwmxr:pmdsptch.obj
 0001:0001cd0a       _BrPixelmapCopyBits        0041dd0a f brfwmxr:pmdsptch.obj
 0001:0001cf00       ?FCreate@TDF@@SGHPAVCRF@@PAVGL@@PAVSTN@@PAUCKI@@@Z 0041df00 f engine:tdf.obj
 0001:0001d340       ?FWouldBe@MODL@@SGHJ@Z     0041e340 f engine:modl.obj
 0001:0001d360       ?FIs@MODL@@UAEHJ@Z         0041e360 f engine:modl.obj
 0001:0001d370       ?Cls@MODL@@UAEJXZ          0041e370 f engine:modl.obj
 0001:0001d380       ?PmodlNew@MODL@@SGPAV1@JPAUbr_vertex@@JPAUbr_face@@@Z 0041e380 f engine:modl.obj
 0001:0001d470       ?FReadModl@MODL@@SGHPAVCRF@@KKPAVBLCK@@PAPAVBACO@@PAJ@Z 0041e470 f engine:modl.obj
 0001:0001d500       ?_FInit@MODL@@IAEHPAVBLCK@@@Z 0041e500 f engine:modl.obj
 0001:0001d8a0       ?PmodlReadFromDat@MODL@@SGPAV1@PAVFNI@@@Z 0041e8a0 f engine:modl.obj
 0001:0001d970       ??1MODL@@UAE@XZ            0041e970 f engine:modl.obj
 0001:0001d9a0       ?FWrite@MODL@@QAEHPAVCFL@@KK@Z 0041e9a0 f engine:modl.obj
 0001:0001dae0       ?AdjustTdfCharacter@MODL@@QAEXXZ 0041eae0 f engine:modl.obj
 0001:0001db80       ??_GMODL@@UAEPAXI@Z        0041eb80 f engine:modl.obj
 0001:0001db80       ??_EMODL@@UAEPAXI@Z        0041eb80 f engine:modl.obj
 0001:0001dcef       _fprintf                   0041ecef f LIBC:fprintf.obj
 0001:0001dd25       __onexit                   0041ed25 f LIBC:onexit.obj
 0001:0001dd9b       _atexit                    0041ed9b f LIBC:onexit.obj
 0001:0001ddad       ___onexitinit              0041edad f LIBC:onexit.obj
 0001:0001dde4       __ftol                     0041ede4 f LIBC:ftol.obj
 0001:0001de0b       __fpmath                   0041ee0b f LIBC:fpinit.obj
 0001:0001de15       __fpclear                  0041ee15 f LIBC:fpinit.obj
 0001:0001de16       __cfltcvt_init             0041ee16 f LIBC:fpinit.obj
 0001:0001de4e       __purecall                 0041ee4e f LIBC:purevirt.obj
 0001:0001de59       _mainCRTStartup            0041ee59 f LIBC:crt0.obj
 0001:0001df52       __amsg_exit                0041ef52 f LIBC:crt0.obj
 0001:0001df74       _memset                    0041ef74 f LIBC:memset.obj
 0001:0001dfb8       _strcat                    0041efb8 f LIBC:strcat.obj
 0001:0001dfbc       _strcpy                    0041efbc   LIBC:strcat.obj
 0001:0001e04c       _strlen                    0041f04c f LIBC:strlen.obj
 0001:0001e099       _vsprintf                  0041f099 f LIBC:vsprintf.obj
 0001:0001e0f4       _sqrt                      0041f0f4   LIBC:87csqrt.obj
 0001:0001e0fe       __CIsqrt                   0041f0fe   LIBC:87csqrt.obj
 0001:0001e108       _pow                       0041f108   LIBC:87ctran.obj
 0001:0001e112       _log                       0041f112   LIBC:87ctran.obj
 0001:0001e11c       _log10                     0041f11c   LIBC:87ctran.obj
 0001:0001e123       _exp                       0041f123   LIBC:87ctran.obj
 0001:0001e12a       __CIpow                    0041f12a   LIBC:87ctran.obj
 0001:0001e134       __CIlog                    0041f134   LIBC:87ctran.obj
 0001:0001e13e       __CIlog10                  0041f13e   LIBC:87ctran.obj
 0001:0001e145       __CIexp                    0041f145   LIBC:87ctran.obj
 0001:0001e14c       _sprintf                   0041f14c f LIBC:sprintf.obj
 0001:0001e1a5       __stbuf                    0041f1a5 f LIBC:_sftbuf.obj
 0001:0001e226       __ftbuf                    0041f226 f LIBC:_sftbuf.obj
 0001:0001e26c       __output                   0041f26c f LIBC:output.obj
 0001:0001eb92       __cinit                    0041fb92 f LIBC:crt0dat.obj
 0001:0001ebc2       _exit                      0041fbc2 f LIBC:crt0dat.obj
 0001:0001ebd3       __exit                     0041fbd3 f LIBC:crt0dat.obj
 0001:0001ec83       _realloc                   0041fc83 f LIBC:realloc.obj
 0001:0001edd5       __msize                    0041fdd5 f LIBC:msize.obj
 0001:0001ede6       _malloc                    0041fde6 f LIBC:malloc.obj
 0001:0001edf9       __nh_malloc                0041fdf9 f LIBC:malloc.obj
 0001:0001eeb8       __heap_split_block         0041feb8 f LIBC:malloc.obj
 0001:0001eefd       __setdefaultprecision      0041fefd f LIBC:fp8.obj
 0001:0001ef10       __forcdecpt                0041ff10 f LIBC:cvt.obj
 0001:0001ef75       __cropzeros                0041ff75 f LIBC:cvt.obj
 0001:0001efd4       __positive                 0041ffd4 f LIBC:cvt.obj
 0001:0001efe9       __fassign                  0041ffe9 f LIBC:cvt.obj
 0001:0001f02c       __cftoe                    0042002c f LIBC:cvt.obj
 0001:0001f17f       __cftof                    0042017f f LIBC:cvt.obj
 0001:0001f29b       __cftog                    0042029b f LIBC:cvt.obj
 0001:0001f343       __cfltcvt                  00420343 f LIBC:cvt.obj
 0001:0001f3c0       __global_unwind2           004203c0 f LIBC:exsup.obj
 0001:0001f402       __local_unwind2            00420402 f LIBC:exsup.obj
 0001:0001f45c       __abnormal_termination     0042045c f LIBC:exsup.obj
 0001:0001f47f       __XcptFilter               0042047f f LIBC:winxfltr.obj
 0001:0001f60a       __setenvp                  0042060a f LIBC:stdenvp.obj
 0001:0001f6d5       __setargv                  004206d5 f LIBC:stdargv.obj
 0001:0001f9d3       __setmbcp                  004209d3 f LIBC:mbctype.obj
 0001:0001fb61       ___initmbctable            00420b61 f LIBC:mbctype.obj
 0001:0001fb6c       __ioinit                   00420b6c f LIBC:ioinit.obj
 0001:0001fc5a       __heap_init                00420c5a f LIBC:heapinit.obj
 0001:0001fcd7       ___getempty                00420cd7 f LIBC:heapinit.obj
 0001:0001fd04       __except_handler3          00420d04 f LIBC:exsup3.obj
 0001:0001fdb2       __seh_longjmp_unwind@4     00420db2 f LIBC:exsup3.obj
 0001:0001fdcd       __FF_MSGBANNER             00420dcd f LIBC:crt0msg.obj
 0001:0001fdf3       __NMSG_WRITE               00420df3 f LIBC:crt0msg.obj
 0001:0001fe4b       __flsbuf                   00420e4b f LIBC:_flsbuf.obj
 0001:0001ff74       __cintrindisp2             00420f74 f LIBC:87cdisp.obj
 0001:0001ffb2       __cintrindisp1             00420fb2 f LIBC:87cdisp.obj
 0001:0001ffe8       __ctrandisp2               00420fe8 f LIBC:87cdisp.obj
 0001:00020159       __ctrandisp1               00421159 f LIBC:87cdisp.obj
 0001:00020185       __fload                    00421185 f LIBC:87cdisp.obj
 0001:000201d5       __fFEXP                    004211d5   LIBC:87tran.obj
 0001:0002022c       __rtinfpopse               0042122c   LIBC:87tran.obj
 0001:0002022e       __rtinfnpopse              0042122e   LIBC:87tran.obj
 0001:0002023e       __fFLN                     0042123e   LIBC:87tran.obj
 0001:000202f3       __rtinfpop                 004212f3   LIBC:87tran.obj
 0001:000202f5       __rtinfnpop                004212f5   LIBC:87tran.obj
 0001:00020312       __ffexpm1                  00421312   LIBC:87tran.obj
 0001:000203bb       _fflush                    004213bb f LIBC:fflush.obj
 0001:00020407       __flush                    00421407 f LIBC:fflush.obj
 0001:00020469       __flushall                 00421469 f LIBC:fflush.obj
 0001:000204de       ___endstdio                004214de f LIBC:fflush.obj
 0001:000204f2       __isatty                   004214f2 f LIBC:isatty.obj
 0001:0002050c       _wctomb                    0042150c f LIBC:wctomb.obj
 0001:00020584       __aulldiv                  00421584 f LIBC:ulldiv.obj
 0001:000205e4       __aullrem                  004215e4 f LIBC:ullrem.obj
 0001:0002064e       _free                      0042164e f LIBC:free.obj
 0001:000206b6       __heap_abort               004216b6 f LIBC:hpabort.obj
 0001:000206c1       __heap_grow                004216c1 f LIBC:heapgrow.obj
 0001:000207aa       __heap_grow_region         004217aa f LIBC:heapgrow.obj
 0001:00020857       __heap_free_region         00421857 f LIBC:heapgrow.obj
 0001:00020891       __heap_search              00421891 f LIBC:heapsrch.obj
 0001:00020981       __control87                00421981 f LIBC:ieee87.obj
 0001:000209bc       __controlfp                004219bc f LIBC:ieee87.obj
 0001:00020af3       __fptrap                   00421af3 f LIBC:crt0fp.obj
 0001:00020afe       __isctype                  00421afe f LIBC:isctype.obj
 0001:00020b79       _tolower                   00421b79 f LIBC:tolower.obj
 0001:00020c68       __ZeroTail                 00421c68 f LIBC:intrncvt.obj
 0001:00020cc8       __IncMan                   00421cc8 f LIBC:intrncvt.obj
 0001:00020d29       __RoundMan                 00421d29 f LIBC:intrncvt.obj
 0001:00020dc6       __CopyMan                  00421dc6 f LIBC:intrncvt.obj
 0001:00020de3       __FillZeroMan              00421de3 f LIBC:intrncvt.obj
 0001:00020def       __IsZeroMan                00421def f LIBC:intrncvt.obj
 0001:00020e0d       __ShrMan                   00421e0d f LIBC:intrncvt.obj
 0001:00020eb8       __ld12cvt                  00421eb8 f LIBC:intrncvt.obj
 0001:00021054       __ld12tod                  00422054 f LIBC:intrncvt.obj
 0001:0002106a       __ld12tof                  0042206a f LIBC:intrncvt.obj
 0001:00021080       __atodbl                   00422080 f LIBC:intrncvt.obj
 0001:000210b1       __atoflt                   004220b1 f LIBC:intrncvt.obj
 0001:000210e2       __fptostr                  004220e2 f LIBC:_fptostr.obj
 0001:00021160       __fltout                   00422160 f LIBC:cfout.obj
 0001:000211c3       ___dtold                   004221c3 f LIBC:cfout.obj
 0001:0002127c       _memmove                   0042227c f LIBC:memmove.obj
 0001:000213ca       __write                    004223ca f LIBC:write.obj
 0001:00021563       __lseek                    00422563 f LIBC:lseek.obj
 0001:000215d8       __getbuf                   004225d8 f LIBC:_getbuf.obj
 0001:00021624       __trandisp1                00422624 f LIBC:87disp.obj
 0001:0002168b       __trandisp2                0042268b f LIBC:87disp.obj
 0001:00021717       __rttospopde               00422717   LIBC:87disp.obj
 0001:0002171c       __rttospop                 0042271c   LIBC:87disp.obj
 0001:0002171e       __rtnospop                 0042271e   LIBC:87disp.obj
 0001:00021720       __rttosnpop                00422720   LIBC:87disp.obj
 0001:00021721       __rtnospopde               00422721   LIBC:87disp.obj
 0001:00021728       __rtzeropop                00422728   LIBC:87disp.obj
 0001:0002172a       __rtzeronpop               0042272a   LIBC:87disp.obj
 0001:0002172f       __rtonepop                 0042272f   LIBC:87disp.obj
 0001:00021731       __rtonenpop                00422731   LIBC:87disp.obj
 0001:00021736       __tosnan1                  00422736   LIBC:87disp.obj
 0001:00021761       __nosnan2                  00422761   LIBC:87disp.obj
 0001:00021763       __tosnan2                  00422763   LIBC:87disp.obj
 0001:0002178b       __nan2                     0042278b   LIBC:87disp.obj
 0001:000217ca       __rtindfpop                004227ca   LIBC:87disp.obj
 0001:000217cc       __rtindfnpop               004227cc   LIBC:87disp.obj
 0001:000217dd       __rttosnpopde              004227dd   LIBC:87disp.obj
 0001:000217e7       __rtchsifneg               004227e7   LIBC:87disp.obj
 0001:000217ee       __87except                 004227ee f LIBC:87except.obj
 0001:000218f8       __powhlp                   004228f8 f LIBC:powhlp.obj
 0001:00021ae5       __d_inttype                00422ae5 f LIBC:powhlp.obj
 0001:00021b37       __commit                   00422b37 f LIBC:commit.obj
 0001:00021b84       __fcloseall                00422b84 f LIBC:closeall.obj
 0001:00021bb5       __heap_addblock            00422bb5 f LIBC:heapadd.obj
 0001:00021e6c       ___crtGetStringTypeA       00422e6c f LIBC:aw_str.obj
 0001:00021fca       ___crtLCMapStringA         00422fca f LIBC:aw_map.obj
 0001:000221fe       ___addl                    004231fe f LIBC:mantold.obj
 0001:00022221       ___add_12                  00423221 f LIBC:mantold.obj
 0001:0002227f       ___shl_12                  0042327f f LIBC:mantold.obj
 0001:000222bd       ___shr_12                  004232bd f LIBC:mantold.obj
 0001:000222f0       ___mtold12                 004232f0 f LIBC:mantold.obj
 0001:000223d4       ___strgtold12              004233d4 f LIBC:strgtold.obj
 0001:00022a13       _$I10_OUTPUT               00423a13 f LIBC:x10fout.obj
 0001:00022d49       __dosmaperr                00423d49 f LIBC:dosmap.obj
 0001:00022db2       __alloc_osfhnd             00423db2 f LIBC:osfinfo.obj
 0001:00022de8       __set_osfhnd               00423de8 f LIBC:osfinfo.obj
 0001:00022e52       __free_osfhnd              00423e52 f LIBC:osfinfo.obj
 0001:00022ebf       __get_osfhandle            00423ebf f LIBC:osfinfo.obj
 0001:00022ef7       __raise_exc                00423ef7 f LIBC:fpexcept.obj
 0001:00023209       __handle_exc               00424209 f LIBC:fpexcept.obj
 0001:00023461       __set_errno                00424461 f LIBC:fpexcept.obj
 0001:0002348d       __matherr                  0042448d f LIBC:matherr.obj
 0001:00023490       __statfp                   00424490 f LIBC:fpctrl.obj
 0001:000234a1       __clrfp                    004244a1 f LIBC:fpctrl.obj
 0001:000234b3       __ctrlfp                   004244b3 f LIBC:fpctrl.obj
 0001:000234e3       __set_statfp               004244e3 f LIBC:fpctrl.obj
 0001:0002353d       __set_exp                  0042453d f LIBC:util.obj
 0001:00023572       __decomp                   00424572 f LIBC:util.obj
 0001:00023640       __frnd                     00424640 f LIBC:frnd.obj
 0001:00023655       _fclose                    00424655 f LIBC:fclose.obj
 0001:000236b1       __heap_findaddr            004246b1 f LIBC:findaddr.obj
 0001:0002371b       _calloc                    0042471b f LIBC:calloc.obj
 0001:00023755       ___set_invalid_mb_chars    00424755 f LIBC:setmbval.obj
 0001:00023784       _strncpy                   00424784 f LIBC:strncpy.obj
 0001:000237a8       ___ld12mul                 004247a8 f LIBC:tenpow.obj
 0001:000239e8       ___multtenpow12            004249e8 f LIBC:tenpow.obj
 0001:00023a5d       __close                    00424a5d f LIBC:close.obj
 0001:00023af3       __freebuf                  00424af3 f LIBC:_freebuf.obj
 0001:00023b2c       _RtlUnwind@16              00424b2c   kernel32:KERNEL32.dll
 0001:00023bc5       _BrStdioOpenRead           00424bc5 f bren:stdfile.obj
 0001:00024049       _BrStdioPutLine            00425049 f bren:stdfile.obj
 0001:00025927       _FopRead_BOUNDS@16         00426927 f brfwmxr:fileops.obj
 0001:00025b9f       _BrModelLoadMany           00426b9f f brfwmxr:fileops.obj
 0001:00025ebe       _BrModelSaveMany           00426ebe f brfwmxr:fileops.obj
 0001:00025f86       _BrActorLoadMany           00426f86 f brfwmxr:fileops.obj
 0001:000261b8       _BrActorSaveMany           004271b8 f brfwmxr:fileops.obj
 0001:00026247       _BrMaterialLoadMany        00427247 f brfwmxr:fileops.obj
 0001:00026389       _BrMaterialSaveMany        00427389 f brfwmxr:fileops.obj
 0001:00026447       _BrPixelmapLoadMany        00427447 f brfwmxr:fileops.obj
 0001:00026539       _BrPixelmapSaveMany        00427539 f brfwmxr:fileops.obj
 0001:000265c8       _BrModelLoad               004275c8 f brfwmxr:fileops.obj
 0001:00026600       _BrModelSave               00427600 f brfwmxr:fileops.obj
 0001:00026622       _BrMaterialLoad            00427622 f brfwmxr:fileops.obj
 0001:0002665a       _BrMaterialSave            0042765a f brfwmxr:fileops.obj
 0001:0002667c       _BrPixelmapLoad            0042767c f brfwmxr:fileops.obj
 0001:000266b4       _BrPixelmapSave            004276b4 f brfwmxr:fileops.obj
 0001:000266d6       _BrActorLoad               004276d6 f brfwmxr:fileops.obj
 0001:0002670e       _BrActorSave               0042770e f brfwmxr:fileops.obj
 0001:00026730       _BrActorEnum               00427730 f brfwmxr:actsupt.obj
 0001:0002678e       _BrActorSearchMany         0042778e f brfwmxr:actsupt.obj
 0001:000268aa       _BrActorSearch             004278aa f brfwmxr:actsupt.obj
 0001:00026938       _BrActorAdd                00427938 f brfwmxr:actsupt.obj
 0001:000269ba       _BrActorRemove             004279ba f brfwmxr:actsupt.obj
 0001:00026a1f       _BrActorRelink             00427a1f f brfwmxr:actsupt.obj
 0001:00026a81       _BrActorAllocate           00427a81 f brfwmxr:actsupt.obj
 0001:00026c65       _BrActorFree               00427c65 f brfwmxr:actsupt.obj
 0001:00026c79       _BrActorToRoot@12          00427c79 f brfwmxr:actsupt.obj
 0001:00026d32       _BrCameraToScreenMatrix4@8 00427d32 f brfwmxr:actsupt.obj
 0001:00026e91       _BrVector3EyeInModel@4     00427e91 f brfwmxr:actsupt.obj
 0001:00026f12       _BrActorToActorMatrix34    00427f12 f brfwmxr:actsupt.obj
 0001:000272a9       _BrActorToScreenMatrix4    004282a9 f brfwmxr:actsupt.obj
 0001:0002753e       _BrActorToBounds           0042853e f brfwmxr:actsupt.obj
 0001:0002764c       _BrBoundsToMatrix34        0042864c f brfwmxr:actsupt.obj
 0001:00027750       _SurfacePerScene@8         00428750 f brfwmxr:surface.obj
 0001:00027e28       _SurfacePerModel@0         00428e28 f brfwmxr:surface.obj
 0001:0002829b       _Surface_Null@8            0042929b f brfwmxr:surface.obj
 0001:000282a8       _FaceSurface_Null@8        004292a8 f brfwmxr:surface.obj
 0001:000282b5       _SurfacePerMaterial@4      004292b5 f brfwmxr:surface.obj
 0001:00028650       _BrLightEnable             00429650 f brfwmxr:surface.obj
 0001:000286e2       _BrLightDisable            004296e2 f brfwmxr:surface.obj
 0001:00028734       _BrClipPlaneEnable         00429734 f brfwmxr:surface.obj
 0001:000287c6       _BrClipPlaneDisable        004297c6 f brfwmxr:surface.obj
 0001:00028818       _CopyComponents            00429818 f brfwmxr:surface.obj
 0001:000288b0       _BrSceneModelLight         004298b0 f brfwmxr:prelight.obj
 0001:00028a70       _DfPush@12                 00429a70 f brfwmxr:datafile.obj
 0001:00028ad9       _DfPop@8                   00429ad9 f brfwmxr:datafile.obj
 0001:00028b71       _DfTop@8                   00429b71 f brfwmxr:datafile.obj
 0001:00028c06       _DfTopType@0               00429c06 f brfwmxr:datafile.obj
 0001:0002a71f       _DfStructWriteArray@16     0042b71f f brfwmxr:datafile.obj
 0001:0002a77b       _DfStructReadArray@16      0042b77b f brfwmxr:datafile.obj
 0001:0002ab6f       _DfCountSizeText@4         0042bb6f f brfwmxr:datafile.obj
 0001:0002b45c       _DfChunksInterpret@8       0042c45c f brfwmxr:datafile.obj
 0001:0002b5d9       _DfOpen@8                  0042c5d9 f brfwmxr:datafile.obj
 0001:0002b6f3       _DfClose@4                 0042c6f3 f brfwmxr:datafile.obj
 0001:0002b749       _BrWriteModeSet            0042c749 f brfwmxr:datafile.obj
 0001:0002b770       _BrTransformToMatrix34     0042c770 f brfwmxr:transfrm.obj
 0001:0002bb2f       _BrMatrix34PreTransform    0042cb2f f brfwmxr:transfrm.obj
 0001:0002bb76       _BrMatrix34PostTransform   0042cb76 f brfwmxr:transfrm.obj
 0001:0002bbbd       _BrMatrix4PreTransform     0042cbbd f brfwmxr:transfrm.obj
 0001:0002bc04       _BrMatrix34ToTransform     0042cc04 f brfwmxr:transfrm.obj
 0001:0002bdd2       _BrTransformToTransform    0042cdd2 f brfwmxr:transfrm.obj
 0001:0002be90       _BrMatrix4Copy             0042ce90 f brfwmxr:matrix4.obj
 0001:0002bf59       _BrMatrix4Mul              0042cf59 f brfwmxr:matrix4.obj
 0001:0002c3bb       _BrMatrix4Identity         0042d3bb f brfwmxr:matrix4.obj
 0001:0002c465       _BrMatrix4Scale            0042d465 f brfwmxr:matrix4.obj
 0001:0002c50c       _BrMatrix4Inverse          0042d50c f brfwmxr:matrix4.obj
 0001:0002c652       _BrMatrix4Determinant      0042d652 f brfwmxr:matrix4.obj
 0001:0002c7b8       _BrMatrix4Adjoint          0042d7b8 f brfwmxr:matrix4.obj
 0001:0002cb54       _BrMatrix4Perspective      0042db54 f brfwmxr:matrix4.obj
 0001:0002cc6a       _BrMatrix4Apply            0042dc6a f brfwmxr:matrix4.obj
 0001:0002cd87       _BrMatrix4ApplyP           0042dd87 f brfwmxr:matrix4.obj
 0001:0002ce8c       _BrMatrix4ApplyV           0042de8c f brfwmxr:matrix4.obj
 0001:0002cf71       _BrMatrix4TApply           0042df71 f brfwmxr:matrix4.obj
 0001:0002d08e       _BrMatrix4TApplyP          0042e08e f brfwmxr:matrix4.obj
 0001:0002d193       _BrMatrix4TApplyV          0042e193 f brfwmxr:matrix4.obj
 0001:0002d278       _BrMatrix4Copy34           0042e278 f brfwmxr:matrix4.obj
 0001:0002d339       _BrMatrix4Pre34            0042e339 f brfwmxr:matrix4.obj
 0001:0002d660       _LightingIndex_1MD         0042e660 f brfwmxr:light8o.obj
 0001:0002d819       _LightingIndex_1MDT        0042e819 f brfwmxr:light8o.obj
 0001:0002da40       _LightingFaceIndex         0042ea40 f brfwmxr:light8.obj
 0001:0002dac5       _LightingIndexCopyMaterial 0042eac5 f brfwmxr:light8.obj
 0001:0002dae6       _LightingIndexCopyVertex   0042eae6 f brfwmxr:light8.obj
 0001:0002db28       _LightingIndex             0042eb28 f brfwmxr:light8.obj
 0001:0002dd57       _LightingIndex_Null@16     0042ed57 f brfwmxr:light8.obj
 0001:0002dd6d       _LightingIndex_Dirn@16     0042ed6d f brfwmxr:light8.obj
 0001:0002dea2       _LightingIndex_Point@16    0042eea2 f brfwmxr:light8.obj
 0001:0002e108       _LightingIndex_PointAttn@16 0042f108 f brfwmxr:light8.obj
 0001:0002e3db       _LightingIndex_Spot@16     0042f3db f brfwmxr:light8.obj
 0001:0002e6cb       _LightingIndex_SpotAttn@16 0042f6cb f brfwmxr:light8.obj
 0001:0002ea40       _LightingColour_1MD        0042fa40 f brfwmxr:light24o.obj
 0001:0002ea5f       _LightingColour_1MDT       0042fa5f f brfwmxr:light24o.obj
 0001:0002eae0       _LightingFaceColour        0042fae0 f brfwmxr:light24.obj
 0001:0002eb91       _LightingColourCopyMaterial 0042fb91 f brfwmxr:light24.obj
 0001:0002ebe4       _LightingColourCopyVertex  0042fbe4 f brfwmxr:light24.obj
 0001:0002ec2b       _LightingColour            0042fc2b f brfwmxr:light24.obj
 0001:0002ef9a       _LightingColour_Null@16    0042ff9a f brfwmxr:light24.obj
 0001:0002efc9       _LightingColour_Dirn@16    0042ffc9 f brfwmxr:light24.obj
 0001:0002f214       _LightingColour_Point@16   00430214 f brfwmxr:light24.obj
 0001:0002f5a5       _LightingColour_PointAttn@16 004305a5 f brfwmxr:light24.obj
 0001:0002f9b7       _LightingColour_Spot@16    004309b7 f brfwmxr:light24.obj
 0001:0002fe32       _LightingColour_SpotAttn@16 00430e32 f brfwmxr:light24.obj
 0001:00030360       _BrEnvironmentSet          00431360 f brfwmxr:envmap.obj
 0001:00030386       _MapEnvironmentInfinite2D  00431386 f brfwmxr:envmap.obj
 0001:0003059e       _MapEnvironmentLocal2D     0043159e f brfwmxr:envmap.obj
 0001:00030853       _MapFromVertex             00431853 f brfwmxr:envmap.obj
 0001:000308d3       _MapFromVertexOnly         004318d3 f brfwmxr:envmap.obj
 0001:00030940       _BrSwap32                  00431940 f brfwmxr:bswap.obj
 0001:0003099e       _BrSwap16                  0043199e f brfwmxr:bswap.obj
 0001:000309de       _BrSwapFloat               004319de f brfwmxr:bswap.obj
 0001:00030a3c       _BrSwapBlock               00431a3c f brfwmxr:bswap.obj
 0001:00030e40       _BrEulerToMatrix34         00431e40 f brfwmxr:angles.obj
 0001:000312a4       _BrMatrix34ToEuler         004322a4 f brfwmxr:angles.obj
 0001:0003164a       _BrEulerToMatrix4          0043264a f brfwmxr:angles.obj
 0001:00031680       _BrMatrix4ToEuler          00432680 f brfwmxr:angles.obj
 0001:000316b3       _BrEulerToQuat             004326b3 f brfwmxr:angles.obj
 0001:000319a2       _BrQuatToEuler             004329a2 f brfwmxr:angles.obj
 0001:000319e0       _BrQuatMul                 004329e0 f brfwmxr:quat.obj
 0001:00031b6c       _BrQuatNormalise           00432b6c f brfwmxr:quat.obj
 0001:00031c18       _BrQuatInvert              00432c18 f brfwmxr:quat.obj
 0001:00031c5f       _BrQuatSlerp               00432c5f f brfwmxr:quat.obj
 0001:00031e51       _BrQuatToMatrix34          00432e51 f brfwmxr:quat.obj
 0001:00031fe8       _BrMatrix34ToQuat          00432fe8 f brfwmxr:quat.obj
 0001:0003224a       _BrQuatToMatrix4           0043324a f brfwmxr:quat.obj
 0001:00032280       _BrMatrix4ToQuat           00433280 f brfwmxr:quat.obj
 0001:000322c0       _BrZbModelRender           004332c0 f brzbmxr:zbrendr.obj
 0001:00032bc7       _BrZbSceneRenderBegin      00433bc7 f brzbmxr:zbrendr.obj
 0001:00032ec1       _BrZbSceneRenderAdd        00433ec1 f brzbmxr:zbrendr.obj
 0001:00032ee3       _BrZbSceneRenderEnd        00433ee3 f brzbmxr:zbrendr.obj
 0001:00032ef8       _BrZbSceneRender           00433ef8 f brzbmxr:zbrendr.obj
 0001:00032f39       _BrZbSetRenderBoundsCallback 00433f39 f brzbmxr:zbrendr.obj
 0001:0003311e       _ZbBoundingBoxRenderPoints@20 0043411e f brzbmxr:bbox.obj
 0001:0003314d       _ZbBoundingBoxRenderEdges@20 0043414d f brzbmxr:bbox.obj
 0001:0003317c       _ZbBoundingBoxRenderFaces@20 0043417c f brzbmxr:bbox.obj
 0001:00034375       _ZbMeshRenderEdges@20      00435375 f brzbmxr:zbmeshe.obj
 0001:00034bae       _ZbMeshRenderPoints@20     00435bae f brzbmxr:zbmeshp.obj
 0001:00034f77       _ZbFindVisibleFaces@0      00435f77 f brzbmxr:zbmesh.obj
 0001:000352e2       _ZbFindVisibleFacesPar@0   004362e2 f brzbmxr:zbmesh.obj
 0001:00035645       _ZbTransformVertices@0     00436645 f brzbmxr:zbmesh.obj
 0001:00036036       _ZbRenderFaceGroup         00437036 f brzbmxr:zbmesh.obj
 0001:00036453       _ZbRenderFaceGroup_FaceI   00437453 f brzbmxr:zbmesh.obj
 0001:000368a4       _ZbRenderFaceGroup_FaceIV  004378a4 f brzbmxr:zbmesh.obj
 0001:00036e3a       _ZbRenderFaceGroup_FaceRGB 00437e3a f brzbmxr:zbmesh.obj
 0001:00038649       _ZbMeshRender@20           00439649 f brzbmxr:zbmesh.obj
 0001:00038a1e       _ZbScratchShrink@0         00439a1e f brzbmxr:zbmesh.obj
 0001:00038a30       _BrZbBegin                 00439a30 f brzbmxr:zbsetup.obj
 0001:00038b16       _BrZbEnd                   00439b16 f brzbmxr:zbsetup.obj
 0001:00038b50       _TriangleRender_Null       00439b50 f brzbmxr:zbsetup.obj
 0001:00038b5b       _LineRender_Null           00439b5b f brzbmxr:zbsetup.obj
 0001:00038b66       _PointRender_Null          00439b66 f brzbmxr:zbsetup.obj
 0001:00039426       _ZbFaceClip@16             0043a426 f brzbmxr:zbclip.obj
 0001:00039725       _ZbTempClip@16             0043a725 f brzbmxr:zbclip.obj
 0001:00039a10       _ZbOSFFVGroupCulled_A      0043aa10   brzbmxr:mesh386.obj
 0001:00039acd       _ZbOSFFVGroupCulledLit_A   0043aacd   brzbmxr:mesh386.obj
 0001:00039bb5       _ZbOSCopyModelToScreen_A   0043abb5   brzbmxr:mesh386.obj
 0001:00039c9e       _ZbOSTVGroup_A             0043ac9e   brzbmxr:mesh386.obj
 0001:00039dbd       _ZbOSTVGroupBC_A           0043adbd   brzbmxr:mesh386.obj
 0001:00039f10       _ZbOSTVGroupLit_A          0043af10   brzbmxr:mesh386.obj
 0001:0003a042       _ZbOSTVGroupLitBC_A        0043b042   brzbmxr:mesh386.obj
 0001:0003a1b0       _PointRenderPIZ2           0043b1b0 f brzbmxr:p_piz.obj
 0001:0003a28e       _PointRenderPIZ2TI         0043b28e f brzbmxr:p_piz.obj
 0001:0003a432       _PointRenderPIZ2T          0043b432 f brzbmxr:p_piz.obj
 0001:0003a5b5       _PointRenderPIZ2_Generic_RGB_888 0043b5b5 f brzbmxr:p_piz.obj
 0001:0003a822       _PointRenderPIZ2_RGB_888   0043b822 f brzbmxr:p_piz.obj
 0001:0003a83b       _PointRenderPIZ2T_RGB_888  0043b83b f brzbmxr:p_piz.obj
 0001:0003a854       _PointRenderPIZ2_Generic_RGB_555 0043b854 f brzbmxr:p_piz.obj
 0001:0003aa79       _PointRenderPIZ2_RGB_555   0043ba79 f brzbmxr:p_piz.obj
 0001:0003aa92       _PointRenderPIZ2T_RGB_555  0043ba92 f brzbmxr:p_piz.obj
 0001:0003aab0       _LineRenderPIZ2I           0043bab0 f brzbmxr:l_piz.obj
 0001:0003af88       _LineRenderPIZ2TI          0043bf88 f brzbmxr:l_piz.obj
 0001:0003b759       _LineRenderPIZ2T           0043c759 f brzbmxr:l_piz.obj
 0001:0003be94       _LineRenderPIZ2T_RGB_888   0043ce94 f brzbmxr:l_piz.obj
 0001:0003c66a       _LineRenderPIZ2I_RGB_888   0043d66a f brzbmxr:l_piz.obj
 0001:0003cc57       _LineRenderPIZ2T_RGB_555   0043dc57 f brzbmxr:l_piz.obj
 0001:0003d3af       _LineRenderPIZ2I_RGB_555   0043e3af f brzbmxr:l_piz.obj
 0001:0003d9a8       _TriangleRenderPIZ2I       0043e9a8   brzbmxr:ti8_piz.obj
 0001:0003d9c9       _RawTriangle_PIZ2I         0043e9c9   brzbmxr:ti8_piz.obj
 0001:0003e180       _TriangleRenderPIZ2TIA     0043f180 f brzbmxr:awtmz.obj
 0001:0003ecb8       _TriangleRenderPIZ2TIANT   0043fcb8 f brzbmxr:awtmz.obj
 0001:0003f7f0       _ZbMaterialUpdate@8        004407f0 f brzbmxr:zbmatl.obj
 0001:0003fba0       _TrapezoidRenderPIZ2TIA    00440ba0   brzbmxr:t_piza.obj
 0001:0003ffa8       __sar16                    00440fa8   brzbmxr:sar16.obj
 0001:0003ffb0       _SafeFixedMac2Div          00440fb0   brzbmxr:safediv.obj
 0001:00040001       _SafeFixedMac3Div          00441001   brzbmxr:safediv.obj
 0001:0004005c       _TrapezoidRenderPIZ2TIANT  0044105c   brzbmxr:t_piza2.obj
 0001:00040454       _freopen                   00441454 f LIBC:freopen.obj
 0001:0004048a       _fread                     0044148a f LIBC:fread.obj
 0001:000405c1       __fsopen                   004415c1 f LIBC:fopen.obj
 0001:000405e4       _fopen                     004415e4 f LIBC:fopen.obj
 0001:000405f7       _getenv                    004415f7 f LIBC:getenv.obj
 0001:00040684       _strchr                    00441684 f LIBC:strchr.obj
 0001:000406a9       __filbuf                   004416a9 f LIBC:_filbuf.obj
 0001:0004076c       _fwrite                    0044176c f LIBC:fwrite.obj
 0001:000408c1       _fgets                     004418c1 f LIBC:fgets.obj
 0001:0004091c       _fputs                     0044191c f LIBC:fputs.obj
 0001:0004096e       _fseek                     0044196e f LIBC:fseek.obj
 0001:00040a04       _strcmp                    00441a04 f LIBC:strcmp.obj
 0001:00040a88       _atof                      00441a88 f LIBC:atof.obj
 0001:00040d0e       _strtol                    00441d0e f LIBC:strtol.obj
 0001:00040d25       _strtoul                   00441d25 f LIBC:strtol.obj
 0001:00040d3c       _memcpy                    00441d3c f LIBC:memcpy.obj
 0001:00040e8c       _memcmp                    00441e8c f LIBC:memcmp.obj
 0001:00040eab       __openfile                 00441eab f LIBC:_open.obj
 0001:00041046       __read                     00442046 f LIBC:read.obj
 0001:00041240       __getstream                00442240 f LIBC:stream.obj
 0001:0004127d       __mbsnbicoll               0044227d f LIBC:mbsnbico.obj
 0001:0004144b       ___wtomb_environ           0044244b f LIBC:wtombenv.obj
 0001:000414ca       _ftell                     004424ca f LIBC:ftell.obj
 0001:00041602       __fltin                    00442602 f LIBC:cfin.obj
 0001:000416a3       _toupper                   004426a3 f LIBC:toupper.obj
 0001:00041792       __sopen                    00442792 f LIBC:open.obj
 0001:00041ad9       ___set_fcntrlcomp          00442ad9 f LIBC:setfcntr.obj
 0001:00041b3f       ___crtCompareStringA       00442b3f f LIBC:aw_cmp.obj
 0001:00041d78       ___crtsetenv               00442d78 f LIBC:setenv.obj
 0001:00042042       __chsize                   00443042 f LIBC:chsize.obj
 0001:00042176       __mbschr                   00443176 f LIBC:mbschr.obj
 0001:000421f8       __strdup                   004431f8 f LIBC:strdup.obj
 0001:0004221e       __setmode                  0044321e f LIBC:setmode.obj
 0001:00042298       __chkstk                   00443298   LIBC:chkstk.obj
 0001:00042298       __alloca_probe             00443298   LIBC:chkstk.obj
[...]
 0001:00025c3d       _PtrCompare                00426c3d f brfwmxr:fileops.obj
 0001:00025c57       _WriteModel                00426c57 f brfwmxr:fileops.obj
 0001:00026024       _WriteActor@8              00427024 f brfwmxr:fileops.obj
 0001:000262e5       _WriteMaterial             004272e5 f brfwmxr:fileops.obj
 0001:000264e5       _WritePixelmap@8           004274e5 f brfwmxr:fileops.obj
 0001:0001b3e0       _swap_chars@12             0041c3e0 f brfwmxr:brqsort.obj
 0001:0001b419       _swap_ints@12              0041c419 f brfwmxr:brqsort.obj
 0001:0001b460       _swap_int_1@12             0041c460 f brfwmxr:brqsort.obj
 0001:00015210       _FwAddEdge@8               00416210 f brfwmxr:prepmesh.obj
 0001:000152f4       _FacesCompare              004162f4 f brfwmxr:prepmesh.obj
 0001:00015351       _TVCompare_XYZ             00416351 f brfwmxr:prepmesh.obj
 0001:000153fd       _TVCompare_MXYZUVN         004163fd f brfwmxr:prepmesh.obj
 0001:000155ae       _TVCompare_MVN             004165ae f brfwmxr:prepmesh.obj
 0001:000156a5       _PlaneEqn@20               004166a5 f brfwmxr:prepmesh.obj
 0001:00015919       _PrepareFaceNormals@4      00416919 f brfwmxr:prepmesh.obj
 0001:000159b3       _PrepareFaceNormalsFast@4  004169b3 f brfwmxr:prepmesh.obj
 0001:00015a4d       _PrepareVertexNormalsFast@4 00416a4d f brfwmxr:prepmesh.obj
 0001:00015cd0       _PrepareFaces@4            00416cd0 f brfwmxr:prepmesh.obj
 0001:00015f3a       _PrepareFacesFast@4        00416f3a f brfwmxr:prepmesh.obj
 0001:0001601e       _PrepareFaceGroups@4       0041701e f brfwmxr:prepmesh.obj
 0001:000161f9       _AccumulateSmoothing@8     004171f9 f brfwmxr:prepmesh.obj
 0001:00016d3f       _PrepareVertexGroups@8     00417d3f f brfwmxr:prepmesh.obj
 0001:00016fc8       _PrepareBoundingRadius@4   00417fc8 f brfwmxr:prepmesh.obj
 0001:00017058       _PrepareBoundingBox@4      00418058 f brfwmxr:prepmesh.obj
 0001:00010450       _ResToUser@4               00411450 f brfwmxr:resource.obj
 0001:0001046f       _UserToRes@4               0041146f f brfwmxr:resource.obj
 0001:0001055f       _BrResInternalFree@4       0041155f f brfwmxr:resource.obj
 0001:00010717       _ResSizeTotal              00411717 f brfwmxr:resource.obj
 0001:0003fa75       _PixelmapHasZeros@4        00440a75 f brzbmxr:zbmatl.obj
 0001:00038b80       _ZbClipFaceToPlane@20      00439b80 f brzbmxr:zbclip.obj
 0001:00038ddd       _ZbClipFaceToPlus1@20      00439ddd f brzbmxr:zbclip.obj
 0001:00038ff8       _ZbClipFaceToMinus1@20     00439ff8 f brzbmxr:zbclip.obj
 0001:0003921b       _ZbClipFaceToZero@20       0043a21b f brzbmxr:zbclip.obj
 0001:00034f20       _ClearDirections@0         00435f20 f brzbmxr:zbmesh.obj
 0001:000358e7       _ZbFindFacesAndVertices@0  004368e7 f brzbmxr:zbmesh.obj
 0001:00035b48       _ZbFaceRender@8            00436b48 f brzbmxr:zbmesh.obj
 0001:00035f15       _ZbRenderFaces@0           00436f15 f brzbmxr:zbmesh.obj
 0001:00037318       _ZbFindVertexParameters@0  00438318 f brzbmxr:zbmesh.obj
 0001:000375a2       _ZbOnScreenFindFacesVerts@0 004385a2 f brzbmxr:zbmesh.obj
 0001:00037b4f       _ZbOnScreenFindFacesVertsPar@0 00438b4f f brzbmxr:zbmesh.obj
 0001:000380e4       _ZbOnScreenTransformVertices@0 004390e4 f brzbmxr:zbmesh.obj
 0001:000346e0       _ZbPointsRender@0          004356e0 f brzbmxr:zbmeshp.obj
 0001:0003484d       _ZbPointFindVertexParameters@0 0043584d f brzbmxr:zbmeshp.obj
 0001:000349f5       _ZbPointFindFacesAndVertices@0 004359f5 f brzbmxr:zbmeshp.obj
 0001:000331b0       _ClipLineToPlane@16        004341b0 f brzbmxr:zbmeshe.obj
 0001:000333c9       _ZbEdgeFindVisibleFaces@0  004343c9 f brzbmxr:zbmeshe.obj
 0001:00033995       _ZbEdgeFindEdgesAndVertices@0 00434995 f brzbmxr:zbmeshe.obj
 0001:00033aa6       _ZbEdgeFindVertexParameters@0 00434aa6 f brzbmxr:zbmeshe.obj
 0001:00033c4f       _ZbLineClipRender@16       00434c4f f brzbmxr:zbmeshe.obj
 0001:000341b4       _ZbRenderEdges@0           004351b4 f brzbmxr:zbmeshe.obj
 0001:00032f60       _ZbMakeMeshFromBounds@4    00433f60 f brzbmxr:bbox.obj
 0001:00032341       _ZbActorRender@16          00433341 f brzbmxr:zbrendr.obj
 0001:000328bb       _ZbActorRenderOnScreen@16  004338bb f brzbmxr:zbrendr.obj
 0001:00032f2c       _ZbNullRender@20           00433f2c f brzbmxr:zbrendr.obj
 0001:0001d890       _$$1000                    0041e890 f engine:modl.obj
 0001:0001db70       _$$0400                    0041eb70 f engine:modl.obj
 0001:0001dba0       _$$8000                    0041eba0 f engine:modl.obj
 0001:0001dc30       _$$6300                    0041ec30 f engine:modl.obj
 0001:0001d1d0       _$$1000                    0041e1d0 f engine:tdf.obj
 0001:0001d1e0       _$$0400                    0041e1e0 f engine:tdf.obj
 0001:0001d1f0       _$$8000                    0041e1f0 f engine:tdf.obj
 0001:0001d280       _$$6300                    0041e280 f engine:tdf.obj
 0001:00041f75       _findenv                   00442f75 f LIBC:setenv.obj
 0001:00041fd2       _copy_environ              00442fd2 f LIBC:setenv.obj
 0001:00041b13       _strncnt                   00442b13 f LIBC:aw_cmp.obj
 0001:00040ae4       _strtoxl                   00441ae4 f LIBC:strtol.obj
 0001:00021e03       __before                   00422e03 f LIBC:heapadd.obj
 0001:000209d3       __abstract_cw              004219d3 f LIBC:ieee87.obj
 0001:00020a66       __hw_cw                    00421a66 f LIBC:ieee87.obj
 0001:00020726       __heap_new_region          00421726 f LIBC:heapgrow.obj
 0001:00020474       _flsall                    00421474 f LIBC:fflush.obj
 0001:0001fc81       __heap_grow_emptylist      00420c81 f LIBC:heapinit.obj
 0001:0001f935       _getSystemCP               00420935 f LIBC:mbctype.obj
 0001:0001f970       _CPtoLCID                  00420970 f LIBC:mbctype.obj
 0001:0001f9af       _setSBCS                   004209af f LIBC:mbctype.obj
 0001:0001f76b       _parse_cmdline             0042076b f LIBC:stdargv.obj
 0001:0001f5dd       _xcptlookup                004205dd f LIBC:winxfltr.obj
 0001:0001f3e0       __unwind_handler           004203e0 f LIBC:exsup.obj
 0001:0001f157       __cftoe_g                  00420157 f LIBC:cvt.obj
 0001:0001f278       __cftof_g                  00420278 f LIBC:cvt.obj
 0001:0001f394       __shift                    00420394 f LIBC:cvt.obj
 0001:0001ed79       __heap_expand_block        0041fd79 f LIBC:realloc.obj
 0001:0001ebe4       _doexit                    0041fbe4 f LIBC:crt0dat.obj
 0001:0001ec63       __initterm                 0041fc63 f LIBC:crt0dat.obj
 0001:0001eab7       _write_char                0041fab7 f LIBC:output.obj
 0001:0001eaf7       _write_multi_char          0041faf7 f LIBC:output.obj
 0001:0001eb28       _write_string              0041fb28 f LIBC:output.obj
 0001:0001eb5f       _get_int_arg               0041fb5f f LIBC:output.obj
 0001:0001eb6e       _get_int64_arg             0041fb6e f LIBC:output.obj
 0001:0001eb82       _get_short_arg             0041fb82 f LIBC:output.obj

FIXUPS: 1ef07 9 15 f 1f 9 fffffef5 ffffffbb 5 ffffff1b 1e 12 44 13 13 ffffff32
FIXUPS: 1ed0c c ab9 ff 96 14 1c 2d 16 1d 1b cb 3a 37 fffff662 45 46 29
FIXUPS: 1f177 20 ffffff77 a 18 a ffffffc0 a ffffffbf 20 fffffdd2 c 5 10
FIXUPS: 1eee6 5 f5c 3d 55 fffffdbe 16 33 1f d 23 23 fffffe56 12 11 11 5d
FIXUPS: 1fc4b fffff725 4c 9b 1d 6d 10 6b 4f 24 6b 6a 30 14 16 11 ab e9c
FIXUPS: 20680 11 fffffdf5 ffffff4e fffffb47 21 c1 1c 48 13 31 ca 5a 28
FIXUPS: 20210 17 30 35 1d 36 47 11 2c 16 13 29 fffffb53 fffffee9 2d f e
FIXUPS: 212c0 2f b2 15 fffffbda 3d 49 132 31 fffffdf6 ffffff4a d 2b 1a
FIXUPS: 20f2a fffffea9 18 ffffff70 d 35 25 ffffff1f fffffcff b8 78 44 10
FIXUPS: 20714 12 10 19 fffffef2 1558 3e 65 ffffff21 ffffff99 fffffe9a 17
FIXUPS: 219cb fffffd3d c 75 d 96 d c 32 fffffe42 ffffffae fffffd60 b 21
FIXUPS: 21435 37 2f 19 2b e fffffd19 1d 5 55 3c 160b 18 e fffffcff ffffffaf
FIXUPS: 225be fffffe65 f3 fffffc5a 1a fffffb77 17 67 e 177 1a 1d 12 1f
FIXUPS: 21f8c d f 13 17 13 22 5b 16 22 f 22 f 124b 9 e 9 29 4d fffffd19
FIXUPS: 2314c 9 1d 73 9 fffffd86 26 1f fffffc19 10 10 18 a1 3e 24 d 41
FIXUPS: 22d8f fffffe08 ffffffb7 ffffff00 a4 22 fffffd28 78 1dc4 b 1b ffffff68
FIXUPS: 24622 fffff9ea 133 ef 21 26 10d aa 1f fffff77a 1a 65 1d 2b c 10
FIXUPS: 23cb4 fffff8cd c5 92 10e 49 c6 4f fffff8ed 14 18 18 1e73c 2f ffffff5a
FIXUPS: 41949 e ffffff9c ffffff09 2d 32 fffffe82 18 ffffff1a 50 ffffff63
FIXUPS: 415dc 13 ffffff4f 1a ffffff09 20 fffe3686 ffffff8c c d 20 d fffffddc
FIXUPS: 248fc 3e 110 fffffcde ffffff45 1e3c8 1c 1a 14 e 14 e fffffc14 3e
FIXUPS: 42766 fffffeb8 2c fffffea2 ab 2e fffffeb5 28 fffffe0f bd 21 fffffd74
FIXUPS: 421fe fffffe14 fffffaf8 c9 38 24 ee 17 fffffd6e 35 fffffec5 1745
FIXUPS: 4310e 10 9 37 fffffc31 3a 2a 27 2b 2a 39 2d 37 4d 3a 6c 12 14 fffffb8d
FIXUPS: 42bc9 ca 57 40 9 10 9 fffffda2 fffffe6f 51 2b 29 fffdb606 46 3a
FIXUPS: 1e119 1b 21 e a 9 16 a 21 2a 5 5 9d 12 b 12 21 12 b 12 1c 24ede
FIXUPS: 43209 c ffffff76 fffffec0 2e 19 31 fffdb82b a 4a 19 27 c a 40 8c
FIXUPS: 1ea7f 1d e 16 b1 5 5 9 d a7 12 b 12 21 12 b 12 1c fffff24a 23 4c
FIXUPS: 1dfa7 37 435 19 16 d 2d 20 d 9 d 16 40 9 1b 25 28 2f 25 15 2b 27
FIXUPS: 1e666 14 2c 2d 34 27 34 4d 49 7a 43 d 14fb6 133 3b 97 1a 1c 1d
FIXUPS: 33aea 27 33 3b a1 95 8c 6b 2e 3d 33 1e 1a 1c 1a 22 35 c 8 fffea432
FIXUPS: 1e366 22 d 27 14 1711a 2e 5 2d 5 5 5 5 9 ffffebd1 a 25 a 25 a fffff286
FIXUPS: 33459 14 26 4b 97 92 1a 1c 1d 1a 27 28 33 14 59 4b 253a 2e 5 3a
FIXUPS: 35d5f 28 5 5 5 9 ffffe452 44 56 64 4d 64 36c 48 413 170 4f 4f 4f
FIXUPS: 34e13 4f 8a 79 48 44 34d d9 b5 3e71 20 124 33 4f 5c 4f 144 b2 12
FIXUPS: 397e0 13 17 19 15 17 17 30 44 a 28 5 17 a 28 5 5 5 9 ffffbf9b 328
FIXUPS: 35cca 1714 23 89 349 30 1f 30 4c7 23 89 23 401 5f 1f 5f 102 26c
FIXUPS: 38665 69 2ff 100 114 31 69 2ef fc 163 7c 39 39 39 2a 154b 4a 4a
FIXUPS: 3a943 84 fffff0e3 21 2c 13 26 14 ffffc4c6 70 1e3 118 70 1df f4
FIXUPS: 367da 43 23 20 155 1da 34 30 1c6 29 26 265 32f 23 74dd ffffcf93
FIXUPS: 3b848 23e 19 ffffe141 6c 45 64 51 64 e2 64 61 64 f6 64 63 64 e8
FIXUPS: 3a322 5f 64 104 4a 4a 4a 4a 4a 84 f2 4a 2205 1f 296 1f 1f 42b 1f
FIXUPS: 3d17c 2e4 1f 1f 410 1f 1f 1f 1e9 1f 1f 1f 3b0 1f 1f 2a5 1f 1f 3d1
FIXUPS: 3e612 1f 1f 1ef 1f 1f 1ba5 22 22 1b 1b 85 1a 1a 1c 15 15 c8 28
FIXUPS: 406aa 4e 2a 21 63 41 ffffb4e7 1f 19f 1f 39a 1f 1f 1f 2bc 1f 1f
FIXUPS: 3c5bb 446 2fe8 1a 1a 1c 15 15 c8 28 1f 4e 2a 21 63 41 140 12 11
FIXUPS: 3fe24 11 12 d3 5d cd d2 27 88 27 88 27 88 27 b6 fffcffd9 17 5b
FIXUPS: 1045f 30436 40 20 169 41 ffffe818 12 11 12 11 12 d3 5d cd d2 27
FIXUPS: 3f68d 27 88 27 88 27 b6 22 22 22 1b 1b fffd1ce4 c 19 13 22 c 22
FIXUPS: 116f5 2d 1b 2c 22 30 3f 4a 16 13 fffff95f 12 33 4b 12 31 1f 14e
FIXUPS: 1031f 24 10 10 10 10 22 1f88 16 57 24 26 29 26 29 26 121 34 18
FIXUPS: 1260e 20 31 24 25 2e 2d 32 ffffed95 3f 29 13 c 29 9 1b 3e 36 19
FIXUPS: 11631 7ea 24 4e 28 2c 24 2c 27 4d 4a 69 55 42 24 2c 26 4b 3a 1c
FIXUPS: 1222d e 9 16 22 e 9 29 e 9 1c 27 e 7eb 5b a1 89 bf ffffeb53 e 38
FIXUPS: 11910 70 60 42 24 2c 1e 2a 35 24 70 60 42 24 2c 24 24 24 4e 28
FIXUPS: 11d83 24 2c 24 2aae ae b4 b1 ac 9a b4 ab a0 ae a0 cb b6 be b1 b6
FIXUPS: 1539b b1 aa ca a5 1a 8e ffffd0ae 172 48 c 39 1c 55 73 15 8f4 b5
FIXUPS: 13476 6e 1a 6a 1f e0 1b3 9a f8 a0 9a a0 b1 ac 9a b4 ab a0 ae a0
FIXUPS: 14189 aa aa b1 b6 aa b1 aa be f2 3b0e 10 9 c 15 9 9 9 10 9 a6 19
FIXUPS: 18512 9 ffffdc0f 88 22 12 13 fffffe63 ffffcd52 c3 74 3c df 3c df
FIXUPS: 13135 88 37 2f 3c 453f 20 20 e3 1d 5f 30 8f 36 14f 35 25 8d 1d
FIXUPS: 17cdf 30 9a 18 104 49 52 1c 1b 23 64 26 182 99 60 2d 9 9 ffffe972
FIXUPS: 16c8a 38 72 3e 2c 63 30 1d a1 23 58 4a 1d da 2f 25c 15 ce 67 25
FIXUPS: 174b8 a9 35 3e 8a 1e 1c 20 20 8c 1e 2c49 11 20 16 11 20 16 11 20
FIXUPS: 1a4a0 11 20 16 11 20 16 11 20 16 11 ffffc234 75 40 41 56 9d 9a
FIXUPS: 16a6a 24 195 1e 15 347d 1c 16 11 1c 16 11 1c 16 11 1c 16 11 1c
FIXUPS: 1a211 11 20 16 11 20 16 11 24 16 11 24 16 11 24 16 11 24 fffff5f8
FIXUPS: 199d8 9 1b 122 39 3a 51 44 45 41 3e 3f 49 36 37 41 36 37 37 49
FIXUPS: 19f43 37 41 36 37 26 11 20 11 1c 16 fffff55f 16 19 19 3f 18 1d
FIXUPS: 196f5 1e 18 24 19 15 18 19 3e 18 1d 18 1e 17 50 19 18 18 16 16
FIXUPS: 19946 1c 9 23 9 fffff772 3c 9 54 1b 1b 27 2d 9 2f 9 32 9 30 9 31
FIXUPS: 1931b 2f 9 32 9 2f 9 31 9 37 3a 3a b6 3a 3a 33 fffff302 aa f 92
FIXUPS: 18a64 92 f 92 f 20 16 16 19 d 15 16 16 11 d 3d d 3e d 2e2 9 3b
FIXUPS: 1903b 3b 9 3b 9 3d 351a fffffea5 e 42 e fffffa9c 32 14 5b 1b fffffbbe
FIXUPS: 1bd58 65 ffffe7f1 12d7 28 f 6c 95 13 1f ffffcca9 36 37 37 38 38
FIXUPS: 187e3 38 38 37 40 ebc7 8 12 29 20 1d 9 d 22 1f 33 9 e 2a 35 25
FIXUPS: 2766b 25 35 25 35 ffff5544 7a1 7ae 28 69 50 ffffe8b1 1f 37 1f 3f
FIXUPS: 270d7 15 9 15 9 15 9 67 9 27 1f 33 9 e 26 3a 8 12 29 20 1f 1f 1f
FIXUPS: 27370 9 20 1f 3d 28 a f 21 fffff758 3a 8 12 29 5a 65 e5 31 27 31
FIXUPS: 26e74 25 9 9 2a 22 3d 28 a f 21 3a 8 12 29 23 25 9 1d 1d 30 fffff26d
FIXUPS: 26347 7c 45 6d 1d 76 1d 4e c 1c 48 c 51 c 51 c 51 c 51 c 10 f6
FIXUPS: 268c5 76 3c 76 3c 76 3c 76 3c ffffef87 25 c c 50 7d c 25 4f 8e
FIXUPS: 25d68 22 3a 1b 20 13 23 20 39 1e 3c ac 31 28 9b 83 38 35 20 14
FIXUPS: 2629a c fffff0b3 20 22 1c 4b 1c f 32 45 21 e0 1b 16 5e 30 36 12
FIXUPS: 256cc 15 35 ce 20 15 35 de e 12 14 1c 7a 12 2a 2577 15 1e 13 69
FIXUPS: 280d2 59 4b 5b 3c 15 2e 18 17 3c 19 af 2c a0 32 9d 68 a0 f9 18
FIXUPS: 2520e 20 15 22 55 1c f 2724 40 13 c d 27 12 2a 35 4e 4f 21 75 9
FIXUPS: 27c57 19 20 1d 55 7b 2e 1a 1f 15 10 10 d 17 10 e2 29 2d 111d 19
FIXUPS: 290d1 19 19 4a b3 19 16 19 19 dd 18 18 18 18 18 1bb 18 18 18 18
FIXUPS: 295e9 ed e4 ffffe07c 2e 5e 66 25 57 24 f53 cb 1b 1b 98 19 1cb 12
FIXUPS: 28cc4 18 6a 21 28 13 13 1a 34 87 1d 19 16 19 19 7c 19 16 19 19
FIXUPS: 29023 1b 1b 2c 31c4 16 55 58 68 f 10 2b 32 2f 28 12a 1e 25 49 1f
FIXUPS: 2c642 9e 1d 10 6 e e c ffffd1d1 1b f a7 17 ffffee61 28 13 3581
FIXUPS: 2be28 e 15 10 1c 47 27 37 d 16 4a 27 2e f 1f 16 16 1a 18 2d c 19
FIXUPS: 2c0c8 1c 47 27 22 14 78 e 15 fffff764 19 25 28 e 1e 19 e 28 31
FIXUPS: 2babd e 15 10 21 19 26 c 90 42 2d 3e 17 17 5f 23 28 2a 18 2b e
FIXUPS: 2be01 fffff56a 17 16 16 e 13 e 1a e 1b 1a 1b 91 c e 68 19 17 13
FIXUPS: 2b604 f8 b9 6d 20 2b 2b 22 38 2d 1a 29 19 fffff5d4 10 1e 27 1b
FIXUPS: 2b077 1f 33 e 19 12 19 14 62 12 1f 19 23 1a 1a 1b 1d 1f 13 1f 13
FIXUPS: 2b2fc 1a 16 e 1d e fffff5cc 71 2d 16 79 2b 34 26 22 27 42 21 21
FIXUPS: 2abe2 21 25 26 25 32 35 38 22 11 23 11 1d 11 4a 62 7a 24 3f fffff3e9
FIXUPS: 2a32d 1a 18 17 17 17 17 17 17 17 1b 14 14 14 1a 1f 14 14 14 1a
FIXUPS: 2a54e 14 14 14 1a 33 35 7e 15f 2b ee fffff581 1a 19 2d 14 14 14
FIXUPS: 29f3e 1a 1a 1a 1a 1a 1a 19 a6 14 14 14 21 22 11 10 10b 1b 17 1b
FIXUPS: 2a2a8 17 17 1b 14 26cd 2d 12 15 12 15 12 8a 71 10 37 10 37 10 5c
FIXUPS: 2cc6c 3c 184 29 15 10 ffffcc12 66 3f 59 3a 90 e 1b0 1f 19 1f 4562
FIXUPS: 2e3f9 2f 2f 2f 2f 2f 2f 2f 2f 2f 34 34 34 ffffe171 3c 4a 22 19
FIXUPS: 2c884 16 16 48 15 18 15 18 15 19 19 13 13 11ab 15 9 13 24 1d cb
FIXUPS: 2dceb 45 45 41 3e 3f 3f 49 36 37 37 4f 44 45 45 41 3e 3f 3f 49
FIXUPS: 2e1f8 37 37 10a 2d ffffefc6 46 175 c f 1c 54 49 1f 21 d d0 30 2e
FIXUPS: 2d79d a ce 2e 31 2f 31 31 2f 31 2f 2f 31 2f 31 31 2f 31 b4e 28
FIXUPS: 2e705 2d 20 16 67 30 4d 28 4a 2d 20 16 67 30 30 30 ffffe57e 44
FIXUPS: 2d01f 45 45 46 46 46 45 46 46 46 45 46 21f2 2e 28 5e 15 13 13 47
FIXUPS: 2f672 21 17 63 24 13 13 13 2c 60 19 1a 1a 35 2e 28 5e 15 13 13
FIXUPS: 2f9ae 2d 21 17 fffff5ef 15 13 13 47 2d 21 15 63 45 19 1a 1c 17
FIXUPS: 2f20a 15 2e 28 5e 15 13 13 47 2d 21 17 6b 19 13 13 13 46 1dc6 2a
FIXUPS: 312d4 19 19 19 ffffe734 1f 22 30 fffff04a cf 1b 11 1e 13 14 14
FIXUPS: 2ed3d 66 28 4d 2d 20 16 69 19 13 13 13 48 28 1d73 42 2a 27 19 19
FIXUPS: 30df7 7d 40 13 13 13 2c 93 19 18 1a 35 2e 28 f 23 26 23 5f 15 13
FIXUPS: 31197 47 2d 20 16 fffff558 5f 15 13 13 47 2d 20 16 46 2e 2b 85
FIXUPS: 30a1a 13 13 13 46 6b 2e 28 f 23 26 23 5f 15 13 13 47 2d 20 fffff592
FIXUPS: 302a8 48 28 f 23 26 23 5f 15 13 13 47 2d 20 16 42 2a 27 7d 5d 19
FIXUPS: 30675 1a 13 13 13 2e 28 f 23 26 10fe 30 50 30 ffffe379 2e 2b 8c
FIXUPS: 2fd9d 11 1e 13 14 14 a8 17 17 122 28 23 26 23 50 2d 20 16 42 2a
FIXUPS: 301d9 7d 19 13 2742 ffffea0d 15 13 13 52 14 19 13 13 13 4a 37 2a
FIXUPS: 315dd 19 13 13 13 60 15 13 13 49 14 19 13 13 13 4a 37 2a cb8 2a
FIXUPS: 32541 42 2a af 10 26 10 c5 f f f f f 13 13 13 13 5f 1c 1c 1c 1b
FIXUPS: 328de 1b 12 1b 12 1b 12 4f fffff559 f f 13 13 13 13 74 25 25 25
FIXUPS: 32084 2a 27 2a 2d 25 28 2a 25 2a 42 25 d3 f 3d 28 3d 42 28 49 f
FIXUPS: 32d99 9 33 20 21 21 4f 16 16 15 15 15 16 16 16 e6 23 1c 1e 1f bb
FIXUPS: 33176 3a 3d 40 2f 10 26 10 ffffec3e f f 11760 9c cc 9c d5 b7 d3
FIXUPS: 43b78 56 a5 b7 fffeecda 23 24 24 23 23 25 25 92 e 15 18 19 19 a1
FIXUPS: 32d24 27 1a b 9 17 fffceab7 1c 23897 fffffaef 14 1b 16 16 1c c7
FIXUPS: 24d3b 3e 15 5a 20 14 1d 75 22 63 47 23 28 27 1b 51 33 1d 1e2f0
FIXUPS: 4342a cc 9c fffbde6c 15 1c 19 4e 1c 1b 1d 1e 1b 1d 1a 45 1b 1d
FIXUPS: 15f3 16 3d 18 38 38 33 5 5 17 a6 12 b 12 21 12 b fffff856 e 19
FIXUPS: 10ce f 24 b 22 1e 15 1c 15 23 13 16 33 8 f 34 c 2a 18 20 20 c 12
FIXUPS: 131e 20 19 45 13 3c bf6 5 5 21 fffffd55 fffffca4 11 ee 30 5d 23
FIXUPS: 1bc1 fffffe10 fffffec4 11 2d c a 1e a 1f 1e 18 b 5 5 27 fffff688
FIXUPS: 1036 f 12 8 1347 1e 12 10 53 35 1b 28 27 5e 1e d 3a 15 26 2b 21
FIXUPS: 2634 d fffffb9d ef 54 fffffda3 b 42 21 fffffc44 1f 11 1e 5c 1b6
FIXUPS: 4191 13 d 13 d ffffeeb0 ffffffe0 ffffffe0 fffffe6b a8 6c 51 fffff651
FIXUPS: 2694 63 4b 94 11 4e 32 14 f 25f 6d 200 49 f 2e 95 fffff4e4 11 2f
FIXUPS: 3a54 98 35 1e 3e b8 44 e 118 55 23 85 2f 13 2d 1f 3a 14 2f 63 31
FIXUPS: 4069 18 40 44 17 15 13 d 13 d 13 fffff3da b 2b 5b 6 15 b 14 10
FIXUPS: 3657 32 d 1c 48 14 b 20 80 1d 2c 10 1b 3c 41 45 34 14 31 38 29
FIXUPS: 39fe 42 fffff6f6 2f 11 2f 11 28 9 32 1c 14 1c 21 24 6e 1e 2f 22
FIXUPS: 33c2 23 38 20 1e a b 28 a b 4c 22 a b 24 2562 1c 34 1c 30 31 28
FIXUPS: 5c4d 3d 3b 26 67 82 c8 47 49 2a 13 16 5b 57 13 d 13 d ffffe1a0
FIXUPS: 41f1 ffffeeb4 11 2f 11 2f 2499 d 24 17 1f 17 17 28 47 25 13 3b
FIXUPS: 577d 37 2e 2c 2f 33 1b 2b 29 2a 30 2c 34 1f 10 3f 1b 20 18 10 fffff7e9
FIXUPS: 525c 15 22 26 1c 17 1f b 1b 18 f 3f 27 16 d 19 14 16 17 23 22 29
FIXUPS: 54d3 16 10 16 16 11 30 1c 2b fffff7bb b 23 5d 4e 1a 16 a0 75 3d
FIXUPS: 5008 1a 34 11 1d 1a 15 a 50 2c 25 8 16 a 33 11 24 d 24 13 9 11
FIXUPS: 490d 32 21 2c 16 21 34 b 31 40 1d 17 16 7b 19 41 b 15 24 11 1a
FIXUPS: 4c39 13 37 33 1c 2b 11 d 1c b d fffff684 13 15 3b 4c 8 1c 22 93
FIXUPS: 4583 6 38 34 17 23 1f 1c 1a 27 39 2a 9c 3c f b 9 13 11 40 29 48
FIXUPS: 48ed 1871 50 7f 20 b1 65 a 2b 23 18 16 1a 8 e 16 19 6 223 13 d
FIXUPS: 4235 11 2f 11 1e 12 88 4f c 10 b 11 25ae 81 6a 12 78 12 33 27 21
FIXUPS: a503 1b 1c 5d f d 9c 73 11 32 e 3a 30 97 13 30 27 21 25a2 ffff9254
FIXUPS: 60a6 2f f 75f7 1c 16 46 1c 3a 16 41 16 1d 3e b8 165 78 4b 13 d
FIXUPS: db84 d ffff8b24 11 52 8 28 8 11c 18 3f 1b 1c 5b 11 688a 40 9 1e
FIXUPS: d264 2c 37 d 32 33 27 76 14 27 38 25 26 d 27 16 16 1b d 4a 5f 14
FIXUPS: d5f4 3e d 2c 1c 16 125c 29 25 2c 16 2d b 5 5 9 d 13 d ffffe464
FIXUPS: ce76 2f 20 11 1e 6e 17 68 3c 58 54 70 15 f 31 18 d 27 11e4 10 17
FIXUPS: e4d2 57 6 20 2b 3f 6 20 2b 37 1a 12 11 b 39 f 1e 19 d b a1 e 12
FIXUPS: e816 1c 38 18 57 e fffff4a5 26 7 a f 2a 3e 64 116 2e 22 2e 4b 36
FIXUPS: e0ca 27 34 1c 17 8 a a 20 50 40 28 18 40 40 1f 38 45 c30 10 1b
FIXUPS: eff8 f 1f 1d 14 1f 10 10 4e 10 10 1e 10 3f ffffea54 11 2f 11 1e
FIXUPS: dc46 22 21 25 14 23 13 1c d 14 23d2 96 9 7 9 85 2b b 5 5 17 12
FIXUPS: 102b1 ffffe81d 23 89 9e 5e a1 aa c a4 c 86 c 42 9 a 11 9 d 14 ced
FIXUPS: fccc 26 29 42 2e 34 19 92 a f d 20 3d 6b 1b 3a 1d 20 a f c 11 58
FIXUPS: 10083 18 11 c f 12 f 11 fffff55a 13 3a b 1e 2d 1a 154 1f 18 40
FIXUPS: f8f0 11 5a 3d a 12 46 12 2b 15 9 12 19 8a 1d 68 33 7 71 28 22 fffff502
FIXUPS: f1a5 11 2f 11 2e 15 a2 d 2b 19 20 12 67 26 11 24 1e 11 b 1e 82
FIXUPS: f50a 28 e 2b c 24 b 4d 1a 22
