 chelp

 Timestamp is 62771c87 (Sun May 08 04:27:35 2022)

 Preferred load address is 00400000

 Start         Length     Name                   Class
 0001:00000000 0005b13cH .text                   CODE
 0002:00000000 000013acH .bss                    DATA
 0003:00000000 00003260H .rdata                  DATA
 0004:00000000 00003654H .data                   DATA
 0004:00003654 00000004H .CRT$XCA                DATA
 0004:00003658 00000004H .CRT$XCC                DATA
 0004:0000365c 000000f4H .CRT$XCU                DATA
 0004:00003750 00000004H .CRT$XCZ                DATA
 0004:00003754 00000004H .CRT$XIA                DATA
 0004:00003758 00000008H .CRT$XIC                DATA
 0004:00003760 00000004H .CRT$XIZ                DATA
 0004:00003764 00000004H .CRT$XPA                DATA
 0004:00003768 00000004H .CRT$XPZ                DATA
 0004:0000376c 00000004H .CRT$XTA                DATA
 0004:00003770 00000004H .CRT$XTZ                DATA
 0005:00000000 000000b4H .idata$2                DATA
 0005:000000b4 00000028H .idata$3                DATA
 0005:000000dc 00000458H .idata$4                DATA
 0005:00000534 00000458H .idata$5                DATA
 0005:0000098c 00001234H .idata$6                DATA
 0006:00000000 0000005fH .edata                  DATA
 0007:00000000 0000033cH .rsrc$01                DATA
 0007:00000340 00001d5cH .rsrc$02                DATA
 0009:00000000 00000000H .debug$C                DATA
 0009:00000000 00000110H .debug$E                DATA
 0009:00000110 0000ac50H .debug$F                DATA
 0009:0000c020 00000000H .debug$G                DATA
 0009:0000c020 0000002fH .debug$H                DATA
 0009:fff8e000 00000000H .debug$P                DATA
 0009:fff8e000 00000000H .debug$S                DATA
 0009:fff8e000 00000000H .debug$T                DATA

  Address         Publics by Value              Rva+Base   Lib:Object

 0001:00000000       ?FWouldBe@USAC@@SGHJ@Z     00401000 f utilglob.obj
 0001:00000020       ?FIs@USAC@@UAEHJ@Z         00401020 f utilglob.obj
 0001:00000030       ?Cls@USAC@@UAEJXZ          00401030 f utilglob.obj
 0001:00000100       ??_GBASE@@UAEPAXI@Z        00401100 f utilglob.obj
 0001:00000100       ??_EBASE@@UAEPAXI@Z        00401100 f utilglob.obj
 0001:00000130       ??_EKCDC@@UAEPAXI@Z        00401130 f utilglob.obj
 0001:00000130       ??_GKCDC@@UAEPAXI@Z        00401130 f utilglob.obj
 0001:00000150       ?FCanDo@KCDC@@UAEHHJ@Z     00401150 f utilglob.obj
 0001:00000190       ?FWouldBe@BLL@@SGHJ@Z      00401190 f base.obj
 0001:000001b0       ?FIs@BLL@@UAEHJ@Z          004011b0 f base.obj
 0001:000001c0       ?Cls@BLL@@UAEJXZ           004011c0 f base.obj
 0001:000001d0       ?Cls@BASE@@UAEJXZ          004011d0 f base.obj
 0001:000001e0       ?FIs@BASE@@UAEHJ@Z         004011e0 f base.obj
 0001:00000200       ?FWouldBe@BASE@@SGHJ@Z     00401200 f base.obj
 0001:00000220       ??0BASE@@QAE@XZ            00401220 f base.obj
 0001:00000230       ?AddRef@BASE@@UAEXXZ       00401230 f base.obj
 0001:00000240       ?Release@BASE@@UAEXXZ      00401240 f base.obj
 0001:00000260       ??2BASE@@SGPAXI@Z          00401260 f base.obj
 0001:00000290       ??3BASE@@SGXPAX@Z          00401290 f base.obj
 0001:000002a0       ??0BLL@@QAE@XZ             004012a0 f base.obj
 0001:000002c0       ??1BLL@@UAE@XZ             004012c0 f base.obj
 0001:000002e0       ?_Attach@BLL@@IAEXPAX@Z    004012e0 f base.obj
 0001:00000350       ??_EBLL@@UAEPAXI@Z         00401350 f base.obj
 0001:00000350       ??_GBLL@@UAEPAXI@Z         00401350 f base.obj
 0001:00000370       ?FillPb@@YGXPAXJE@Z        00401370 f utilcopy.obj
 0001:000003b0       ?ClearPb@@YGXPAXJ@Z        004013b0 f utilcopy.obj
 0001:000003d0       ?ReversePb@@YGXPAXJ@Z      004013d0 f utilcopy.obj
 0001:00000400       ?SwapBlocks@@YGXPAXJJ@Z    00401400 f utilcopy.obj
 0001:00000430       ?SwapPb@@YGXPAX0J@Z        00401430 f utilcopy.obj
 0001:00000480       ?MoveElement@@YGXPAXJJJ@Z  00401480 f utilcopy.obj
 0001:000004f0       ?FEqualRgb@@YGHPAX0J@Z     004014f0 f utilcopy.obj
 0001:00000530       ?CbEqualRgb@@YGJPAX0J@Z    00401530 f utilcopy.obj
 0001:00000590       ?CopyPb@@YGXPAX0J@Z        00401590 f utilcopy.obj
 0001:000005c0       ?BltPb@@YGXPAX0J@Z         004015c0 f utilcopy.obj
 0001:00000630       ?FWouldBe@ERS@@SGHJ@Z      00401630 f utilerro.obj
 0001:00000650       ?FIs@ERS@@UAEHJ@Z          00401650 f utilerro.obj
 0001:00000660       ?Cls@ERS@@UAEJXZ           00401660 f utilerro.obj
 0001:00000670       ??0ERS@@QAE@XZ             00401670 f utilerro.obj
 0001:000006a0       ?Push@ERS@@UAEXJ@Z         004016a0 f utilerro.obj
 0001:000006f0       ?FPop@ERS@@UAEHPAJ@Z       004016f0 f utilerro.obj
 0001:00000740       ?Clear@ERS@@UAEXXZ         00401740 f utilerro.obj
 0001:00000760       ?Cerc@ERS@@UAEJXZ          00401760 f utilerro.obj
 0001:00000770       ?FIn@ERS@@UAEHJ@Z          00401770 f utilerro.obj
 0001:000007c0       ?ErcGet@ERS@@UAEJJ@Z       004017c0 f utilerro.obj
 0001:00000800       ?Flush@ERS@@UAEXJ@Z        00401800 f utilerro.obj
 0001:000008a0       ??_EERS@@UAEPAXI@Z         004018a0 f utilerro.obj
 0001:000008a0       ??_GERS@@UAEPAXI@Z         004018a0 f utilerro.obj
 0001:000008d0       ?SortLw@@YGXPAJ0@Z         004018d0 f utilint.obj
 0001:000008f0       ?MulLu@@YGXKKPAK0@Z        004018f0 f utilint.obj
 0001:00000910       ?LwMulDivAway@@YGJJJJ@Z    00401910 f utilint.obj
 0001:00000970       ?LwDivAway@@YGJJJ@Z        00401970 f utilint.obj
 0001:000009a0       ?LwRoundAway@@YGJJJ@Z      004019a0 f utilint.obj
 0001:000009d0       ?LwRoundToward@@YGJJJ@Z    004019d0 f utilint.obj
 0001:00000a00       ?LwRoundClosest@@YGJJJ@Z   00401a00 f utilint.obj
 0001:00000a40       ?FAdjustIv@@YGHPAJJJJ@Z    00401a40 f utilint.obj
 0001:00000a90       ?SwapBytesBom@@YGXPAXK@Z   00401a90 f utilint.obj
 0001:00000af0       ?SwapBytesRgsw@@YGXPAXJ@Z  00401af0 f utilint.obj
 0001:00000b20       ?SwapBytesRglw@@YGXPAXJ@Z  00401b20 f utilint.obj
 0001:00000b50       ??BPT@@QAE?AUtagPOINT@@XZ  00401b50 f utilint.obj
 0001:00000bb0       ??4PT@@QAEAAV0@AAUtagPOINT@@@Z 00401bb0 f utilint.obj
 0001:00000bd0       ?Map@PT@@QAEXPAVRC@@0@Z    00401bd0 f utilint.obj
 0001:00000c80       ?Transform@PT@@QAEXK@Z     00401c80 f utilint.obj
 0001:00000cb0       ??8RC@@QAEHAAV0@@Z         00401cb0 f utilint.obj
 0001:00000d20       ??9RC@@QAEHAAV0@@Z         00401d20 f utilint.obj
 0001:00000d90       ?Union@RC@@QAEXPAV1@0@Z    00401d90 f utilint.obj
 0001:00000dc0       ?Union@RC@@QAEXPAV1@@Z     00401dc0 f utilint.obj
 0001:00000e40       ?FIntersect@RC@@QAEHPAV1@0@Z 00401e40 f utilint.obj
 0001:00000ec0       ?FIntersect@RC@@QAEHPAV1@@Z 00401ec0 f utilint.obj
 0001:00000f40       ?Inset@RC@@QAEXJJ@Z        00401f40 f utilint.obj
 0001:00000f60       ?Map@RC@@QAEXPAV1@0@Z      00401f60 f utilint.obj
 0001:00001080       ?Transform@RC@@QAEXK@Z     00402080 f utilint.obj
 0001:000010e0       ?OffsetCopy@RC@@QAEXPAV1@JJ@Z 004020e0 f utilint.obj
 0001:00001110       ?Offset@RC@@QAEXJJ@Z       00402110 f utilint.obj
 0001:00001130       ?OffsetToOrigin@RC@@QAEXXZ 00402130 f utilint.obj
 0001:00001150       ?CenterOnRc@RC@@QAEXPAV1@@Z 00402150 f utilint.obj
 0001:000011a0       ?FPtIn@RC@@QAEHJJ@Z        004021a0 f utilint.obj
 0001:000011d0       ?PinPt@RC@@QAEXPAVPT@@@Z   004021d0 f utilint.obj
 0001:00001210       ?PinToRc@RC@@QAEXPAV1@@Z   00402210 f utilint.obj
 0001:00001260       ??4RC@@QAEAAV0@AAUtagRECT@@@Z 00402260 f utilint.obj
 0001:00001280       ??BRC@@QAE?AUtagRECT@@XZ   00402280 f utilint.obj
 0001:00001350       ?FContains@RC@@QAEHPAV1@@Z 00402350 f utilint.obj
 0001:00001390       ?SetToCell@RC@@QAEXPAV1@JJJJ@Z 00402390 f utilint.obj
 0001:00001470       ?FMapToCell@RC@@QAEHJJJJPAJ0@Z 00402470 f utilint.obj
 0001:00001510       ??0USAC@@QAE@XZ            00402510 f utilint.obj
 0001:00001540       ?TsCur@USAC@@QAEKXZ        00402540 f utilint.obj
 0001:000015a0       ?Scale@USAC@@QAEXK@Z       004025a0 f utilint.obj
 0001:00001620       ?Set@DVER@@QAEXFF@Z        00402620 f utilint.obj
 0001:00001640       ?FReadable@DVER@@QAEHFF@Z  00402640 f utilint.obj
 0001:00001680       ??_GUSAC@@UAEPAXI@Z        00402680 f utilint.obj
 0001:00001680       ??_EUSAC@@UAEPAXI@Z        00402680 f utilint.obj
 0001:000016a0       ?FAllocPv@@YGHPAPAXJKJ@Z   004026a0 f utilmem.obj
 0001:00001770       ?_FResizePpv@@YGHPAPAXJJKJ@Z 00402770 f utilmem.obj
 0001:00001860       ?FreePpv@@YGXPAPAX@Z       00402860 f utilmem.obj
 0001:000018a0       ?FWouldBe@RND@@SGHJ@Z      004028a0 f utilrnd.obj
 0001:000018c0       ?FIs@RND@@UAEHJ@Z          004028c0 f utilrnd.obj
 0001:000018d0       ?Cls@RND@@UAEJXZ           004028d0 f utilrnd.obj
 0001:000018e0       ?FWouldBe@SFL@@SGHJ@Z      004028e0 f utilrnd.obj
 0001:00001900       ?FIs@SFL@@UAEHJ@Z          00402900 f utilrnd.obj
 0001:00001910       ?Cls@SFL@@UAEJXZ           00402910 f utilrnd.obj
 0001:00001920       ??0RND@@QAE@K@Z            00402920 f utilrnd.obj
 0001:00001960       ?LwNext@RND@@UAEJJ@Z       00402960 f utilrnd.obj
 0001:00001990       ??0SFL@@QAE@K@Z            00402990 f utilrnd.obj
 0001:000019c0       ??1SFL@@UAE@XZ             004029c0 f utilrnd.obj
 0001:000019e0       ?Shuffle@SFL@@QAEXJ@Z      004029e0 f utilrnd.obj
 0001:00001a20       ?_ShuffleCore@SFL@@IAEXXZ  00402a20 f utilrnd.obj
 0001:00001a70       ?_FEnsureHq@SFL@@IAEHJ@Z   00402a70 f utilrnd.obj
 0001:00001ae0       ?LwNext@SFL@@UAEJJ@Z       00402ae0 f utilrnd.obj
 0001:00001b70       ??_ERND@@UAEPAXI@Z         00402b70 f utilrnd.obj
 0001:00001b70       ??_GRND@@UAEPAXI@Z         00402b70 f utilrnd.obj
 0001:00001b90       ??_GSFL@@UAEPAXI@Z         00402b90 f utilrnd.obj
 0001:00001b90       ??_ESFL@@UAEPAXI@Z         00402b90 f utilrnd.obj
 0001:00001bb0       ??0STN@@QAE@PAD@Z          00402bb0 f utilstr.obj
 0001:00001bf0       ??4STN@@QAEAAV0@AAV0@@Z    00402bf0 f utilstr.obj
 0001:00001c10       ?SetRgch@STN@@QAEXPADJ@Z   00402c10 f utilstr.obj
 0001:00001c50       ?SetSzs@STN@@QAEXPAD@Z     00402c50 f utilstr.obj
 0001:00001c70       ?Delete@STN@@QAEXJJ@Z      00402c70 f utilstr.obj
 0001:00001cd0       ?FAppendRgch@STN@@QAEHPADJ@Z 00402cd0 f utilstr.obj
 0001:00001d20       ?FInsertRgch@STN@@QAEHJPADJ@Z 00402d20 f utilstr.obj
 0001:00001de0       ?FEqualRgch@STN@@QAEHPADJ@Z 00402de0 f utilstr.obj
 0001:00001e10       ?FEqualUserRgch@STN@@QAEHPADJK@Z 00402e10 f utilstr.obj
 0001:00001e30       ?CbData@STN@@QAEJXZ        00402e30 f utilstr.obj
 0001:00001e40       ?GetData@STN@@QAEXPAX@Z    00402e40 f utilstr.obj
 0001:00001e80       ?FWrite@STN@@QAEHPAVBLCK@@J@Z 00402e80 f utilstr.obj
 0001:00001f10       ?FSetData@STN@@QAEHPAXJPAJ@Z 00402f10 f utilstr.obj
 0001:00002120       ?FRead@STN@@QAEHPAVBLCK@@JPAJ@Z 00403120 f utilstr.obj
 0001:000023f0       ?FFormatSz@STN@@QAAHPADZZ  004033f0 f utilstr.obj
 0001:00002410       ?FFormatRgch@STN@@QAEHPADJPAK@Z 00403410 f utilstr.obj
 0001:00002790       ?FGetLw@STN@@QAEHPAJJ@Z    00403790 f utilstr.obj
 0001:00002880       ?FExpandControls@STN@@QAEHXZ 00403880 f utilstr.obj
 0001:00002990       ?CchSz@@YGJPAD@Z           00403990 f utilstr.obj
 0001:000029b0       ?FcmpCompareRgch@@YGKPADJ0J@Z 004039b0 f utilstr.obj
 0001:00002a10       ?FEqualUserRgch@@YGHPADJ0JK@Z 00403a10 f utilstr.obj
 0001:00002b00       ?FcmpCompareUserRgch@@YGKPADJ0JK@Z 00403b00 f utilstr.obj
 0001:00002b70       ?UpperRgchs@@YGXPADJ@Z     00403b70 f utilstr.obj
 0001:00002bd0       ?LowerRgchs@@YGXPADJ@Z     00403bd0 f utilstr.obj
 0001:00002c30       ?CchTranslateRgb@@YGJPAXJFPADJ@Z 00403c30 f utilstr.obj
 0001:00002d30       ?TranslateRgch@@YGXPADJFH@Z 00403d30 f utilstr.obj
 0001:00002d80       ?GrfchFromCh@@YGKD@Z       00403d80 f utilstr.obj
 0001:00002e80       __adj_fdiv_r               00403e80 f stub.obj
 0001:00002e90       ?FAllocHq@@YGHPAPAXJKJ@Z   00403e90 f memwin.obj
 0001:00002f00       ?FResizePhq@@YGHPAPAXJKJ@Z 00403f00 f memwin.obj
 0001:00002fa0       ?FreePhq@@YGXPAPAX@Z       00403fa0 f memwin.obj
 0001:00002fd0       ?CbOfHq@@YGJPAX@Z          00403fd0 f memwin.obj
 0001:00002fe0       ?PvLockHq@@YGPAXPAX@Z      00403fe0 f memwin.obj
 0001:00002ff0       ?UnlockHq@@YGXPAX@Z        00403ff0 f memwin.obj
 0001:00003030       ?FWouldBe@APPB@@SGHJ@Z     00404030 f appb.obj
 0001:00003050       ?FIs@APPB@@UAEHJ@Z         00404050 f appb.obj
 0001:00003060       ?Cls@APPB@@UAEJXZ          00404060 f appb.obj
 0001:00003070       ??0APPB@@QAE@XZ            00404070 f appb.obj
 0001:000030a0       ??1APPB@@UAE@XZ            004040a0 f appb.obj
 0001:000030c0       ?Run@APPB@@UAEXKKJ@Z       004040c0 f appb.obj
 0001:000030f0       ?Quit@APPB@@UAEXH@Z        004040f0 f appb.obj
 0001:00003130       ?GetStnAppName@APPB@@UAEXPAVSTN@@@Z 00404130 f appb.obj
 0001:00003150       ?SetCurs@APPB@@UAEXPAVCURS@@H@Z 00404150 f appb.obj
 0001:000031b0       ?SetCursCno@APPB@@UAEXPAVRCA@@KH@Z 004041b0 f appb.obj
 0001:00003200       ?RefreshCurs@APPB@@UAEXXZ  00404200 f appb.obj
 0001:00003240       ?BeginLongOp@APPB@@UAEXXZ  00404240 f appb.obj
 0001:00003270       ?EndLongOp@APPB@@UAEXH@Z   00404270 f appb.obj
 0001:000032a0       ?GrfcustCur@APPB@@UAEKH@Z  004042a0 f appb.obj
 0001:00003300       ?ModifyGrfcust@APPB@@UAEXKK@Z 00404300 f appb.obj
 0001:00003320       ?HideCurs@APPB@@UAEXXZ     00404320 f appb.obj
 0001:00003330       ?ShowCurs@APPB@@UAEXXZ     00404330 f appb.obj
 0001:00003340       ?PositionCurs@APPB@@UAEXJJ@Z 00404340 f appb.obj
 0001:00003360       ?OnnDefVariable@APPB@@UAEJXZ 00404360 f appb.obj
 0001:000033c0       ?OnnDefFixed@APPB@@UAEJXZ  004043c0 f appb.obj
 0001:00003440       ?DypTextDef@APPB@@UAEJXZ   00404440 f appb.obj
 0001:00003450       ?FCmdQuit@APPB@@UAEHPAUCMD@@@Z 00404450 f appb.obj
 0001:00003460       ?FCmdShowClipboard@APPB@@UAEHPAUCMD@@@Z 00404460 f appb.obj
 0001:00003480       ?FCmdIdle@APPB@@UAEHPAUCMD@@@Z 00404480 f appb.obj
 0001:00003630       ?_TakeDownToolTip@APPB@@IAEXXZ 00404630 f appb.obj
 0001:00003660       ?_EnsureToolTip@APPB@@IAEXXZ 00404660 f appb.obj
 0001:000036e0       ?ResetToolTip@APPB@@UAEXXZ 004046e0 f appb.obj
 0001:00003700       ?FEnableAppCmd@APPB@@UAEHPAUCMD@@PAK@Z 00404700 f appb.obj
 0001:00003770       ?FCmdChooseWnd@APPB@@UAEHPAUCMD@@@Z 00404770 f appb.obj
 0001:00003790       ?_FInit@APPB@@MAEHKKJ@Z    00404790 f appb.obj
 0001:00003860       ?_FInitSound@APPB@@MAEHJ@Z 00404860 f appb.obj
 0001:000038f0       ?_FInitMenu@APPB@@MAEHXZ   004048f0 f appb.obj
 0001:00003910       ?_Loop@APPB@@MAEXXZ        00404910 f appb.obj
 0001:000039b0       ?_CleanUp@APPB@@MAEXXZ     004049b0 f appb.obj
 0001:00003a00       ?_Activate@APPB@@MAEXH@Z   00404a00 f appb.obj
 0001:00003a40       ?TopOfLoop@APPB@@UAEXXZ    00404a40 f appb.obj
 0001:00003a60       ?UpdateHwnd@APPB@@UAEXPAUHWND__@@PAVRC@@K@Z 00404a60 f appb.obj
 0001:00003b10       ?PcmhFromHid@APPB@@UAEPAVCMH@@J@Z 00404b10 f appb.obj
 0001:00003b40       ?BuryCmh@APPB@@UAEXPAVCMH@@@Z 00404b40 f appb.obj
 0001:00003bc0       ?MarkRc@APPB@@UAEXPAVRC@@PAVGOB@@@Z 00404bc0 f appb.obj
 0001:00003be0       ?MarkRegn@APPB@@UAEXPAVREGN@@PAVGOB@@@Z 00404be0 f appb.obj
 0001:00003c00       ?_MarkRegnRc@APPB@@IAEXPAVREGN@@PAVRC@@PAVGOB@@@Z 00404c00 f appb.obj
 0001:00003de0       ?UnmarkRc@APPB@@UAEXPAVRC@@PAVGOB@@@Z 00404de0 f appb.obj
 0001:00003e00       ?UnmarkRegn@APPB@@UAEXPAVREGN@@PAVGOB@@@Z 00404e00 f appb.obj
 0001:00003e20       ?_UnmarkRegnRc@APPB@@IAEXPAVREGN@@PAVRC@@PAVGOB@@@Z 00404e20 f appb.obj
 0001:00003fa0       ?FGetMarkedRc@APPB@@UAEHPAUHWND__@@PAVRC@@@Z 00404fa0 f appb.obj
 0001:00004010       ?InvalMarked@APPB@@UAEXPAUHWND__@@@Z 00405010 f appb.obj
 0001:000040d0       ?UpdateMarked@APPB@@UAEXXZ 004050d0 f appb.obj
 0001:00004140       ?_FastUpdate@APPB@@MAEXPAVGOB@@PAVREGN@@KPAVGPT@@@Z 00405140 f appb.obj
 0001:00004270       ?SetGft@APPB@@UAEXJJKPAVGL@@VACR@@@Z 00405270 f appb.obj
 0001:000042c0       ?_CopyPixels@APPB@@MAEXPAVGNV@@PAVRC@@01@Z 004052c0 f appb.obj
 0001:00004420       ?_PgptEnsure@APPB@@MAEPAVGPT@@PAVRC@@@Z 00405420 f appb.obj
 0001:000044f0       ?_FFindProp@APPB@@IAEHJPAUPROP@1@PAJ@Z 004054f0 f appb.obj
 0001:000045a0       ?_FSetProp@APPB@@IAEHJJ@Z  004055a0 f appb.obj
 0001:00004630       ?FSetProp@APPB@@UAEHJJ@Z   00405630 f appb.obj
 0001:00004800       ?FGetProp@APPB@@UAEHJPAJ@Z 00405800 f appb.obj
 0001:000048b0       ?FImportClip@APPB@@UAEHJPAXJPAPAVDOCB@@PAH@Z 004058b0 f appb.obj
 0001:000049a0       ?FPushModal@APPB@@UAEHPAVCEX@@@Z 004059a0 f appb.obj
 0001:00004ae0       ?FModalLoop@APPB@@UAEHPAJ@Z 00405ae0 f appb.obj
 0001:00004b20       ?EndModal@APPB@@UAEXJ@Z    00405b20 f appb.obj
 0001:00004b30       ?PopModal@APPB@@UAEXXZ     00405b30 f appb.obj
 0001:00004be0       ?FCmdEndModal@APPB@@UAEHPAUCMD@@@Z 00405be0 f appb.obj
 0001:00004c10       ?BadModalCmd@APPB@@UAEXPAUCMD@@@Z 00405c10 f appb.obj
 0001:00004c60       ?TQuerySaveDoc@APPB@@UAEHPAVDOCB@@H@Z 00405c60 f appb.obj
 0001:00004ce0       ?FAllowScreenSaver@APPB@@UAEHXZ 00405ce0 f appb.obj
 0001:00004d00       ??_EAPPB@@UAEPAXI@Z        00405d00 f appb.obj
 0001:00004d00       ??_GAPPB@@UAEPAXI@Z        00405d00 f appb.obj
 0001:00004db0       ??_9@$BMA@A                00405db0 f appb.obj
 0001:00004dc0       ??_9@$BME@A                00405dc0 f appb.obj
 0001:00004dd0       ??_9@$BMI@A                00405dd0 f appb.obj
 0001:00004de0       ??_9@$BBBE@A               00405de0 f appb.obj
 0001:00004df0       ??_9@$BLI@A                00405df0 f appb.obj
 0001:00004e00       ??_9@$BLM@A                00405e00 f appb.obj
 0001:00004e10       ?Pcmm@APPB@@MAEPAUCMM@CMH@@XZ 00405e10 f appb.obj
 0001:00004e30       ?PclokFromHid@CLOK@@SGPAV1@J@Z 00405e30 f clok.obj
 0001:00004e50       ?BuryCmh@CLOK@@SGXPAVCMH@@@Z 00405e50 f clok.obj
 0001:00004e80       ?RemoveCmh@CLOK@@QAEXPAVCMH@@@Z 00405e80 f clok.obj
 0001:00004ee0       ??_9@$BCE@A                00405ee0 f clok.obj
 0001:00004f80       ?FWouldBe@CMH@@SGHJ@Z      00405f80 f cmd.obj
 0001:00004fa0       ?FIs@CMH@@UAEHJ@Z          00405fa0 f cmd.obj
 0001:00004fb0       ?Cls@CMH@@UAEJXZ           00405fb0 f cmd.obj
 0001:00004fc0       ?FWouldBe@CEX@@SGHJ@Z      00405fc0 f cmd.obj
 0001:00004fe0       ?FIs@CEX@@UAEHJ@Z          00405fe0 f cmd.obj
 0001:00004ff0       ?Cls@CEX@@UAEJXZ           00405ff0 f cmd.obj
 0001:00005000       ?HidUnique@CMH@@SGJJ@Z     00406000 f cmd.obj
 0001:00005060       ??0CMH@@QAE@J@Z            00406060 f cmd.obj
 0001:00005080       ??1CMH@@UAE@XZ             00406080 f cmd.obj
 0001:000050b0       ?_FGetCmme@CMH@@MAEHJKPAUCMME@1@@Z 004060b0 f cmd.obj
 0001:00005150       ?FDoCmd@CMH@@UAEHPAUCMD@@@Z 00406150 f cmd.obj
 0001:000051c0       ?FEnableCmd@CMH@@UAEHPAUCMD@@PAK@Z 004061c0 f cmd.obj
 0001:00005260       ??0CEX@@IAE@XZ             00406260 f cmd.obj
 0001:00005280       ??1CEX@@UAE@XZ             00406280 f cmd.obj
 0001:00005340       ?PcexNew@CEX@@SGPAV1@JJ@Z  00406340 f cmd.obj
 0001:00005390       ?_FInit@CEX@@MAEHJJ@Z      00406390 f cmd.obj
 0001:000053d0       ?StopRecording@CEX@@QAEXXZ 004063d0 f cmd.obj
 0001:00005520       ?RecordCmd@CEX@@QAEXPAUCMD@@@Z 00406520 f cmd.obj
 0001:000056f0       ?StopPlaying@CEX@@QAEXXZ   004066f0 f cmd.obj
 0001:00005760       ?_FReadCmd@CEX@@IAEHPAUCMD@@@Z 00406760 f cmd.obj
 0001:000058e0       ?_FCmhOk@CEX@@MAEHPAVCMH@@@Z 004068e0 f cmd.obj
 0001:00005930       ?FAddCmh@CEX@@UAEHPAVCMH@@JK@Z 00406930 f cmd.obj
 0001:000059d0       ?RemoveCmh@CEX@@UAEXPAVCMH@@J@Z 004069d0 f cmd.obj
 0001:00005a60       ?BuryCmh@CEX@@UAEXPAVCMH@@@Z 00406a60 f cmd.obj
 0001:00005b60       ?_FFindCmhl@CEX@@MAEHJPAJ@Z 00406b60 f cmd.obj
 0001:00005bd0       ?EnqueueCid@CEX@@UAEXJPAVCMH@@PAVGG@@JJJJ@Z 00406bd0 f cmd.obj
 0001:00005c20       ?PushCid@CEX@@UAEXJPAVCMH@@PAVGG@@JJJJ@Z 00406c20 f cmd.obj
 0001:00005c70       ?EnqueueCmd@CEX@@UAEXPAUCMD@@@Z 00406c70 f cmd.obj
 0001:00005ca0       ?PushCmd@CEX@@UAEXPAUCMD@@@Z 00406ca0 f cmd.obj
 0001:00005cd0       ?FCidIn@CEX@@UAEHJ@Z       00406cd0 f cmd.obj
 0001:00005d20       ?FlushCid@CEX@@UAEXJ@Z     00406d20 f cmd.obj
 0001:00005d90       ?_TGetNextCmd@CEX@@MAEHXZ  00406d90 f cmd.obj
 0001:00005eb0       ?_FSendCmd@CEX@@MAEHPAVCMH@@@Z 00406eb0 f cmd.obj
 0001:00005ee0       ?_CleanUpCmd@CEX@@MAEXXZ   00406ee0 f cmd.obj
 0001:00005f60       ?FDispatchNextCmd@CEX@@UAEHXZ 00406f60 f cmd.obj
 0001:00006040       ?_FEnableCmd@CEX@@MAEHPAVCMH@@PAUCMD@@PAK@Z 00407040 f cmd.obj
 0001:00006070       ?GrfedsForCmd@CEX@@UAEHPAUCMD@@@Z 00407070 f cmd.obj
 0001:00006130       ?GrfedsForCid@CEX@@UAEHJPAVCMH@@PAVGG@@JJJJ@Z 00407130 f cmd.obj
 0001:00006180       ?FGetNextKey@CEX@@UAEHPAUCMD@@@Z 00407180 f cmd.obj
 0001:000061e0       ?TrackMouse@CEX@@UAEXPAVGOB@@@Z 004071e0 f cmd.obj
 0001:00006200       ?EndMouseTracking@CEX@@UAEXXZ 00407200 f cmd.obj
 0001:00006240       ?PgobTracking@CEX@@UAEPAVGOB@@XZ 00407240 f cmd.obj
 0001:00006250       ?Suspend@CEX@@UAEXH@Z      00407250 f cmd.obj
 0001:000062a0       ?SetModalGob@CEX@@UAEXPAVGOB@@@Z 004072a0 f cmd.obj
 0001:000062c0       ??_GCMH@@UAEPAXI@Z         004072c0 f cmd.obj
 0001:000062c0       ??_ECMH@@UAEPAXI@Z         004072c0 f cmd.obj
 0001:000062e0       ??_ECEX@@UAEPAXI@Z         004072e0 f cmd.obj
 0001:000062e0       ??_GCEX@@UAEPAXI@Z         004072e0 f cmd.obj
 0001:00006390       ?Pcmm@CMH@@MAEPAUCMM@1@XZ  00407390 f cmd.obj
 0001:000063a0       ?FWouldBe@CURS@@SGHJ@Z     004073a0 f cursor.obj
 0001:000063c0       ?FIs@CURS@@UAEHJ@Z         004073c0 f cursor.obj
 0001:000063d0       ?Cls@CURS@@UAEJXZ          004073d0 f cursor.obj
 0001:000063e0       ??1CURS@@MAE@XZ            004073e0 f cursor.obj
 0001:00006400       ?FReadCurs@CURS@@SGHPAVCRF@@KKPAVBLCK@@PAPAVBACO@@PAJ@Z 00407400 f cursor.obj
 0001:00006740       ?Set@CURS@@QAEXXZ          00407740 f cursor.obj
 0001:00006760       ??_GCURS@@MAEPAXI@Z        00407760 f cursor.obj
 0001:00006760       ??_ECURS@@MAEPAXI@Z        00407760 f cursor.obj
 0001:00006820       ?FWouldBe@GNV@@SGHJ@Z      00407820 f gfx.obj
 0001:00006840       ?FIs@GNV@@UAEHJ@Z          00407840 f gfx.obj
 0001:00006850       ?Cls@GNV@@UAEJXZ           00407850 f gfx.obj
 0001:00006860       ?FWouldBe@GPT@@SGHJ@Z      00407860 f gfx.obj
 0001:00006880       ?FIs@GPT@@UAEHJ@Z          00407880 f gfx.obj
 0001:00006890       ?Cls@GPT@@UAEJXZ           00407890 f gfx.obj
 0001:000068a0       ?FWouldBe@NTL@@SGHJ@Z      004078a0 f gfx.obj
 0001:000068c0       ?FIs@NTL@@UAEHJ@Z          004078c0 f gfx.obj
 0001:000068d0       ?Cls@NTL@@UAEJXZ           004078d0 f gfx.obj
 0001:000068e0       ?SetFromLw@ACR@@QAEXJ@Z    004078e0 f gfx.obj
 0001:000068f0       ?LwGet@ACR@@QBEJXZ         004078f0 f gfx.obj
 0001:00006900       ?GetClr@ACR@@QAEXPAUCLR@@@Z 00407900 f gfx.obj
 0001:00006920       ?MoveOrigin@APT@@QAEXJJ@Z  00407920 f gfx.obj
 0001:00006990       ??0GNV@@QAE@PAVGPT@@@Z     00407990 f gfx.obj
 0001:000069d0       ??0GNV@@QAE@PAVGOB@@@Z     004079d0 f gfx.obj
 0001:00006a10       ??0GNV@@QAE@PAVGOB@@PAVGPT@@@Z 00407a10 f gfx.obj
 0001:00006a50       ??1GNV@@UAE@XZ             00407a50 f gfx.obj
 0001:00006a80       ?_Init@GNV@@AAEXPAVGPT@@@Z 00407a80 f gfx.obj
 0001:00006b30       ?SetGobRc@GNV@@QAEXPAVGOB@@@Z 00407b30 f gfx.obj
 0001:00006ba0       ?FillRcApt@GNV@@QAEXPAVRC@@PAUAPT@@VACR@@2@Z 00407ba0 f gfx.obj
 0001:00006c10       ?FillRc@GNV@@QAEXPAVRC@@VACR@@@Z 00407c10 f gfx.obj
 0001:00006c50       ?FrameRcApt@GNV@@QAEXPAVRC@@PAUAPT@@VACR@@2@Z 00407c50 f gfx.obj
 0001:00006cd0       ?FrameRc@GNV@@QAEXPAVRC@@VACR@@@Z 00407cd0 f gfx.obj
 0001:00006d20       ?HiliteRc@GNV@@QAEXPAVRC@@VACR@@@Z 00407d20 f gfx.obj
 0001:00006d60       ?ScrollRc@GNV@@QAEXPAVRC@@JJ00@Z 00407d60 f gfx.obj
 0001:00006e30       ?GetBadRcForScroll@GNV@@SGXPAVRC@@JJ00@Z 00407e30 f gfx.obj
 0001:00006f30       ?GetRcSrc@GNV@@QAEXPAVRC@@@Z 00407f30 f gfx.obj
 0001:00006f60       ?SetRcSrc@GNV@@QAEXPAVRC@@@Z 00407f60 f gfx.obj
 0001:00006fa0       ?SetRcDst@GNV@@QAEXPAVRC@@@Z 00407fa0 f gfx.obj
 0001:00007060       ?SetRcVis@GNV@@QAEXPAVRC@@@Z 00408060 f gfx.obj
 0001:00007100       ?ClipRc@GNV@@QAEXPAVRC@@@Z 00408100 f gfx.obj
 0001:000071e0       ?SetPenSize@GNV@@QAEXJJ@Z  004081e0 f gfx.obj
 0001:00007220       ?SetFont@GNV@@QAEXJKJJJ@Z  00408220 f gfx.obj
 0001:00007260       ?SetOnn@GNV@@QAEXJ@Z       00408260 f gfx.obj
 0001:00007270       ?DrawRgch@GNV@@QAEXPADJJJVACR@@1@Z 00408270 f gfx.obj
 0001:000072d0       ?DrawStn@GNV@@QAEXPAVSTN@@JJVACR@@1@Z 004082d0 f gfx.obj
 0001:00007300       ?GetRcFromRgch@GNV@@QAEXPAVRC@@PADJJJ@Z 00408300 f gfx.obj
 0001:00007370       ?CopyPixels@GNV@@QAEXPAV1@PAVRC@@1@Z 00408370 f gfx.obj
 0001:000073d0       ?_FInitPaletteTrans@GNV@@AAEHPAVGL@@PAPAV2@1J@Z 004083d0 f gfx.obj
 0001:00007480       ?_PaletteTrans@GNV@@AAEXPAVGL@@0JJ0PAUCLR@@@Z 00408480 f gfx.obj
 0001:000075e0       ?_FEnsureTempGnv@GNV@@AAEHPAPAV1@PAVRC@@@Z 004085e0 f gfx.obj
 0001:00007670       ?Wipe@GNV@@QAEXJVACR@@PAV1@PAVRC@@2KPAVGL@@@Z 00408670 f gfx.obj
 0001:00007920       ?Slide@GNV@@QAEXJVACR@@PAV1@PAVRC@@2KPAVGL@@@Z 00408920 f gfx.obj
 0001:00007cd0       ?Dissolve@GNV@@QAEXJJVACR@@PAV1@PAVRC@@2KPAVGL@@@Z 00408cd0 f gfx.obj
 0001:000084d0       ?Fade@GNV@@QAEXJVACR@@PAV1@PAVRC@@2KPAVGL@@@Z 004094d0 f gfx.obj
 0001:000086d0       ?Iris@GNV@@QAEXJJJVACR@@PAV1@PAVRC@@2KPAVGL@@@Z 004096d0 f gfx.obj
 0001:00008c00       ?DrawMbmp@GNV@@QAEXPAVMBMP@@PAVRC@@@Z 00409c00 f gfx.obj
 0001:00008c40       ?_FMapRcRcs@GNV@@AAEHPAVRC@@PAUtagRECT@@@Z 00409c40 f gfx.obj
 0001:00008cc0       ?_MapPtPts@GNV@@AAEXJJPAUtagPOINT@@@Z 00409cc0 f gfx.obj
 0001:00008d10       ?ClipToRegn@GPT@@QAEXPAPAVREGN@@@Z 00409d10 f gfx.obj
 0001:00008d70       ?SetPtBase@GPT@@QAEXPAVPT@@@Z 00409d70 f gfx.obj
 0001:00008d90       ?GetPtBase@GPT@@QAEXPAVPT@@@Z 00409d90 f gfx.obj
 0001:00008db0       ?FInitGfx@@YGHXZ           00409db0 f gfx.obj
 0001:00008dc0       ??0NTL@@QAE@XZ             00409dc0 f gfx.obj
 0001:00008de0       ??1NTL@@UAE@XZ             00409de0 f gfx.obj
 0001:00008e10       ?GetStn@NTL@@QAEXJPAVSTN@@@Z 00409e10 f gfx.obj
 0001:00008e30       ?FGetOnn@NTL@@QAEHPAVSTN@@PAJ@Z 00409e30 f gfx.obj
 0001:00008e50       ?OnnMapStn@NTL@@QAEJPAVSTN@@F@Z 00409e50 f gfx.obj
 0001:00008e80       ?OnnMac@NTL@@QAEJXZ        00409e80 f gfx.obj
 0001:00008e90       ?DoubleStretch@@YGXPAEJJPAVRC@@0JJJJ1PAVREGN@@@Z 00409e90 f gfx.obj
 0001:00009350       ?DoubleVertStretch@@YGXPAEJJPAVRC@@0JJJJ1PAVREGN@@@Z 0040a350 f gfx.obj
 0001:00009810       ??_EGNV@@UAEPAXI@Z         0040a810 f gfx.obj
 0001:00009810       ??_GGNV@@UAEPAXI@Z         0040a810 f gfx.obj
 0001:00009830       ??_GNTL@@UAEPAXI@Z         0040a830 f gfx.obj
 0001:00009830       ??_ENTL@@UAEPAXI@Z         0040a830 f gfx.obj
 0001:00009850       ?FWouldBe@GOB@@SGHJ@Z      0040a850 f gob.obj
 0001:00009870       ?FIs@GOB@@UAEHJ@Z          0040a870 f gob.obj
 0001:00009880       ?Cls@GOB@@UAEJXZ           0040a880 f gob.obj
 0001:00009890       ?FWouldBe@GTE@@SGHJ@Z      0040a890 f gob.obj
 0001:000098b0       ?FIs@GTE@@UAEHJ@Z          0040a8b0 f gob.obj
 0001:000098c0       ?Cls@GTE@@UAEJXZ           0040a8c0 f gob.obj
 0001:000098d0       ?Set@GCB@@QAEXJPAVGOB@@KJPAVRC@@1@Z 0040a8d0 f gob.obj
 0001:00009960       ?ShutDown@GOB@@SGXXZ       0040a960 f gob.obj
 0001:000099a0       ??0GOB@@QAE@PAUGCB@@@Z     0040a9a0 f gob.obj
 0001:000099d0       ?_Init@GOB@@IAEXPAUGCB@@@Z 0040a9d0 f gob.obj
 0001:00009a70       ??0GOB@@QAE@J@Z            0040aa70 f gob.obj
 0001:00009ad0       ?Release@GOB@@UAEXXZ       0040aad0 f gob.obj
 0001:00009b20       ??1GOB@@MAE@XZ             0040ab20 f gob.obj
 0001:00009bc0       ?ActivateHwnd@GOB@@SGXPAUHWND__@@H@Z 0040abc0 f gob.obj
 0001:00009c60       ?BringToFront@GOB@@QAEXXZ  0040ac60 f gob.obj
 0001:00009c70       ?SendBehind@GOB@@QAEXPAV1@@Z 0040ac70 f gob.obj
 0001:00009cd0       ?InvalRc@GOB@@QAEXPAVRC@@J@Z 0040acd0 f gob.obj
 0001:00009e10       ?ValidRc@GOB@@QAEXPAVRC@@J@Z 0040ae10 f gob.obj
 0001:00009f00       ?FGetRcInval@GOB@@QAEHPAVRC@@J@Z 0040af00 f gob.obj
 0001:0000a070       ?Scroll@GOB@@QAEXPAVRC@@JJJ00@Z 0040b070 f gob.obj
 0001:0000a470       ?DrawTree@GOB@@UAEXPAVGPT@@PAVRC@@1K@Z 0040b470 f gob.obj
 0001:0000a840       ?DrawTreeRgn@GOB@@UAEXPAVGPT@@PAVRC@@PAVREGN@@K@Z 0040b840 f gob.obj
 0001:0000ac80       ?Draw@GOB@@UAEXPAVGNV@@PAVRC@@@Z 0040bc80 f gob.obj
 0001:0000ac90       ?Maximize@GOB@@UAEXXZ      0040bc90 f gob.obj
 0001:0000acc0       ?SetPos@GOB@@QAEXPAVRC@@0@Z 0040bcc0 f gob.obj
 0001:0000ad40       ?GetPos@GOB@@QAEXPAVRC@@0@Z 0040bd40 f gob.obj
 0001:0000ad90       ?SetRcFromHwnd@GOB@@QAEXXZ 0040bd90 f gob.obj
 0001:0000ada0       ?GetRc@GOB@@QAEXPAVRC@@J@Z 0040bda0 f gob.obj
 0001:0000ae00       ?GetRcVis@GOB@@QAEXPAVRC@@J@Z 0040be00 f gob.obj
 0001:0000ae60       ?_HwndGetRc@GOB@@IAEPAUHWND__@@PAVRC@@@Z 0040be60 f gob.obj
 0001:0000aec0       ?HwndContainer@GOB@@QAEPAUHWND__@@XZ 0040bec0 f gob.obj
 0001:0000aee0       ?MapPt@GOB@@QAEXPAVPT@@JJ@Z 0040bee0 f gob.obj
 0001:0000af30       ?_HwndGetDptFromCoo@GOB@@AAEPAUHWND__@@PAVPT@@J@Z 0040bf30 f gob.obj
 0001:0000b070       ?GetMinMax@GOB@@UAEXPAVRC@@@Z 0040c070 f gob.obj
 0001:0000b090       ?PgobFromPtGlobal@GOB@@SGPAV1@JJPAVPT@@@Z 0040c090 f gob.obj
 0001:0000b110       ?PgobFromPt@GOB@@UAEPAV1@JJPAVPT@@@Z 0040c110 f gob.obj
 0001:0000b1a0       ?FPtIn@GOB@@UAEHJJ@Z       0040c1a0 f gob.obj
 0001:0000b1e0       ?FPtInBounds@GOB@@UAEHJJ@Z 0040c1e0 f gob.obj
 0001:0000b220       ?MouseDown@GOB@@UAEXJJJK@Z 0040c220 f gob.obj
 0001:0000b2c0       ?_SetRcCur@GOB@@AAEXXZ     0040c2c0 f gob.obj
 0001:0000b520       ?PgobPrevSib@GOB@@QAEPAV1@XZ 0040c520 f gob.obj
 0001:0000b560       ?PgobLastChild@GOB@@QAEPAV1@XZ 0040c560 f gob.obj
 0001:0000b580       ?FCreateAndAttachMdi@GOB@@QAEHPAVSTN@@@Z 0040c580 f gob.obj
 0001:0000b5c0       ?PgobFromCls@GOB@@QAEPAV1@J@Z 0040c5c0 f gob.obj
 0001:0000b620       ?PgobParFromCls@GOB@@QAEPAV1@J@Z 0040c620 f gob.obj
 0001:0000b650       ?PgobFromHidScr@GOB@@SGPAV1@J@Z 0040c650 f gob.obj
 0001:0000b680       ?PgobFromHid@GOB@@QAEPAV1@J@Z 0040c680 f gob.obj
 0001:0000b6e0       ?FCmdCloseWnd@GOB@@UAEHPAUCMD@@@Z 0040c6e0 f gob.obj
 0001:0000b6f0       ?FCmdTrackMouse@GOB@@UAEHPAUCMD_MOUSE@@@Z 0040c6f0 f gob.obj
 0001:0000b700       ?FCmdKey@GOB@@UAEHPAUCMD_KEY@@@Z 0040c700 f gob.obj
 0001:0000b710       ?FCmdBadKey@GOB@@UAEHPAUCMD_BADKEY@@@Z 0040c710 f gob.obj
 0001:0000b720       ?FCmdSelIdle@GOB@@UAEHPAUCMD@@@Z 0040c720 f gob.obj
 0001:0000b730       ?FCmdActivateSel@GOB@@UAEHPAUCMD@@@Z 0040c730 f gob.obj
 0001:0000b740       ?FCmdMouseMove@GOB@@UAEHPAUCMD_MOUSE@@@Z 0040c740 f gob.obj
 0001:0000b760       ?ZpDragRc@GOB@@UAEJPAVRC@@HJJJJJ@Z 0040c760 f gob.obj
 0001:0000bb80       ?Ppglrtvm@GOB@@UAEPAPAVGL@@XZ 0040cb80 f gob.obj
 0001:0000bb90       ?FEnsureToolTip@GOB@@UAEHPAPAV1@JJ@Z 0040cb90 f gob.obj
 0001:0000bba0       ?LwState@GOB@@UAEJXZ       0040cba0 f gob.obj
 0001:0000bbb0       ??0GTE@@QAE@XZ             0040cbb0 f gob.obj
 0001:0000bbd0       ?Init@GTE@@QAEXPAVGOB@@K@Z 0040cbd0 f gob.obj
 0001:0000bc00       ?FNextGob@GTE@@QAEHPAPAVGOB@@PAKK@Z 0040cc00 f gob.obj
 0001:0000bd10       ?Pcmm@GOB@@MAEPAUCMM@CMH@@XZ 0040cd10 f gob.obj
 0001:0000bd20       ?_NewRc@GOB@@MAEXXZ        0040cd20 f gob.obj
 0001:0000bd30       ?_ActivateHwnd@GOB@@MAEXH@Z 0040cd30 f gob.obj
 0001:0000bd40       ?FCmdTrackMouseCore@GOB@@QAEHPAUCMD@@@Z 0040cd40 f gob.obj
 0001:0000bd50       ?FCmdMouseMoveCore@GOB@@QAEHPAUCMD@@@Z 0040cd50 f gob.obj
 0001:0000bd60       ?FCmdKeyCore@GOB@@QAEHPAUCMD@@@Z 0040cd60 f gob.obj
 0001:0000bd70       ?FCmdBadKeyCore@GOB@@QAEHPAUCMD@@@Z 0040cd70 f gob.obj
 0001:0000bd80       ??_GGOB@@MAEPAXI@Z         0040cd80 f gob.obj
 0001:0000bd80       ??_EGOB@@MAEPAXI@Z         0040cd80 f gob.obj
 0001:0000bda0       ??_EGTE@@UAEPAXI@Z         0040cda0 f gob.obj
 0001:0000bda0       ??_GGTE@@UAEPAXI@Z         0040cda0 f gob.obj
 0001:0000bdc0       ??_9@$BHA@A                0040cdc0 f gob.obj
 0001:0000bdd0       ??_9@$BHE@A                0040cdd0 f gob.obj
 0001:0000bde0       ??_9@$BFM@A                0040cde0 f gob.obj
 0001:0000bdf0       ?Draw@MBMP@@QAEXPAEJJJJPAVRC@@PAVREGN@@@Z 0040cdf0 f mbmpgui.obj
 0001:0000c340       ?DrawMask@MBMP@@QAEXPAEJJJJPAVRC@@@Z 0040d340 f mbmpgui.obj
 0001:0000c660       ?FWouldBe@REGN@@SGHJ@Z     0040d660 f region.obj
 0001:0000c680       ?FIs@REGN@@UAEHJ@Z         0040d680 f region.obj
 0001:0000c690       ?Cls@REGN@@UAEJXZ          0040d690 f region.obj
 0001:0000c6a0       ?FWouldBe@REGSC@@SGHJ@Z    0040d6a0 f region.obj
 0001:0000c6c0       ?FIs@REGSC@@UAEHJ@Z        0040d6c0 f region.obj
 0001:0000c6d0       ?Cls@REGSC@@UAEJXZ         0040d6d0 f region.obj
 0001:0000c6e0       ?FInit@REGBL@@QAEHPAVRC@@PAVGL@@@Z 0040d6e0 f region.obj
 0001:0000c790       ?FStartRow@REGBL@@QAEHJJ@Z 0040d790 f region.obj
 0001:0000c840       ?EndRow@REGBL@@QAEXXZ      0040d840 f region.obj
 0001:0000c900       ?PglxpFree@REGBL@@QAEPAVGL@@PAVRC@@PAJ@Z 0040d900 f region.obj
 0001:0000c9c0       ??0REGSC@@QAE@XZ           0040d9c0 f region.obj
 0001:0000c9e0       ??1REGSC@@UAE@XZ           0040d9e0 f region.obj
 0001:0000ca00       ?Free@REGSC@@QAEXXZ        0040da00 f region.obj
 0001:0000ca30       ?Init@REGSC@@QAEXPAVREGN@@PAVRC@@@Z 0040da30 f region.obj
 0001:0000ca90       ?InitRc@REGSC@@QAEXPAVRC@@0@Z 0040da90 f region.obj
 0001:0000cab0       ?_InitCore@REGSC@@IAEXPAVGL@@PAVRC@@1@Z 0040dab0 f region.obj
 0001:0000cbb0       ?_ScanNextCore@REGSC@@IAEXXZ 0040dbb0 f region.obj
 0001:0000ccf0       ?PregnNew@REGN@@SGPAV1@PAVRC@@@Z 0040dcf0 f region.obj
 0001:0000cd40       ??1REGN@@UAE@XZ            0040dd40 f region.obj
 0001:0000cd70       ?SetRc@REGN@@QAEXPAVRC@@@Z 0040dd70 f region.obj
 0001:0000cdd0       ?Offset@REGN@@QAEXJJ@Z     0040ddd0 f region.obj
 0001:0000ce00       ?FEmpty@REGN@@QAEHPAVRC@@@Z 0040de00 f region.obj
 0001:0000ce50       ?FIsRc@REGN@@QAEHPAVRC@@@Z 0040de50 f region.obj
 0001:0000ce80       ?FUnion@REGN@@QAEHPAV1@0@Z 0040de80 f region.obj
 0001:0000cfa0       ?FUnionRc@REGN@@QAEHPAVRC@@PAV1@@Z 0040dfa0 f region.obj
 0001:0000d0d0       ?_FUnionCore@REGN@@IAEHPAVRC@@PAVREGSC@@1@Z 0040e0d0 f region.obj
 0001:0000d3f0       ?FIntersect@REGN@@QAEHPAV1@0@Z 0040e3f0 f region.obj
 0001:0000d520       ?_FIntersectCore@REGN@@IAEHPAVRC@@PAVREGSC@@1@Z 0040e520 f region.obj
 0001:0000d820       ?FDiff@REGN@@QAEHPAV1@0@Z  0040e820 f region.obj
 0001:0000d920       ?FDiffRc@REGN@@QAEHPAVRC@@PAV1@@Z 0040e920 f region.obj
 0001:0000da30       ?_FDiffCore@REGN@@IAEHPAVRC@@PAVREGSC@@1@Z 0040ea30 f region.obj
 0001:0000dd60       ?HrgnCreate@REGN@@QAEPAUHRGN__@@XZ 0040ed60 f region.obj
 0001:0000dfd0       ?HrgnEnsure@REGN@@QAEPAUHRGN__@@XZ 0040efd0 f region.obj
 0001:0000e030       ??_GREGN@@UAEPAXI@Z        0040f030 f region.obj
 0001:0000e030       ??_EREGN@@UAEPAXI@Z        0040f030 f region.obj
 0001:0000e050       ?XpFetch@REGSC@@QAEJXZ     0040f050 f region.obj
 0001:0000e0d0       ??_GREGBL@@UAEPAXI@Z       0040f0d0 f region.obj
 0001:0000e0d0       ??_EREGBL@@UAEPAXI@Z       0040f0d0 f region.obj
 0001:0000e110       ??_EREGSC@@UAEPAXI@Z       0040f110 f region.obj
 0001:0000e110       ??_GREGSC@@UAEPAXI@Z       0040f110 f region.obj
 0001:0000e270       _WinMain@16                0040f270 f appbwin.obj
 0001:0000e2b0       ?Abort@APPB@@UAEXXZ        0040f2b0 f appbwin.obj
 0001:0000e2d0       ?_FInitOS@APPB@@MAEHXZ     0040f2d0 f appbwin.obj
 0001:0000e460       ?_FGetNextEvt@APPB@@MAEHPAUtagMSG@@@Z 0040f460 f appbwin.obj
 0001:0000e4b0       ?TrackMouse@APPB@@QAEXPAVGOB@@PAVPT@@@Z 0040f4b0 f appbwin.obj
 0001:0000e550       ?_DispatchEvt@APPB@@MAEXPAUtagMSG@@@Z 0040f550 f appbwin.obj
 0001:0000e640       ?_FTranslateKeyEvt@APPB@@MAEHPAUtagMSG@@PAUCMD_KEY@@@Z 0040f640 f appbwin.obj
 0001:0000e700       ?FGetNextKeyFromOsQueue@APPB@@UAEHPAUCMD_KEY@@@Z 0040f700 f appbwin.obj
 0001:0000e810       ?FlushUserEvents@APPB@@UAEXK@Z 0040f810 f appbwin.obj
 0001:0000e870       ?_ShutDownViewer@APPB@@IAEXXZ 0040f870 f appbwin.obj
 0001:0000e8a0       ?_LuWndProc@APPB@@KGJPAUHWND__@@IIJ@Z 0040f8a0 f appbwin.obj
 0001:0000e920       ?_FFrameWndProc@APPB@@MAEHPAUHWND__@@IIJPAJ@Z 0040f920 f appbwin.obj
 0001:0000f0f0       ?_LuMdiWndProc@APPB@@KGJPAUHWND__@@IIJ@Z 004100f0 f appbwin.obj
 0001:0000f160       ?_FMdiWndProc@APPB@@MAEHPAUHWND__@@IIJPAJ@Z 00410160 f appbwin.obj
 0001:0000f250       ?_FCommonWndProc@APPB@@MAEHPAUHWND__@@IIJPAJ@Z 00410250 f appbwin.obj
 0001:0000f710       ?TGiveAlertSz@APPB@@UAEHPADJJ@Z 00410710 f appbwin.obj
 0001:0000f860       ?_HrgnNew@@YGPAUHRGN__@@PAUtagRECT@@JJH@Z 00410860 f gfxwin.obj
 0001:0000f8c0       ?_Scr@ACR@@AAEKXZ          004108c0 f gfxwin.obj
 0001:0000f900       ?Flush@GPT@@SGXXZ          00410900 f gfxwin.obj
 0001:0000f910       ?SetActiveColors@GPT@@SGXPAVGL@@K@Z 00410910 f gfxwin.obj
 0001:0000fdd0       ?PglclrGetPalette@GPT@@SGPAVGL@@XZ 00410dd0 f gfxwin.obj
 0001:0000fe20       ?CclrSetPalette@GPT@@SGJPAUHWND__@@H@Z 00410e20 f gfxwin.obj
 0001:0000fef0       ?PgptNew@GPT@@SGPAV1@PAUHDC__@@@Z 00410ef0 f gfxwin.obj
 0001:0000ff50       ?PgptNewHwnd@GPT@@SGPAV1@PAUHWND__@@@Z 00410f50 f gfxwin.obj
 0001:0000ffa0       ?_FInit@GPT@@AAEHPAUHDC__@@@Z 00410fa0 f gfxwin.obj
 0001:00010050       ??1GPT@@EAE@XZ             00411050 f gfxwin.obj
 0001:000100f0       ?_Scr@GPT@@AAEKVACR@@@Z    004110f0 f gfxwin.obj
 0001:00010170       ?PgptNewOffscreen@GPT@@SGPAV1@PAVRC@@J@Z 00411170 f gfxwin.obj
 0001:000104d0       ?PrgbLockPixels@GPT@@QAEPAEPAVRC@@@Z 004114d0 f gfxwin.obj
 0001:00010520       ?CbRow@GPT@@QAEJXZ         00411520 f gfxwin.obj
 0001:00010530       ?CbitPixel@GPT@@QAEJXZ     00411530 f gfxwin.obj
 0001:00010580       ?Lock@GPT@@QAEXXZ          00411580 f gfxwin.obj
 0001:00010590       ?Unlock@GPT@@QAEXXZ        00411590 f gfxwin.obj
 0001:000105b0       ?HiliteRcs@GPT@@QAEXPAUtagRECT@@PAUGDD@@@Z 004115b0 f gfxwin.obj
 0001:000105e0       ?DrawRcs@GPT@@QAEXPAUtagRECT@@PAUGDD@@@Z 004115e0 f gfxwin.obj
 0001:00010630       ?_FrameRcsOval@GPT@@AAEXPAUtagRECT@@PAUGDD@@H@Z 00411630 f gfxwin.obj
 0001:000106f0       ?_FillRcs@GPT@@AAEXPAUtagRECT@@@Z 004116f0 f gfxwin.obj
 0001:00010720       ?_FillRgn@GPT@@AAEXPAPAUHRGN__@@@Z 00411720 f gfxwin.obj
 0001:00010750       ?_SetClip@GPT@@AAEXPAUtagRECT@@@Z 00411750 f gfxwin.obj
 0001:00010900       ?_EnsurePalette@GPT@@AAEXXZ 00411900 f gfxwin.obj
 0001:000109c0       ?_Fill@GPT@@AAEXPAXPAUGDD@@P81@EX0@Z@Z 004119c0 f gfxwin.obj
 0001:00010be0       ?ScrollRcs@GPT@@QAEXPAUtagRECT@@JJPAUGDD@@@Z 00411be0 f gfxwin.obj
 0001:00010c20       ?DrawRgch@GPT@@QAEXPADJUtagPOINT@@PAUGDD@@PAUDSF@@@Z 00411c20 f gfxwin.obj
 0001:00010e00       ?GetRcsFromRgch@GPT@@QAEXPAUtagRECT@@PADJUtagPOINT@@PAUDSF@@@Z 00411e00 f gfxwin.obj
 0001:00010ec0       ?_SetAptBrush@GPT@@AAEXPAUAPT@@@Z 00411ec0 f gfxwin.obj
 0001:00010f90       ?_SetAcrBrush@GPT@@AAEXVACR@@@Z 00411f90 f gfxwin.obj
 0001:00011010       ?_SetStockBrush@GPT@@AAEXH@Z 00412010 f gfxwin.obj
 0001:00011080       ?_SetTextProps@GPT@@AAEXPAUDSF@@@Z 00412080 f gfxwin.obj
 0001:00011150       ?CopyPixels@GPT@@QAEXPAV1@PAUtagRECT@@1PAUGDD@@@Z 00412150 f gfxwin.obj
 0001:00011530       ?DrawMbmp@GPT@@QAEXPAVMBMP@@PAUtagRECT@@PAUGDD@@@Z 00412530 f gfxwin.obj
 0001:00011890       ?FInit@NTL@@QAEHXZ         00412890 f gfxwin.obj
 0001:00011950       ?_FEnumFont@@YGHPAUtagLOGFONTA@@PAUtagTEXTMETRICA@@KJ@Z 00412950 f gfxwin.obj
 0001:000119b0       ?HfntCreate@NTL@@QAEPAUHFONT__@@PAUDSF@@@Z 004129b0 f gfxwin.obj
 0001:00011a40       ?FFixedPitch@NTL@@QAEHJ@Z  00412a40 f gfxwin.obj
 0001:00011a70       ?FCreateRgn@@YGHPAPAUHRGN__@@PAVRC@@@Z 00412a70 f gfxwin.obj
 0001:00011ad0       ?FreePhrgn@@YGXPAPAUHRGN__@@@Z 00412ad0 f gfxwin.obj
 0001:00011b00       ??_EGPT@@EAEPAXI@Z         00412b00 f gfxwin.obj
 0001:00011b00       ??_GGPT@@EAEPAXI@Z         00412b00 f gfxwin.obj
 0001:00011b20       ?FInitScreen@GOB@@SGHKJ@Z  00412b20 f gobwin.obj
 0001:00011b90       ?FAttachHwnd@GOB@@QAEHPAUHWND__@@@Z 00412b90 f gobwin.obj
 0001:00011bf0       ?PgobFromHwnd@GOB@@SGPAV1@PAUHWND__@@@Z 00412bf0 f gobwin.obj
 0001:00011c50       ?HwndMdiActive@GOB@@SGPAUHWND__@@XZ 00412c50 f gobwin.obj
 0001:00011c80       ?_HwndNewMdi@GOB@@KGPAUHWND__@@PAVSTN@@@Z 00412c80 f gobwin.obj
 0001:00011d80       ?_DestroyHwnd@GOB@@KGXPAUHWND__@@@Z 00412d80 f gobwin.obj
 0001:00011e00       ?GetPtMouse@GOB@@QAEXPAVPT@@PAH@Z 00412e00 f gobwin.obj
 0001:00011ea0       ?Clean@GOB@@UAEXXZ         00412ea0 f gobwin.obj
 0001:00011f20       ?SetHwndName@GOB@@QAEXPAVSTN@@@Z 00412f20 f gobwin.obj
 0001:00011f60       ?MakeHwndActive@GOB@@SGXPAUHWND__@@@Z 00412f60 f gobwin.obj
 0001:00012040       ?FWouldBe@MUB@@SGHJ@Z      00413040 f menuwin.obj
 0001:00012060       ?FIs@MUB@@UAEHJ@Z          00413060 f menuwin.obj
 0001:00012070       ?Cls@MUB@@UAEJXZ           00413070 f menuwin.obj
 0001:00012080       ??1MUB@@UAE@XZ             00413080 f menuwin.obj
 0001:000120a0       ?PmubNew@MUB@@SGPAV1@K@Z   004130a0 f menuwin.obj
 0001:00012130       ?Set@MUB@@UAEXXZ           00413130 f menuwin.obj
 0001:00012180       ?Clean@MUB@@UAEXXZ         00413180 f menuwin.obj
 0001:000122c0       ?EnqueueWcid@MUB@@UAEXJ@Z  004132c0 f menuwin.obj
 0001:00012300       ?FAddListCid@MUB@@UAEHJJPAVSTN@@@Z 00413300 f menuwin.obj
 0001:00012500       ?FRemoveListCid@MUB@@UAEHJJPAVSTN@@@Z 00413500 f menuwin.obj
 0001:00012790       ?FRemoveAllListCid@MUB@@UAEHJ@Z 00413790 f menuwin.obj
 0001:00012940       ?FChangeListCid@MUB@@UAEHJJPAVSTN@@J0@Z 00413940 f menuwin.obj
 0001:00012aa0       ?_FGetCmdForWcid@MUB@@AAEHJPAUCMD@@@Z 00413aa0 f menuwin.obj
 0001:00012be0       ?_FFindMlst@MUB@@AAEHJPAUMLST@1@PAJ@Z 00413be0 f menuwin.obj
 0001:00012c70       ?_FInitLists@MUB@@AAEHXZ   00413c70 f menuwin.obj
 0001:00012f70       ??_EMUB@@UAEPAXI@Z         00413f70 f menuwin.obj
 0001:00012f70       ??_GMUB@@UAEPAXI@Z         00413f70 f menuwin.obj
 0001:000130d0       ?FWouldBe@GRPB@@SGHJ@Z     004140d0 f groups.obj
 0001:000130f0       ?FIs@GRPB@@UAEHJ@Z         004140f0 f groups.obj
 0001:00013100       ?Cls@GRPB@@UAEJXZ          00414100 f groups.obj
 0001:00013110       ?FWouldBe@GLB@@SGHJ@Z      00414110 f groups.obj
 0001:00013130       ?FIs@GLB@@UAEHJ@Z          00414130 f groups.obj
 0001:00013140       ?Cls@GLB@@UAEJXZ           00414140 f groups.obj
 0001:00013150       ?FWouldBe@GL@@SGHJ@Z       00414150 f groups.obj
 0001:00013170       ?FIs@GL@@UAEHJ@Z           00414170 f groups.obj
 0001:00013180       ?Cls@GL@@UAEJXZ            00414180 f groups.obj
 0001:00013190       ?FWouldBe@AL@@SGHJ@Z       00414190 f groups.obj
 0001:000131b0       ?FIs@AL@@UAEHJ@Z           004141b0 f groups.obj
 0001:000131c0       ?Cls@AL@@UAEJXZ            004141c0 f groups.obj
 0001:000131d0       ?FWouldBe@GGB@@SGHJ@Z      004141d0 f groups.obj
 0001:000131f0       ?FIs@GGB@@UAEHJ@Z          004141f0 f groups.obj
 0001:00013200       ?Cls@GGB@@UAEJXZ           00414200 f groups.obj
 0001:00013210       ?FWouldBe@GG@@SGHJ@Z       00414210 f groups.obj
 0001:00013230       ?FIs@GG@@UAEHJ@Z           00414230 f groups.obj
 0001:00013240       ?Cls@GG@@UAEJXZ            00414240 f groups.obj
 0001:00013250       ?FWouldBe@AG@@SGHJ@Z       00414250 f groups.obj
 0001:00013270       ?FIs@AG@@UAEHJ@Z           00414270 f groups.obj
 0001:00013280       ?Cls@AG@@UAEJXZ            00414280 f groups.obj
 0001:00013290       ??1GRPB@@UAE@XZ            00414290 f groups.obj
 0001:000132c0       ?_FEnsureSizes@GRPB@@IAEHJJK@Z 004142c0 f groups.obj
 0001:000133a0       ?_FEnsureHqCb@GRPB@@AAEHPAPAXJJPAJ@Z 004143a0 f groups.obj
 0001:00013470       ?FWriteFlo@GRPB@@UAEHPAUFLO@@FF@Z 00414470 f groups.obj
 0001:000134c0       ?_FWrite@GRPB@@IAEHPAVBLCK@@PAXJJJ@Z 004144c0 f groups.obj
 0001:00013590       ?_FReadData@GRPB@@IAEHPAVBLCK@@JJJ@Z 00414590 f groups.obj
 0001:00013650       ??0GLB@@IAE@J@Z            00414650 f groups.obj
 0001:00013680       ?QvGet@GLB@@QAEPAXJ@Z      00414680 f groups.obj
 0001:000136a0       ?Get@GLB@@QAEXJPAX@Z       004146a0 f groups.obj
 0001:000136c0       ?Put@GLB@@QAEXJPAX@Z       004146c0 f groups.obj
 0001:000136e0       ?PvLock@GLB@@QAEPAXJ@Z     004146e0 f groups.obj
 0001:00013700       ?SetMinGrow@GLB@@QAEXJ@Z   00414700 f groups.obj
 0001:00013730       ?PglNew@GL@@SGPAV1@JJ@Z    00414730 f groups.obj
 0001:00013790       ?PglRead@GL@@SGPAV1@PAVBLCK@@PAF1@Z 00414790 f groups.obj
 0001:000137f0       ?PglRead@GL@@SGPAV1@PAVFIL@@JJPAF1@Z 004147f0 f groups.obj
 0001:00013840       ??0GL@@IAE@J@Z             00414840 f groups.obj
 0001:00013860       ?FFree@GL@@UAEHJ@Z         00414860 f groups.obj
 0001:00013880       ?CbOnFile@GL@@UAEJXZ       00414880 f groups.obj
 0001:00013890       ?FWrite@GL@@UAEHPAVBLCK@@FF@Z 00414890 f groups.obj
 0001:00013900       ?_FRead@GL@@IAEHPAVBLCK@@PAF1@Z 00414900 f groups.obj
 0001:000139d0       ?FInsert@GL@@QAEHJPAXJ@Z   004149d0 f groups.obj
 0001:00013a70       ?Delete@GL@@UAEXJ@Z        00414a70 f groups.obj
 0001:00013a80       ?Delete@GL@@QAEXJJ@Z       00414a80 f groups.obj
 0001:00013ac0       ?Move@GL@@QAEXJJ@Z         00414ac0 f groups.obj
 0001:00013ae0       ?FAdd@GL@@UAEHPAXPAJ@Z     00414ae0 f groups.obj
 0001:00013b10       ?FPop@GL@@QAEHPAX@Z        00414b10 f groups.obj
 0001:00013b40       ?FSetIvMac@GL@@QAEHJ@Z     00414b40 f groups.obj
 0001:00013b90       ?FEnsureSpace@GL@@QAEHJK@Z 00414b90 f groups.obj
 0001:00013bd0       ?PalNew@AL@@SGPAV1@JJ@Z    00414bd0 f groups.obj
 0001:00013c30       ??0AL@@IAE@J@Z             00414c30 f groups.obj
 0001:00013c50       ?CbOnFile@AL@@UAEJXZ       00414c50 f groups.obj
 0001:00013c70       ?FWrite@AL@@UAEHPAVBLCK@@FF@Z 00414c70 f groups.obj
 0001:00013cf0       ?FFree@AL@@UAEHJ@Z         00414cf0 f groups.obj
 0001:00013d30       ?FEnsureSpace@AL@@QAEHJK@Z 00414d30 f groups.obj
 0001:00013d80       ?FAdd@AL@@UAEHPAXPAJ@Z     00414d80 f groups.obj
 0001:00013e20       ?Delete@AL@@UAEXJ@Z        00414e20 f groups.obj
 0001:00013ee0       ??0GGB@@IAE@JH@Z           00414ee0 f groups.obj
 0001:00013f20       ?CbOnFile@GGB@@UAEJXZ      00414f20 f groups.obj
 0001:00013f30       ?FWrite@GGB@@UAEHPAVBLCK@@FF@Z 00414f30 f groups.obj
 0001:00014020       ?_FRead@GGB@@IAEHPAVBLCK@@PAF1@Z 00415020 f groups.obj
 0001:000141b0       ?FFree@GGB@@UAEHJ@Z        004151b0 f groups.obj
 0001:000141e0       ?FEnsureSpace@GGB@@QAEHJJK@Z 004151e0 f groups.obj
 0001:00014270       ?_RemoveRgb@GGB@@IAEXJJ@Z  00415270 f groups.obj
 0001:000142c0       ?_AdjustLocs@GGB@@IAEXJJJ@Z 004152c0 f groups.obj
 0001:00014310       ?QvFixedGet@GGB@@QAEPAXJPAJ@Z 00415310 f groups.obj
 0001:00014350       ?GetFixed@GGB@@QAEXJPAX@Z  00415350 f groups.obj
 0001:00014380       ?PutFixed@GGB@@QAEXJPAX@Z  00415380 f groups.obj
 0001:000143b0       ?Cb@GGB@@QAEJJ@Z           004153b0 f groups.obj
 0001:000143d0       ?QvGet@GGB@@QAEPAXJPAJ@Z   004153d0 f groups.obj
 0001:00014410       ?PvLock@GGB@@QAEPAXJPAJ@Z  00415410 f groups.obj
 0001:00014440       ?FPut@GGB@@QAEHJJPAX@Z     00415440 f groups.obj
 0001:000144b0       ?GetRgb@GGB@@QAEXJJJPAX@Z  004154b0 f groups.obj
 0001:000144f0       ?PutRgb@GGB@@QAEXJJJPAX@Z  004154f0 f groups.obj
 0001:00014530       ?DeleteRgb@GGB@@QAEXJJJ@Z  00415530 f groups.obj
 0001:000145c0       ?FInsertRgb@GGB@@QAEHJJJPAX@Z 004155c0 f groups.obj
 0001:000146e0       ?FMoveRgb@GGB@@QAEHJJJJJ@Z 004156e0 f groups.obj
 0001:00014870       ?Merge@GGB@@QAEXJJ@Z       00415870 f groups.obj
 0001:00014910       ?PggNew@GG@@SGPAV1@JJJ@Z   00415910 f groups.obj
 0001:00014980       ?PggRead@GG@@SGPAV1@PAVBLCK@@PAF1@Z 00415980 f groups.obj
 0001:000149e0       ?PggRead@GG@@SGPAV1@PAVFIL@@JJPAF1@Z 004159e0 f groups.obj
 0001:00014a30       ?FInsert@GG@@QAEHJJPAX0@Z  00415a30 f groups.obj
 0001:00014b00       ?FCopyEntries@GG@@QAEHPAV1@JJJ@Z 00415b00 f groups.obj
 0001:00014c10       ?FAdd@GG@@UAEHJPAJPAX1@Z   00415c10 f groups.obj
 0001:00014c40       ?Delete@GG@@UAEXJ@Z        00415c40 f groups.obj
 0001:00014ca0       ?Move@GG@@QAEXJJ@Z         00415ca0 f groups.obj
 0001:00014cc0       ?PagNew@AG@@SGPAV1@JJJ@Z   00415cc0 f groups.obj
 0001:00014d30       ?PagRead@AG@@SGPAV1@PAVBLCK@@PAF1@Z 00415d30 f groups.obj
 0001:00014d90       ?FAdd@AG@@UAEHJPAJPAX1@Z   00415d90 f groups.obj
 0001:00014ea0       ?Delete@AG@@UAEXJ@Z        00415ea0 f groups.obj
 0001:00014f30       ??_GGRPB@@UAEPAXI@Z        00415f30 f groups.obj
 0001:00014f30       ??_EGRPB@@UAEPAXI@Z        00415f30 f groups.obj
 0001:00014f50       ??_GGG@@UAEPAXI@Z          00415f50 f groups.obj
 0001:00014f50       ??_EGG@@UAEPAXI@Z          00415f50 f groups.obj
 0001:00014f70       ??_EAG@@UAEPAXI@Z          00415f70 f groups.obj
 0001:00014f70       ??_GAG@@UAEPAXI@Z          00415f70 f groups.obj
 0001:00014f90       ??_GGLB@@UAEPAXI@Z         00415f90 f groups.obj
 0001:00014f90       ??_EGLB@@UAEPAXI@Z         00415f90 f groups.obj
 0001:00014fb0       ??_EGL@@UAEPAXI@Z          00415fb0 f groups.obj
 0001:00014fb0       ??_GGL@@UAEPAXI@Z          00415fb0 f groups.obj
 0001:00014fd0       ??_GAL@@UAEPAXI@Z          00415fd0 f groups.obj
 0001:00014fd0       ??_EAL@@UAEPAXI@Z          00415fd0 f groups.obj
 0001:00014ff0       ??_GGGB@@UAEPAXI@Z         00415ff0 f groups.obj
 0001:00014ff0       ??_EGGB@@UAEPAXI@Z         00415ff0 f groups.obj
 0001:00015010       ?FWouldBe@GSTB@@SGHJ@Z     00416010 f groups2.obj
 0001:00015030       ?FIs@GSTB@@UAEHJ@Z         00416030 f groups2.obj
 0001:00015040       ?Cls@GSTB@@UAEJXZ          00416040 f groups2.obj
 0001:00015050       ?FWouldBe@GST@@SGHJ@Z      00416050 f groups2.obj
 0001:00015070       ?FIs@GST@@UAEHJ@Z          00416070 f groups2.obj
 0001:00015080       ?Cls@GST@@UAEJXZ           00416080 f groups2.obj
 0001:00015090       ??0GSTB@@IAE@JK@Z          00416090 f groups2.obj
 0001:000150d0       ?CbOnFile@GSTB@@UAEJXZ     004160d0 f groups2.obj
 0001:000150e0       ?FWrite@GSTB@@UAEHPAVBLCK@@FF@Z 004160e0 f groups2.obj
 0001:000151e0       ?_FRead@GSTB@@IAEHPAVBLCK@@PAF1@Z 004161e0 f groups2.obj
 0001:000153b0       ?FEnsureSpace@GSTB@@QAEHJJK@Z 004163b0 f groups2.obj
 0001:00015420       ?FAddStn@GSTB@@QAEHPAVSTN@@PAXPAJ@Z 00416420 f groups2.obj
 0001:00015440       ?FPutRgch@GSTB@@QAEHJPADJ@Z 00416440 f groups2.obj
 0001:000154e0       ?FPutStn@GSTB@@QAEHJPAVSTN@@@Z 004164e0 f groups2.obj
 0001:00015500       ?GetRgch@GSTB@@QAEXJPADJPAJ@Z 00416500 f groups2.obj
 0001:00015530       ?GetStn@GSTB@@QAEXJPAVSTN@@@Z 00416530 f groups2.obj
 0001:00015550       ?FFindStn@GSTB@@QAEHPAVSTN@@PAJK@Z 00416550 f groups2.obj
 0001:00015570       ?FFindRgch@GSTB@@UAEHPADJPAJK@Z 00416570 f groups2.obj
 0001:000155e0       ?GetExtra@GSTB@@QAEXJPAX@Z 004165e0 f groups2.obj
 0001:00015610       ?_Qst@GSTB@@IAEPADJ@Z      00416610 f groups2.obj
 0001:00015630       ?_AppendRgch@GSTB@@IAEXPADJ@Z 00416630 f groups2.obj
 0001:00015660       ?_RemoveSt@GSTB@@IAEXJ@Z   00416660 f groups2.obj
 0001:000156c0       ?_SwapBytesRgbst@GSTB@@IAEXXZ 004166c0 f groups2.obj
 0001:00015700       ?_TranslateGrst@GSTB@@IAEXFH@Z 00416700 f groups2.obj
 0001:000157b0       ?_FTranslateGrst@GSTB@@IAEHF@Z 004167b0 f groups2.obj
 0001:000159d0       ?FFree@GSTB@@UAEHJ@Z       004169d0 f groups2.obj
 0001:00015a00       ?PgstNew@GST@@SGPAV1@JJJ@Z 00416a00 f groups2.obj
 0001:00015a70       ?PgstRead@GST@@SGPAV1@PAVBLCK@@PAF1@Z 00416a70 f groups2.obj
 0001:00015ad0       ?FAddRgch@GST@@UAEHPADJPAXPAJ@Z 00416ad0 f groups2.obj
 0001:00015b00       ?FFindRgch@GST@@UAEHPADJPAJK@Z 00416b00 f groups2.obj
 0001:00015bd0       ?FInsertRgch@GST@@QAEHJPADJPAX@Z 00416bd0 f groups2.obj
 0001:00015c70       ?FInsertStn@GST@@QAEHJPAVSTN@@PAX@Z 00416c70 f groups2.obj
 0001:00015c90       ?Delete@GST@@UAEXJ@Z       00416c90 f groups2.obj
 0001:00015ce0       ??_GGST@@UAEPAXI@Z         00416ce0 f groups2.obj
 0001:00015ce0       ??_EGST@@UAEPAXI@Z         00416ce0 f groups2.obj
 0001:00015d00       ??_GGSTB@@UAEPAXI@Z        00416d00 f groups2.obj
 0001:00015d00       ??_EGSTB@@UAEPAXI@Z        00416d00 f groups2.obj
 0001:00015d20       ?FWouldBe@MBMP@@SGHJ@Z     00416d20 f mbmp.obj
 0001:00015d40       ?FIs@MBMP@@UAEHJ@Z         00416d40 f mbmp.obj
 0001:00015d50       ?Cls@MBMP@@UAEJXZ          00416d50 f mbmp.obj
 0001:00015d60       ??1MBMP@@UAE@XZ            00416d60 f mbmp.obj
 0001:00015d80       ?_FInit@MBMP@@MAEHPAEJJPAVRC@@JJEKE@Z 00416d80 f mbmp.obj
 0001:00016160       ?PmbmpRead@MBMP@@SGPAV1@PAVBLCK@@@Z 00417160 f mbmp.obj
 0001:000162b0       ?CbOnFile@MBMP@@UAEJXZ     004172b0 f mbmp.obj
 0001:000162c0       ?FWrite@MBMP@@UAEHPAVBLCK@@@Z 004172c0 f mbmp.obj
 0001:00016320       ?GetRc@MBMP@@QAEXPAVRC@@@Z 00417320 f mbmp.obj
 0001:00016350       ?FReadMbmp@MBMP@@SGHPAVCRF@@KKPAVBLCK@@PAPAVBACO@@PAJ@Z 00417350 f mbmp.obj
 0001:000163c0       ??_EMBMP@@UAEPAXI@Z        004173c0 f mbmp.obj
 0001:000163c0       ??_GMBMP@@UAEPAXI@Z        004173c0 f mbmp.obj
 0001:00016470       ?FWouldBe@SNDV@@SGHJ@Z     00417470 f sndm.obj
 0001:00016490       ?FWouldBe@SNDM@@SGHJ@Z     00417490 f sndm.obj
 0001:000164b0       ?FIs@SNDM@@UAEHJ@Z         004174b0 f sndm.obj
 0001:000164c0       ?Cls@SNDM@@UAEJXZ          004174c0 f sndm.obj
 0001:000164d0       ?FWouldBe@SNDMQ@@SGHJ@Z    004174d0 f sndm.obj
 0001:000164f0       ?FIs@SNDMQ@@UAEHJ@Z        004174f0 f sndm.obj
 0001:00016500       ?Cls@SNDMQ@@UAEJXZ         00417500 f sndm.obj
 0001:00016510       ?FWouldBe@SNQUE@@SGHJ@Z    00417510 f sndm.obj
 0001:00016530       ?FIs@SNQUE@@UAEHJ@Z        00417530 f sndm.obj
 0001:00016540       ?Cls@SNQUE@@UAEJXZ         00417540 f sndm.obj
 0001:00016550       ?BeginSynch@SNDV@@UAEXXZ   00417550 f sndm.obj
 0001:00016560       ?EndSynch@SNDV@@UAEXXZ     00417560 f sndm.obj
 0001:00016570       ??0SNDM@@IAE@XZ            00417570 f sndm.obj
 0001:00016590       ??1SNDM@@UAE@XZ            00417590 f sndm.obj
 0001:00016600       ?PsndmNew@SNDM@@SGPAV1@XZ  00417600 f sndm.obj
 0001:00016640       ?_FInit@SNDM@@IAEHXZ       00417640 f sndm.obj
 0001:00016670       ?_FFindCtg@SNDM@@IAEHKPAUSNDMPE@1@PAJ@Z 00417670 f sndm.obj
 0001:000166f0       ?FAddDevice@SNDM@@UAEHKPAVSNDV@@@Z 004176f0 f sndm.obj
 0001:000167c0       ?PsndvFromCtg@SNDM@@UAEPAVSNDV@@K@Z 004177c0 f sndm.obj
 0001:000167f0       ?RemoveSndv@SNDM@@UAEXK@Z  004177f0 f sndm.obj
 0001:00016840       ?FActive@SNDM@@UAEHXZ      00417840 f sndm.obj
 0001:00016850       ?Activate@SNDM@@UAEXH@Z    00417850 f sndm.obj
 0001:000168c0       ?Suspend@SNDM@@UAEXH@Z     004178c0 f sndm.obj
 0001:00016910       ?SetVlm@SNDM@@UAEXJ@Z      00417910 f sndm.obj
 0001:00016960       ?VlmCur@SNDM@@UAEJXZ       00417960 f sndm.obj
 0001:000169b0       ?SiiPlay@SNDM@@UAEJPAVRCA@@KKJJJKJJ@Z 004179b0 f sndm.obj
 0001:00016a20       ?Stop@SNDM@@UAEXJ@Z        00417a20 f sndm.obj
 0001:00016a70       ?StopAll@SNDM@@UAEXJJ@Z    00417a70 f sndm.obj
 0001:00016ac0       ?Pause@SNDM@@UAEXJ@Z       00417ac0 f sndm.obj
 0001:00016b10       ?PauseAll@SNDM@@UAEXJJ@Z   00417b10 f sndm.obj
 0001:00016b60       ?Resume@SNDM@@UAEXJ@Z      00417b60 f sndm.obj
 0001:00016bb0       ?ResumeAll@SNDM@@UAEXJJ@Z  00417bb0 f sndm.obj
 0001:00016c00       ?FPlaying@SNDM@@UAEHJ@Z    00417c00 f sndm.obj
 0001:00016c60       ?FPlayingAll@SNDM@@UAEHJJ@Z 00417c60 f sndm.obj
 0001:00016cc0       ?Flush@SNDM@@UAEXXZ        00417cc0 f sndm.obj
 0001:00016d00       ?BeginSynch@SNDM@@UAEXXZ   00417d00 f sndm.obj
 0001:00016d40       ?EndSynch@SNDM@@UAEXXZ     00417d40 f sndm.obj
 0001:00016d80       ??1SNDMQ@@UAE@XZ           00417d80 f sndm.obj
 0001:00016df0       ?_FInit@SNDMQ@@MAEHXZ      00417df0 f sndm.obj
 0001:00016e20       ?_FEnsureQueue@SNDMQ@@MAEHJPAUSNQD@1@PAJ@Z 00417e20 f sndm.obj
 0001:00016f30       ?FActive@SNDMQ@@UAEHXZ     00417f30 f sndm.obj
 0001:00016f40       ?Activate@SNDMQ@@UAEXH@Z   00417f40 f sndm.obj
 0001:00016f90       ?Suspend@SNDMQ@@UAEXH@Z    00417f90 f sndm.obj
 0001:00016fd0       ?SiiPlay@SNDMQ@@UAEJPAVRCA@@KKJJJKJJ@Z 00417fd0 f sndm.obj
 0001:00017040       ?Stop@SNDMQ@@UAEXJ@Z       00418040 f sndm.obj
 0001:00017080       ?StopAll@SNDMQ@@UAEXJJ@Z   00418080 f sndm.obj
 0001:000170e0       ?Pause@SNDMQ@@UAEXJ@Z      004180e0 f sndm.obj
 0001:00017120       ?PauseAll@SNDMQ@@UAEXJJ@Z  00418120 f sndm.obj
 0001:00017180       ?Resume@SNDMQ@@UAEXJ@Z     00418180 f sndm.obj
 0001:000171c0       ?ResumeAll@SNDMQ@@UAEXJJ@Z 004181c0 f sndm.obj
 0001:00017220       ?FPlaying@SNDMQ@@UAEHJ@Z   00418220 f sndm.obj
 0001:00017280       ?FPlayingAll@SNDMQ@@UAEHJJ@Z 00418280 f sndm.obj
 0001:000172f0       ?Flush@SNDMQ@@UAEXXZ       004182f0 f sndm.obj
 0001:00017370       ??0SNQUE@@IAE@XZ           00418370 f sndm.obj
 0001:00017390       ??1SNQUE@@UAE@XZ           00418390 f sndm.obj
 0001:00017410       ?_FInit@SNQUE@@MAEHXZ      00418410 f sndm.obj
 0001:00017430       ?_Enter@SNQUE@@MAEXXZ      00418430 f sndm.obj
 0001:00017440       ?_Leave@SNQUE@@MAEXXZ      00418440 f sndm.obj
 0001:00017450       ?_Flush@SNQUE@@MAEXXZ      00418450 f sndm.obj
 0001:000174b0       ?Enqueue@SNQUE@@QAEXJPAVRCA@@KKJJKJJ@Z 004184b0 f sndm.obj
 0001:00017570       ?Stop@SNQUE@@QAEXJ@Z       00418570 f sndm.obj
 0001:000175f0       ?StopAll@SNQUE@@QAEXJ@Z    004185f0 f sndm.obj
 0001:00017680       ?Pause@SNQUE@@QAEXJ@Z      00418680 f sndm.obj
 0001:00017700       ?PauseAll@SNQUE@@QAEXJ@Z   00418700 f sndm.obj
 0001:000177a0       ?Resume@SNQUE@@QAEXJ@Z     004187a0 f sndm.obj
 0001:00017820       ?ResumeAll@SNQUE@@QAEXJ@Z  00418820 f sndm.obj
 0001:000178b0       ?FPlaying@SNQUE@@QAEHJ@Z   004188b0 f sndm.obj
 0001:00017920       ?FPlayingAll@SNQUE@@QAEHJ@Z 00418920 f sndm.obj
 0001:00017990       ?Flush@SNQUE@@QAEXXZ       00418990 f sndm.obj
 0001:000179a0       ?LuVolScale@@YGKKJ@Z       004189a0 f sndm.obj
 0001:00017a30       ??_ESNDM@@UAEPAXI@Z        00418a30 f sndm.obj
 0001:00017a30       ??_GSNDM@@UAEPAXI@Z        00418a30 f sndm.obj
 0001:00017a50       ??_GSNDMQ@@UAEPAXI@Z       00418a50 f sndm.obj
 0001:00017a50       ??_ESNDMQ@@UAEPAXI@Z       00418a50 f sndm.obj
 0001:00017a70       ??_GSNQUE@@UAEPAXI@Z       00418a70 f sndm.obj
 0001:00017a70       ??_ESNQUE@@UAEPAXI@Z       00418a70 f sndm.obj
 0001:00017b20       ?FWouldBe@SDAM@@SGHJ@Z     00418b20 f sndam.obj
 0001:00017b40       ?FIs@SDAM@@UAEHJ@Z         00418b40 f sndam.obj
 0001:00017b50       ?Cls@SDAM@@UAEJXZ          00418b50 f sndam.obj
 0001:00017b60       ?FWouldBe@CAMS@@SGHJ@Z     00418b60 f sndam.obj
 0001:00017b80       ?FIs@CAMS@@UAEHJ@Z         00418b80 f sndam.obj
 0001:00017b90       ?Cls@CAMS@@UAEJXZ          00418b90 f sndam.obj
 0001:00017ba0       ?FWouldBe@AMQUE@@SGHJ@Z    00418ba0 f sndam.obj
 0001:00017bc0       ?FIs@AMQUE@@UAEHJ@Z        00418bc0 f sndam.obj
 0001:00017bd0       ?Cls@AMQUE@@UAEJXZ         00418bd0 f sndam.obj
 0001:00017bf0       ??0STBL@@IAE@XZ            00418bf0 f sndam.obj
 0001:00017c20       ?Write@STBL@@UAGJPBXKPAK@Z 00418c20 f sndam.obj
 0001:00017c40       ?SetSize@STBL@@UAGJT_ULARGE_INTEGER@@@Z 00418c40 f sndam.obj
 0001:00017c50       ?CopyTo@STBL@@UAGJPAUIStream@@T_ULARGE_INTEGER@@PAT3@2@Z 00418c50 f sndam.obj
 0001:00017c90       ?Commit@STBL@@UAGJK@Z      00418c90 f sndam.obj
 0001:00017ca0       ?Revert@STBL@@UAGJXZ       00418ca0 f sndam.obj
 0001:00017cb0       ?LockRegion@STBL@@UAGJT_ULARGE_INTEGER@@0K@Z 00418cb0 f sndam.obj
 0001:00017cc0       ?UnlockRegion@STBL@@UAGJT_ULARGE_INTEGER@@0K@Z 00418cc0 f sndam.obj
 0001:00017cd0       ?Stat@STBL@@UAGJPAUtagSTATSTG@@K@Z 00418cd0 f sndam.obj
 0001:00017ce0       ?Clone@STBL@@UAGJPAPAUIStream@@@Z 00418ce0 f sndam.obj
 0001:00017d00       ??1STBL@@IAE@XZ            00418d00 f sndam.obj
 0001:00017d10       ?QueryInterface@STBL@@UAGJABU_GUID@@PAPAX@Z 00418d10 f sndam.obj
 0001:00017d70       ?AddRef@STBL@@UAGKXZ       00418d70 f sndam.obj
 0001:00017d80       ?Release@STBL@@UAGKXZ      00418d80 f sndam.obj
 0001:00017db0       ?Read@STBL@@UAGJPAXKPAK@Z  00418db0 f sndam.obj
 0001:00017e20       ?Seek@STBL@@UAGJT_LARGE_INTEGER@@KPAT_ULARGE_INTEGER@@@Z 00418e20 f sndam.obj
 0001:00017ec0       ?PstblNew@STBL@@SGPAV1@PAUFLO@@H@Z 00418ec0 f sndam.obj
 0001:000180a0       ??0CAMS@@IAE@XZ            004190a0 f sndam.obj
 0001:000180c0       ??1CAMS@@UAE@XZ            004190c0 f sndam.obj
 0001:00018100       ?FReadCams@CAMS@@SGHPAVCRF@@KKPAVBLCK@@PAPAVBACO@@PAJ@Z 00419100 f sndam.obj
 0001:00018200       ?PcamsNewLoop@CAMS@@SGPAV1@PAV1@J@Z 00419200 f sndam.obj
 0001:00018270       ??0AMNOT@@QAE@XZ           00419270 f sndam.obj
 0001:00018290       ?OnStart@AMNOT@@UAGXPAUIAMSound@@K@Z 00419290 f sndam.obj
 0001:000182a0       ?OnError@AMNOT@@UAGXPAUIAMSound@@KJ@Z 004192a0 f sndam.obj
 0001:000182b0       ?OnSyncObject@AMNOT@@UAGXPAUIAMSound@@KPAX@Z 004192b0 f sndam.obj
 0001:000182c0       ?Set@AMNOT@@QAEXPAVAMQUE@@@Z 004192c0 f sndam.obj
 0001:000182d0       ?QueryInterface@AMNOT@@UAGJABU_GUID@@PAPAX@Z 004192d0 f sndam.obj
 0001:00018330       ?AddRef@AMNOT@@UAGKXZ      00419330 f sndam.obj
 0001:00018340       ?Release@AMNOT@@UAGKXZ     00419340 f sndam.obj
 0001:00018360       ?OnCompletion@AMNOT@@UAGXPAUIAMSound@@K@Z 00419360 f sndam.obj
 0001:00018380       ??0AMQUE@@IAE@XZ           00419380 f sndam.obj
 0001:000183b0       ??1AMQUE@@UAE@XZ           004193b0 f sndam.obj
 0001:000183f0       ?PamqueNew@AMQUE@@SGPAV1@XZ 004193f0 f sndam.obj
 0001:00018430       ?_FInit@AMQUE@@MAEHXZ      00419430 f sndam.obj
 0001:000184a0       ?_Enter@AMQUE@@MAEXXZ      004194a0 f sndam.obj
 0001:000184b0       ?_Leave@AMQUE@@MAEXXZ      004194b0 f sndam.obj
 0001:000184c0       ?_PbacoFetch@AMQUE@@MAEPAVBACO@@PAVRCA@@KK@Z 004194c0 f sndam.obj
 0001:000184e0       ?_Queue@AMQUE@@MAEXJ@Z     004194e0 f sndam.obj
 0001:000186c0       ?_PauseQueue@AMQUE@@MAEXJ@Z 004196c0 f sndam.obj
 0001:00018730       ?_ResumeQueue@AMQUE@@MAEXJ@Z 00419730 f sndam.obj
 0001:00018740       ?Notify@AMQUE@@QAEXPAUIAMSound@@@Z 00419740 f sndam.obj
 0001:000187d0       ??0SDAM@@IAE@XZ            004197d0 f sndam.obj
 0001:000187f0       ??1SDAM@@UAE@XZ            004197f0 f sndam.obj
 0001:00018830       ?PsdamNew@SDAM@@SGPAV1@J@Z 00419830 f sndam.obj
 0001:00018880       ?FHaveWaveDevice@@YGHK@Z   00419880 f sndam.obj
 0001:000188f0       ?_FInit@SDAM@@MAEHJ@Z      004198f0 f sndam.obj
 0001:00018a50       ?_PsnqueNew@SDAM@@MAEPAVSNQUE@@XZ 00419a50 f sndam.obj
 0001:00018a60       ?_Suspend@SDAM@@MAEXH@Z    00419a60 f sndam.obj
 0001:00018ae0       ?SetVlm@SDAM@@UAEXJ@Z      00419ae0 f sndam.obj
 0001:00018b20       ?VlmCur@SDAM@@UAEJXZ       00419b20 f sndam.obj
 0001:00018b30       ?BeginSynch@SDAM@@UAEXXZ   00419b30 f sndam.obj
 0001:00018b60       ?EndSynch@SDAM@@UAEXXZ     00419b60 f sndam.obj
 0001:00018bc0       ??_GCAMS@@UAEPAXI@Z        00419bc0 f sndam.obj
 0001:00018bc0       ??_ECAMS@@UAEPAXI@Z        00419bc0 f sndam.obj
 0001:00018be0       ??_EAMQUE@@UAEPAXI@Z       00419be0 f sndam.obj
 0001:00018be0       ??_GAMQUE@@UAEPAXI@Z       00419be0 f sndam.obj
 0001:00018c00       ??_ESDAM@@UAEPAXI@Z        00419c00 f sndam.obj
 0001:00018c00       ??_GSDAM@@UAEPAXI@Z        00419c00 f sndam.obj
 0001:00018cc0       ?FWouldBe@MIDO@@SGHJ@Z     00419cc0 f mididev.obj
 0001:00018ce0       ?FIs@MIDO@@UAEHJ@Z         00419ce0 f mididev.obj
 0001:00018cf0       ?Cls@MIDO@@UAEJXZ          00419cf0 f mididev.obj
 0001:00018d00       ??0MIDO@@QAE@XZ            00419d00 f mididev.obj
 0001:00018d40       ??1MIDO@@UAE@XZ            00419d40 f mididev.obj
 0001:00018d80       ?_GetSysVol@MIDO@@IAEXXZ   00419d80 f mididev.obj
 0001:00018da0       ?_SetSysVol@MIDO@@IAEXK@Z  00419da0 f mididev.obj
 0001:00018dc0       ?_Reset@MIDO@@IAEXXZ       00419dc0 f mididev.obj
 0001:00018e20       ?Suspend@MIDO@@QAEXH@Z     00419e20 f mididev.obj
 0001:00018f10       ??_EMIDO@@UAEPAXI@Z        00419f10 f mididev.obj
 0001:00018f10       ??_GMIDO@@UAEPAXI@Z        00419f10 f mididev.obj
 0001:00018fc0       ?FWouldBe@MDWS@@SGHJ@Z     00419fc0 f mididev2.obj
 0001:00018fe0       ?FIs@MDWS@@UAEHJ@Z         00419fe0 f mididev2.obj
 0001:00018ff0       ?Cls@MDWS@@UAEJXZ          00419ff0 f mididev2.obj
 0001:00019000       ?FWouldBe@MSQUE@@SGHJ@Z    0041a000 f mididev2.obj
 0001:00019020       ?FIs@MSQUE@@UAEHJ@Z        0041a020 f mididev2.obj
 0001:00019030       ?Cls@MSQUE@@UAEJXZ         0041a030 f mididev2.obj
 0001:00019040       ?FWouldBe@MDPS@@SGHJ@Z     0041a040 f mididev2.obj
 0001:00019060       ?FIs@MDPS@@UAEHJ@Z         0041a060 f mididev2.obj
 0001:00019070       ?Cls@MDPS@@UAEJXZ          0041a070 f mididev2.obj
 0001:00019080       ?FWouldBe@MSMIX@@SGHJ@Z    0041a080 f mididev2.obj
 0001:000190a0       ?FIs@MSMIX@@UAEHJ@Z        0041a0a0 f mididev2.obj
 0001:000190b0       ?Cls@MSMIX@@UAEJXZ         0041a0b0 f mididev2.obj
 0001:000190c0       ?FWouldBe@MISI@@SGHJ@Z     0041a0c0 f mididev2.obj
 0001:000190e0       ?FIs@MISI@@UAEHJ@Z         0041a0e0 f mididev2.obj
 0001:000190f0       ?Cls@MISI@@UAEJXZ          0041a0f0 f mididev2.obj
 0001:00019100       ?FWouldBe@WMS@@SGHJ@Z      0041a100 f mididev2.obj
 0001:00019120       ?FIs@WMS@@UAEHJ@Z          0041a120 f mididev2.obj
 0001:00019130       ?Cls@WMS@@UAEJXZ           0041a130 f mididev2.obj
 0001:00019140       ?FWouldBe@OMS@@SGHJ@Z      0041a140 f mididev2.obj
 0001:00019160       ?FIs@OMS@@UAEHJ@Z          0041a160 f mididev2.obj
 0001:00019170       ?Cls@OMS@@UAEJXZ           0041a170 f mididev2.obj
 0001:00019180       ??0MDPS@@IAE@XZ            0041a180 f mididev2.obj
 0001:000191a0       ??1MDPS@@UAE@XZ            0041a1a0 f mididev2.obj
 0001:000191e0       ?PmdpsNew@MDPS@@SGPAV1@XZ  0041a1e0 f mididev2.obj
 0001:00019220       ?_FInit@MDPS@@MAEHXZ       0041a220 f mididev2.obj
 0001:00019270       ?_PsnqueNew@MDPS@@MAEPAVSNQUE@@XZ 0041a270 f mididev2.obj
 0001:00019280       ?_Suspend@MDPS@@MAEXH@Z    0041a280 f mididev2.obj
 0001:00019290       ?SetVlm@MDPS@@UAEXJ@Z      0041a290 f mididev2.obj
 0001:000192a0       ?VlmCur@MDPS@@UAEJXZ       0041a2a0 f mididev2.obj
 0001:000192b0       ??0MDWS@@IAE@XZ            0041a2b0 f mididev2.obj
 0001:000192d0       ??1MDWS@@UAE@XZ            0041a2d0 f mididev2.obj
 0001:00019300       ?FReadMdws@MDWS@@SGHPAVCRF@@KKPAVBLCK@@PAPAVBACO@@PAJ@Z 0041a300 f mididev2.obj
 0001:00019370       ?PmdwsRead@MDWS@@SGPAV1@PAVBLCK@@@Z 0041a370 f mididev2.obj
 0001:000193e0       ?_FInit@MDWS@@IAEHPAVMIDS@@@Z 0041a3e0 f mididev2.obj
 0001:00019560       ?PvLockData@MDWS@@QAEPAXPAJ@Z 0041a560 f mididev2.obj
 0001:00019580       ?UnlockData@MDWS@@QAEXXZ   0041a580 f mididev2.obj
 0001:000195a0       ??0MSQUE@@IAE@XZ           0041a5a0 f mididev2.obj
 0001:000195c0       ??1MSQUE@@UAE@XZ           0041a5c0 f mididev2.obj
 0001:00019610       ?PmsqueNew@MSQUE@@SGPAV1@PAVMSMIX@@@Z 0041a610 f mididev2.obj
 0001:00019660       ?_FInit@MSQUE@@MAEHPAVMSMIX@@@Z 0041a660 f mididev2.obj
 0001:00019690       ?_Enter@MSQUE@@MAEXXZ      0041a690 f mididev2.obj
 0001:000196a0       ?_Leave@MSQUE@@MAEXXZ      0041a6a0 f mididev2.obj
 0001:000196b0       ?_PbacoFetch@MSQUE@@MAEPAVBACO@@PAVRCA@@KK@Z 0041a6b0 f mididev2.obj
 0001:000196d0       ?_Queue@MSQUE@@MAEXJ@Z     0041a6d0 f mididev2.obj
 0001:00019790       ?_PauseQueue@MSQUE@@MAEXJ@Z 0041a790 f mididev2.obj
 0001:00019800       ?_ResumeQueue@MSQUE@@MAEXJ@Z 0041a800 f mididev2.obj
 0001:00019810       ?Notify@MSQUE@@QAEXPAVMDWS@@@Z 0041a810 f mididev2.obj
 0001:00019870       ??0MSMIX@@IAE@XZ           0041a870 f mididev2.obj
 0001:000198a0       ??1MSMIX@@UAE@XZ           0041a8a0 f mididev2.obj
 0001:00019930       ?PmsmixNew@MSMIX@@SGPAV1@XZ 0041a930 f mididev2.obj
 0001:00019970       ?_FInit@MSMIX@@IAEHXZ      0041a970 f mididev2.obj
 0001:00019a10       ?Suspend@MSMIX@@QAEXH@Z    0041aa10 f mididev2.obj
 0001:00019a70       ?_StopStream@MSMIX@@IAEXXZ 0041aa70 f mididev2.obj
 0001:00019ac0       ?SetVlm@MSMIX@@QAEXJ@Z     0041aac0 f mididev2.obj
 0001:00019b30       ?VlmCur@MSMIX@@QAEJXZ      0041ab30 f mididev2.obj
 0001:00019b40       ?FPlay@MSMIX@@QAEHPAVMSQUE@@PAVMDWS@@JJJKJ@Z 0041ab40 f mididev2.obj
 0001:00019cb0       ?_Restart@MSMIX@@IAEXH@Z   0041acb0 f mididev2.obj
 0001:00019d30       ?_SubmitBuffers@MSMIX@@IAEXK@Z 0041ad30 f mididev2.obj
 0001:00019ef0       ?_FGetKeyEvents@MSMIX@@IAEHPAVMDWS@@KPAJ@Z 0041aef0 f mididev2.obj
 0001:0001a1c0       ?_MidiProc@MSMIX@@KGXKPAXK@Z 0041b1c0 f mididev2.obj
 0001:0001a1e0       ?_Notify@MSMIX@@IAEXPAXPAVMDWS@@@Z 0041b1e0 f mididev2.obj
 0001:0001a2b0       ?_ThreadProc@MSMIX@@KGKPAX@Z 0041b2b0 f mididev2.obj
 0001:0001a2c0       ?_LuThread@MSMIX@@IAEKXZ   0041b2c0 f mididev2.obj
 0001:0001a3f0       ??0MISI@@IAE@P6GXKPAXK@ZK@Z 0041b3f0 f mididev2.obj
 0001:0001a430       ?_Reset@MISI@@IAEXXZ       0041b430 f mididev2.obj
 0001:0001a470       ?_GetSysVol@MISI@@IAEXXZ   0041b470 f mididev2.obj
 0001:0001a580       ?_SetSysVol@MISI@@IAEXK@Z  0041b580 f mididev2.obj
 0001:0001a5a0       ?_SetSysVlm@MISI@@IAEXXZ   0041b5a0 f mididev2.obj
 0001:0001a5c0       ?SetVlm@MISI@@UAEXJ@Z      0041b5c0 f mididev2.obj
 0001:0001a5e0       ?VlmCur@MISI@@UAEJXZ       0041b5e0 f mididev2.obj
 0001:0001a5f0       ?FActive@MISI@@UAEHXZ      0041b5f0 f mididev2.obj
 0001:0001a600       ?FActivate@MISI@@UAEHH@Z   0041b600 f mididev2.obj
 0001:0001a620       ??0WMS@@IAE@P6GXKPAXK@ZK@Z 0041b620 f mididev2.obj
 0001:0001a650       ??1WMS@@UAE@XZ             0041b650 f mididev2.obj
 0001:0001a6d0       ?PwmsNew@WMS@@SGPAV1@P6GXKPAXK@ZK@Z 0041b6d0 f mididev2.obj
 0001:0001a720       ?_FInit@WMS@@IAEHXZ        0041b720 f mididev2.obj
 0001:0001a8e0       ?_FOpen@WMS@@MAEHXZ        0041b8e0 f mididev2.obj
 0001:0001a990       ?_FClose@WMS@@MAEHXZ       0041b990 f mididev2.obj
 0001:0001aa00       ?FActive@WMS@@UAEHXZ       0041ba00 f mididev2.obj
 0001:0001aa10       ?FActivate@WMS@@UAEHH@Z    0041ba10 f mididev2.obj
 0001:0001aa40       ?_ResetStream@WMS@@IAEXXZ  0041ba40 f mididev2.obj
 0001:0001aa70       ?FQueueBuffer@WMS@@UAEHPAXJJJK@Z 0041ba70 f mididev2.obj
 0001:0001ab40       ?_CmhSubmitBuffers@WMS@@IAEJXZ 0041bb40 f mididev2.obj
 0001:0001ac60       ?_FSubmit@WMS@@IAEHPAUMH@@@Z 0041bc60 f mididev2.obj
 0001:0001acd0       ?StopPlaying@WMS@@UAEXXZ   0041bcd0 f mididev2.obj
 0001:0001ada0       ?_MidiProc@WMS@@KGXPAXKKKK@Z 0041bda0 f mididev2.obj
 0001:0001adc0       ?_Notify@WMS@@IAEXPAXPAUMH@@@Z 0041bdc0 f mididev2.obj
 0001:0001ae40       ?_ThreadProc@WMS@@KGKPAX@Z 0041be40 f mididev2.obj
 0001:0001ae50       ?_LuThread@WMS@@IAEKXZ     0041be50 f mididev2.obj
 0001:0001aea0       ?_DoCallBacks@WMS@@IAEXXZ  0041bea0 f mididev2.obj
 0001:0001af30       ??0OMS@@IAE@P6GXKPAXK@ZK@Z 0041bf30 f mididev2.obj
 0001:0001af60       ??1OMS@@UAE@XZ             0041bf60 f mididev2.obj
 0001:0001afd0       ?PomsNew@OMS@@SGPAV1@P6GXKPAXK@ZK@Z 0041bfd0 f mididev2.obj
 0001:0001b020       ?_FInit@OMS@@IAEHXZ        0041c020 f mididev2.obj
 0001:0001b0b0       ?_FOpen@OMS@@MAEHXZ        0041c0b0 f mididev2.obj
 0001:0001b120       ?_FClose@OMS@@MAEHXZ       0041c120 f mididev2.obj
 0001:0001b190       ?FQueueBuffer@OMS@@UAEHPAXJJJK@Z 0041c190 f mididev2.obj
 0001:0001b220       ?StopPlaying@OMS@@UAEXXZ   0041c220 f mididev2.obj
 0001:0001b250       ?_ThreadProc@OMS@@KGKPAX@Z 0041c250 f mididev2.obj
 0001:0001b260       ?_LuThread@OMS@@IAEKXZ     0041c260 f mididev2.obj
 0001:0001b3e0       ?_ReleaseBuffers@OMS@@IAEXXZ 0041c3e0 f mididev2.obj
 0001:0001b470       ??_GMDPS@@UAEPAXI@Z        0041c470 f mididev2.obj
 0001:0001b470       ??_EMDPS@@UAEPAXI@Z        0041c470 f mididev2.obj
 0001:0001b490       ??_EMDWS@@UAEPAXI@Z        0041c490 f mididev2.obj
 0001:0001b490       ??_GMDWS@@UAEPAXI@Z        0041c490 f mididev2.obj
 0001:0001b4b0       ??_EMSQUE@@UAEPAXI@Z       0041c4b0 f mididev2.obj
 0001:0001b4b0       ??_GMSQUE@@UAEPAXI@Z       0041c4b0 f mididev2.obj
 0001:0001b4d0       ??_EMSMIX@@UAEPAXI@Z       0041c4d0 f mididev2.obj
 0001:0001b4d0       ??_GMSMIX@@UAEPAXI@Z       0041c4d0 f mididev2.obj
 0001:0001b4f0       ??_EMISI@@UAEPAXI@Z        0041c4f0 f mididev2.obj
 0001:0001b4f0       ??_GMISI@@UAEPAXI@Z        0041c4f0 f mididev2.obj
 0001:0001b510       ??_GWMS@@UAEPAXI@Z         0041c510 f mididev2.obj
 0001:0001b510       ??_EWMS@@UAEPAXI@Z         0041c510 f mididev2.obj
 0001:0001b530       ??_GOMS@@UAEPAXI@Z         0041c530 f mididev2.obj
 0001:0001b530       ??_EOMS@@UAEPAXI@Z         0041c530 f mididev2.obj
 0001:0001b550       ?FWouldBe@MSTP@@SGHJ@Z     0041c550 f midi.obj
 0001:0001b570       ?FIs@MSTP@@UAEHJ@Z         0041c570 f midi.obj
 0001:0001b580       ?Cls@MSTP@@UAEJXZ          0041c580 f midi.obj
 0001:0001b590       ?FWouldBe@MIDS@@SGHJ@Z     0041c590 f midi.obj
 0001:0001b5b0       ?FIs@MIDS@@UAEHJ@Z         0041c5b0 f midi.obj
 0001:0001b5c0       ?Cls@MIDS@@UAEJXZ          0041c5c0 f midi.obj
 0001:0001b5d0       ??0MSTP@@QAE@XZ            0041c5d0 f midi.obj
 0001:0001b5f0       ??1MSTP@@UAE@XZ            0041c5f0 f midi.obj
 0001:0001b630       ?Init@MSTP@@QAEXPAVMIDS@@KJ@Z 0041c630 f midi.obj
 0001:0001b6c0       ?FGetEvent@MSTP@@QAEHPAUMIDEV@@H@Z 0041c6c0 f midi.obj
 0001:0001ba10       ?_FReadVar@MSTP@@IAEHPAPAEPAJ@Z 0041ca10 f midi.obj
 0001:0001ba60       ??0MIDS@@IAE@XZ            0041ca60 f midi.obj
 0001:0001ba80       ??1MIDS@@UAE@XZ            0041ca80 f midi.obj
 0001:0001baa0       ?PmidsRead@MIDS@@SGPAV1@PAVBLCK@@@Z 0041caa0 f midi.obj
 0001:0001bb10       ?FWrite@MIDS@@UAEHPAVBLCK@@@Z 0041cb10 f midi.obj
 0001:0001bb30       ?CbOnFile@MIDS@@UAEJXZ     0041cb30 f midi.obj
 0001:0001bb50       ??_GMSTP@@UAEPAXI@Z        0041cb50 f midi.obj
 0001:0001bb50       ??_EMSTP@@UAEPAXI@Z        0041cb50 f midi.obj
 0001:0001bb70       ??_EMIDS@@UAEPAXI@Z        0041cb70 f midi.obj
 0001:0001bb70       ??_GMIDS@@UAEPAXI@Z        0041cb70 f midi.obj
 0001:0001bc50       ??_9@$BEM@A                0041cc50 f video.obj
 0001:0001bda0       ?FWouldBe@TXHD@@SGHJ@Z     0041cda0 f kidhelp.obj
 0001:0001bdc0       ?FIs@TXHD@@UAEHJ@Z         0041cdc0 f kidhelp.obj
 0001:0001bdd0       ?Cls@TXHD@@UAEJXZ          0041cdd0 f kidhelp.obj
 0001:0001bde0       ??0TXHD@@IAE@PAVRCA@@PAVDOCB@@K@Z 0041cde0 f kidhelp.obj
 0001:0001be30       ??1TXHD@@MAE@XZ            0041ce30 f kidhelp.obj
 0001:0001be60       ?_FReadChunk@TXHD@@MAEHPAVCFL@@KKPAVSTRG@@K@Z 0041ce60 f kidhelp.obj
 0001:0001c140       ?_FOpenArg@TXHD@@MAEHJEFF@Z 0041d140 f kidhelp.obj
 0001:0001c2e0       ?FSaveToChunk@TXHD@@UAEHPAVCFL@@PAUCKI@@H@Z 0041d2e0 f kidhelp.obj
 0001:0001c420       ?_FGetObjectRc@TXHD@@MAEHJEPAVGNV@@PAUCHP@@PAVRC@@@Z 0041d420 f kidhelp.obj
 0001:0001c5c0       ?_FDrawObject@TXHD@@MAEHJEPAVGNV@@PAJJPAUCHP@@PAVRC@@@Z 0041d5c0 f kidhelp.obj
 0001:0001c850       ?FInsertPicture@TXHD@@QAEHKPAXJJJPAUCHP@@K@Z 0041d850 f kidhelp.obj
 0001:0001c910       ?FInsertButton@TXHD@@QAEHKKPAXJJJPAUCHP@@K@Z 0041d910 f kidhelp.obj
 0001:0001c9d0       ?FGroupText@TXHD@@QAEHJJEKPAVSTN@@@Z 0041d9d0 f kidhelp.obj
 0001:0001cb50       ?FGrouped@TXHD@@QAEHJPAJ0PAEPAKPAVSTN@@@Z 0041db50 f kidhelp.obj
 0001:0001cc70       ?GetHtop@TXHD@@QAEXPAUHTOP@@@Z 0041dc70 f kidhelp.obj
 0001:0001cd30       ??_ETXHD@@MAEPAXI@Z        0041dd30 f kidhelp.obj
 0001:0001cd30       ??_GTXHD@@MAEPAXI@Z        0041dd30 f kidhelp.obj
 0001:0001cd50       ?FDirty@DOCB@@UAEHXZ       0041dd50 f kidhelp.obj
 0001:0001cd70       ?SetDirty@DOCB@@UAEXH@Z    0041dd70 f kidhelp.obj
 0001:0001ce30       ?FCmdClickedCore@GOK@@QAEHPAUCMD@@@Z 0041de30 f kidspace.obj
 0001:0001ce50       ??_9@$BKM@A                0041de50 f kidspace.obj
 0001:0001ce60       ??_9@$BLE@A                0041de60 f kidspace.obj
 0001:0001cf20       ?FWouldBe@STRG@@SGHJ@Z     0041df20 f screxe.obj
 0001:0001cf40       ?FIs@STRG@@UAEHJ@Z         0041df40 f screxe.obj
 0001:0001cf50       ?Cls@STRG@@UAEJXZ          0041df50 f screxe.obj
 0001:0001cf70       ??0STRG@@QAE@XZ            0041df70 f screxe.obj
 0001:0001cf90       ??1STRG@@UAE@XZ            0041df90 f screxe.obj
 0001:0001cfc0       ?FPut@STRG@@QAEHJPAVSTN@@@Z 0041dfc0 f screxe.obj
 0001:0001d030       ?FGet@STRG@@QAEHJPAVSTN@@@Z 0041e030 f screxe.obj
 0001:0001d080       ?_FFind@STRG@@IAEHJPAJ@Z   0041e080 f screxe.obj
 0001:0001d110       ?_FEnsureGst@STRG@@IAEHXZ  0041e110 f screxe.obj
 0001:0001d150       ??_GSTRG@@UAEPAXI@Z        0041e150 f screxe.obj
 0001:0001d150       ??_ESTRG@@UAEPAXI@Z        0041e150 f screxe.obj
 0001:0001d170       ?FWouldBe@TXTB@@SGHJ@Z     0041e170 f rtxt.obj
 0001:0001d190       ?FIs@TXTB@@UAEHJ@Z         0041e190 f rtxt.obj
 0001:0001d1a0       ?Cls@TXTB@@UAEJXZ          0041e1a0 f rtxt.obj
 0001:0001d1b0       ?FWouldBe@TXRD@@SGHJ@Z     0041e1b0 f rtxt.obj
 0001:0001d1d0       ?FIs@TXRD@@UAEHJ@Z         0041e1d0 f rtxt.obj
 0001:0001d1e0       ?Cls@TXRD@@UAEJXZ          0041e1e0 f rtxt.obj
 0001:0001d1f0       ?FWouldBe@TXTG@@SGHJ@Z     0041e1f0 f rtxt.obj
 0001:0001d210       ?FIs@TXTG@@UAEHJ@Z         0041e210 f rtxt.obj
 0001:0001d220       ?Cls@TXTG@@UAEJXZ          0041e220 f rtxt.obj
 0001:0001d230       ?FWouldBe@TXRG@@SGHJ@Z     0041e230 f rtxt.obj
 0001:0001d250       ?FIs@TXRG@@UAEHJ@Z         0041e250 f rtxt.obj
 0001:0001d260       ?Cls@TXRG@@UAEJXZ          0041e260 f rtxt.obj
 0001:0001d270       ?FWouldBe@RTUN@@SGHJ@Z     0041e270 f rtxt.obj
 0001:0001d290       ?FIs@RTUN@@UAEHJ@Z         0041e290 f rtxt.obj
 0001:0001d2a0       ?Cls@RTUN@@UAEJXZ          0041e2a0 f rtxt.obj
 0001:0001d2b0       ??0TXTB@@IAE@PAVDOCB@@K@Z  0041e2b0 f rtxt.obj
 0001:0001d2f0       ??1TXTB@@MAE@XZ            0041e2f0 f rtxt.obj
 0001:0001d340       ?_FInit@TXTB@@MAEHPAVFNI@@PAVBSF@@F@Z 0041e340 f rtxt.obj
 0001:0001d420       ?_FLoad@TXTB@@MAEHF@Z      0041e420 f rtxt.obj
 0001:0001d4b0       ?CpMac@TXTB@@QAEJXZ        0041e4b0 f rtxt.obj
 0001:0001d4c0       ?SuspendUndo@TXTB@@UAEXXZ  0041e4c0 f rtxt.obj
 0001:0001d4d0       ?ResumeUndo@TXTB@@UAEXXZ   0041e4d0 f rtxt.obj
 0001:0001d4e0       ?FSetUndo@TXTB@@UAEHJJJ@Z  0041e4e0 f rtxt.obj
 0001:0001d4f0       ?CancelUndo@TXTB@@UAEXXZ   0041e4f0 f rtxt.obj
 0001:0001d500       ?CommitUndo@TXTB@@UAEXXZ   0041e500 f rtxt.obj
 0001:0001d510       ?BumpCombineUndo@TXTB@@UAEXXZ 0041e510 f rtxt.obj
 0001:0001d520       ?FFind@TXTB@@UAEHPADJJPAJ1H@Z 0041e520 f rtxt.obj
 0001:0001d640       ?HideSel@TXTB@@UAEXXZ      0041e640 f rtxt.obj
 0001:0001d670       ?SetSel@TXTB@@UAEXJJJ@Z    0041e670 f rtxt.obj
 0001:0001d6b0       ?ShowSel@TXTB@@UAEXXZ      0041e6b0 f rtxt.obj
 0001:0001d6e0       ?_CacheRange@TXTB@@MAEXJJ@Z 0041e6e0 f rtxt.obj
 0001:0001d830       ?_InvalCache@TXTB@@MAEXJJJ@Z 0041e830 f rtxt.obj
 0001:0001d8e0       ?_ChFetch@TXTB@@MAEDJ@Z    0041e8e0 f rtxt.obj
 0001:0001d910       ?FetchRgch@TXTB@@UAEXJJPAD@Z 0041e910 f rtxt.obj
 0001:0001d980       ?FMinPara@TXTB@@QAEHJ@Z    0041e980 f rtxt.obj
 0001:0001da10       ?CpMinPara@TXTB@@QAEJJ@Z   0041ea10 f rtxt.obj
 0001:0001dac0       ?CpLimPara@TXTB@@QAEJJ@Z   0041eac0 f rtxt.obj
 0001:0001db80       ?CpPrev@TXTB@@QAEJJH@Z     0041eb80 f rtxt.obj
[...]
FIXUPS: 49246 5f 59 11 4b fffffd2c 10 5f 6f 79 fffffc9c 31 1c 10 5f 62
FIXUPS: 48fa4 b 3f 16 fffffd92 10 5f ffffff50 fffffd4c 29 3d 15fe ea d
FIXUPS: 4a25d 74 26 1f b b0 47 5e 10 10 fffff3d0 10 5f 3d 71 f 19c fffffa18
FIXUPS: 49556 5f 4d 21 7b 3c 104 fffffb98 10 5f 62 1503 1a d6 1a 52 2c
FIXUPS: 4ab7f 160 2f 5d 1d 22 bc 10 10 fffff691 23f 10 10 fffff443 31 bd
FIXUPS: 49dd0 3a 16 86 13e 4e 21 29 30 38 1d02 10 fffff0b3 36 e8 118 3e
FIXUPS: 4b139 22 20 c 26 21 1c 16 1d 21 1c 48 16 25 1c 20 4e 1f 10 10 fffff3f3
FIXUPS: 4a7ca 68 35 d7 19e5 e d 1b f 1d 86 e 32 c 23 42 49 81 10 10 ffffeef1
FIXUPS: 4b5b6 a 5e d 3a 4d 1b9 4e 43 98 2a 17b fc 46 15b ae2 c4 12 f8 10
FIXUPS: 4caa6 fffff373 31 59 74 11d 20 9 d0 d a 29 d a 23 41 b 46 a d 14
FIXUPS: 4c26e d e e d 1a 387f 4a 1d 6 6 32 ffffd815 22a a5 10 10 fffff3e3
FIXUPS: 4caff 98 da bc 1a 133 4a 4c 3e 48 18 18 2a 257 11f 10 10 fffff243
FIXUPS: 4c5ff 88 2992 103 34 14 fe 39 29 10 120 13 43 10f 163 d b 1e 1f0
FIXUPS: 4f91c c 27 32 12 f 40 d 2a f 2f 4b 6 37 4b ffffebb6 18 72 3a 51
FIXUPS: 4e834 4c 44 51 3f 51 3f 5b 40 8f b 38 61 31 57 67 26 80 6 c 9b
FIXUPS: 4ee2e 6 9b 11 16 11 ffffef29 20 18 10 3b 1d4 25 33 d 11 2b 55 10
FIXUPS: 4e234 29 10 ad 21 10 1d 20 10 24 10 43 16e 4c 34 2a 33 10 46 fffff4a0
FIXUPS: 4db68 d 7 8 15 19 e 6 17 6 15 27 40 f 10 15 8 23 4f 12 11 8 25
FIXUPS: 4dd75 8 20 18 8 1d 30 15 215e 32 e 25 2d e 32 e 25 fffffb8e 21
FIXUPS: 4d86d 173 11 18 13 21 f 2c 13 2a 11 c 17 6 6 d 29 6 d 6 6 64ad
FIXUPS: 540dd 2f 33 6a 25 94 ffffe997 16 45 63 70 3f 54 10 f 6d 59b 310
FIXUPS: 53ee1 ffffbdd0 7 2c 4c 28 28 28 25 7a d 21 fa 5362 d d 5d 19 39
FIXUPS: 553c0 1a 19 b 7 d 18 33 1e9 7 70 19 122 144 112 1d 38 1b b9 23
FIXUPS: 55bb1 3e 157 10 10 ffffe9c1 85d 14 d 25 10 20 e 22 13 1d 33 d 20
FIXUPS: 550e3 18 20 1c 16 1f 34 7 12 24 14 f 1b 25 13 27 1d d 16 fffabe3c
FIXUPS: 10fb 17 30 55185 d0 254 65 a2 11 96 fffff64e ffffeb02 2c1 3a 21
FIXUPS: 54c78 67 22 32 16 d1 3f 22 3b 24 1e 14 d 22 10 23 fffac706 5c 1b6
FIXUPS: 1891 5 5 21 fffffb52 10 7 8a 1c 146 fffffb94 11 ee 30 5d 23 d fffffe10
FIXUPS: 1015 11 2d c a 1e a 1f 1e 18 b 18a8 35 1b 28 27 5e 1e d 3a 15 26
FIXUPS: 2b61 21 12 d fffffb9d ef 54 fffff52f 49a 239 91 b 28 27 44 29 96
FIXUPS: 2692 ffffef94 1f 11 1ade 16 2e 2c 34 9c 3f 50 20 3c 34 68 f 25f
FIXUPS: 36d6 23c d1 63 49 f 2e 73 1a3 3c 153 ffffea44 11 2f 11 1e 12 10
FIXUPS: 5d04 d ffffe19b a8 6c 51 ffffebaa 21 26 32 26 9 54 4b 94 11 4e
FIXUPS: 2e27 37 f 1d f 27 22 4b 1c 29 b6 22 15 3d 24 2254 2d 37 2a 3c b1
FIXUPS: 54d9 69 75 1e 1c 31 37 1c6 6e 8f 46 52 48 2c 2e b 36 2a 86 19 11
FIXUPS: 5b9d 8d 7b 4c 5 fffff0f7 20 38 21 14 40 1e 2a 1e 12 11 10 b 69
FIXUPS: 4fdb 67 14 12 7c 10 37 2e 1d e 72 d 12 2d 5 c 9 8b fffff60f eb
FIXUPS: 49e6 7 8a 50 d 13 c 9 26 a 55 1b 13 1e 20 28 43 22 29 27 9 14 24
FIXUPS: 4d25 18 14 18 17 2b 19 fffff453 168 f 10 41 f 10 14 11 44 62 25
FIXUPS: 4502 68 b 23 48 f 47 40 6e f 2d 2c 2d 36 4a 2a 28 29 1c 2c 248a
FIXUPS: 6d9f c 29 74 c2 1b 13 92 d2 100 13 3c c6 5 e d 13 d ffffeb73 3b
FIXUPS: 5ed1 5 5 ffffe16a 11 20 3b 5d 28 f 2d 2310 1c 11 5f 3b 3f 18 61
FIXUPS: 6614 26 2e 3c 1c 11 d4 c 35 14 20 1f 18 23 53 7 c9 75 cd 3e 57
FIXUPS: 6c7e 32 43 865 6 12 6 21 f d 2f 10 59 21 72 73 5 e d ffffe824 11
FIXUPS: 5fd5 11 7e 200 47 9f b 46 13 2d f 22 18 1f 3ac0 1d 22 15 364 79
FIXUPS: a35f 63 1d 22 15 32b 79 1c 10 b 5 5 5 14 d 13 d ffffcb74 11 34
FIXUPS: 743c 57 18 2b 5a 18 23b3 11e 11 15 19 1b 1f 15 d 1e 21 5 d 26 7a
FIXUPS: 9bd8 1f 1a 1a 44 e 63 e 47 14 12 5b e 5a 22 21 3e fffff466 15 5
FIXUPS: 9349 20 6c 19 24 14 5 ec 1c 5 f 26 b 19 4c 1c 5 1c 15 4c 10 5c
FIXUPS: 96f4 37 70 3f 16 34 91 fffff2f6 1d 27 1d 5 1a 13 1c 5 87 ae 18
FIXUPS: 8df8 11 f 32 16 e 48 5 bc 32 60 22 d0 1d 38 1e 116 5 3b 27 fffff2e6
FIXUPS: 85ee 15 c 1b 5 57 64 23 50 a 7e 69 22 e 17 1d 5 18 74 17 21 5 79
FIXUPS: 8a1f 50 a 32 56 1f 64 a fffff378 e0 17 c3 c 66 5d d 11 4a 1b 33
FIXUPS: 829f 20 31 27 25 13 c 2d 15 1e 49 9 1b 12 a 29 62 35 11 a5 fffff474
FIXUPS: 7a3a 79 1a 78 c e c e c 2d 31 1c 22 22 1f 40 1c 23 31 1f 1c 27
FIXUPS: 7d9f e 23 12 88 15 18 10 50 4aa4 22 21 2f 2f 1e 23 2c 1e 15 d8
FIXUPS: cc42 39 86 5 7e d 21 ffffaa64 1f 11 2f 11 2f 11 af 1f 1a 27 1d
FIXUPS: 79fa 1a 48bd b c 18 3a 109 4c 54 23 84 15 a 22 c 19 7a 21 c 19
FIXUPS: c776 a4 1f 25 13 19 1f 51 33 1e 15 b 1b fffff116 13 11 59 11 12
FIXUPS: bb5c 12 14 2c 47 3f 38 44 59 22 66 41 16 49 17 48 18 4a 22 fc 27
FIXUPS: c0b9 100 13 2d 13 fffff31c 40 15 c 13 18 63 4b 54 19 62 14 12 1c
FIXUPS: b78c 77 1f 74 49 3e c a 13 1f 13 1b 18 5f 4b e 13 10 fffff43e 84
FIXUPS: af92 52 2d 10 d 59 91 15 31 14 1b 30 e 2b 14 f e 12 19 e 12 e 67
FIXUPS: b30c 21 2c 14 25 5f 47 2103 86 5 ffffd29f 11 2f 11 be 38 e 9b 28
FIXUPS: aa9b c 52 87 2d 1e 1b 9 10 15 32 1d 24 80 12 3c 76 7c 12 34 3e81
FIXUPS: ed27 49 30 d 2d 152 4e 3e 9 54 c 5 e d ba 19 d ffffdce0 5e 21 e
FIXUPS: ceb0 15 43 9 97 329 43 8d 1b e 1501 9 22 9 9 29 9 20 25 2a f 16
FIXUPS: e9d9 9 22 9 9 2f 1c 64 b8 9 13 2d 9 2c 9 2d 9 10 31 2d fffff79f
FIXUPS: e450 21 d 9 1f 9 9 16 f 16 b 9 2e 1c 64 cb 31 9 31 9 15 31 2d 66
FIXUPS: e7e6 4a 9 23 3f f 16 fffff76b 9 1e d 9 16 f 16 b 9 2e 1c 5c 30
FIXUPS: e19c 28 9 2b 6d 2b 9 36 9 b 27 29 66 19 4e 9 25 10 fffff67b 3b
FIXUPS: db18 72 16a d 60 5b 27 ae 9 1b d 9 26 10 17 10 9 9 16 f 16 b 9
FIXUPS: dfb0 9 2e 9 18 a 10 22c1 23 28 1f 34 9e a5 5d 2a0 5 ffffea0b 5
FIXUPS: d675 11 2f 11 4e 16 83 d 53 3e 4e d0 b 17 39 28 27 50 15 25 4f41
FIXUPS: 12a51 32 c 62 5 e d ffffc793 d 292 10e 3e7 286 86 34 24 33 52 4f
FIXUPS: ff4f 33 11 26 2d 2d 2d 2a 30 11c 86 98 2049 70 a d 51 e 41 38 37
FIXUPS: 124ba 89 15 e 3c 57 17 33 39 c 2f f 5c 18 37 26 107 35 40 6c 10
FIXUPS: 1299d 2a ffffeded 16 44 c 5f 72 ee 64 58 64 17 6f 30 3d 46 2b 23
FIXUPS: 11cc7 32 43 91 1b 25 19f 101 12e a d 6b e 41 42 ffffe82d a3 21c
FIXUPS: 10df1 12 d f0 d 1d 3f 1a1 f a7 73 6 c9 e 5d 13 31 56 e 75 60 28
FIXUPS: 115bc 55 11 25 4d 30 bc 2496 17f 8 1e 1f 14 3e 5c 26 b3 5 e d ffffebb3
FIXUPS: 12b4e 15 19 42 18 23 11 19 dc 158 53 36 28 99 5 ffffd999 139 8f
FIXUPS: 133ac b 18 49 76 4c 6a 1c 58 42 11b 4c 75 1c d8 4c 7a 44 3b 4b
FIXUPS: 13ab6 22 2d 2f 12 10 a 19 a c d 10 21bd 93 5d 18 96 1a 13 d 13
FIXUPS: 15f61 13 d 13 d 13 d 13 d 13 d ffffe030 5 fffff01f 11 3e d 54 116
FIXUPS: 132ce 78 1c 2a 24ff 1b e 17 30 19 14 2f 2d 11 24 41 14 b 51 31
FIXUPS: 15ac9 18 6d 19 1d 58 13 42 44 17 25 13 14 2f 2d 11 fffff415 42
FIXUPS: 15255 44 e cd 31 77 11 1f 18 1b 17 7 42 40 55 23 85 2f 13 2d 1f
FIXUPS: 15754 18 70 20 14 1d 12 19 29 fffff0a1 1b 3c 41 45 34 14 31 38
FIXUPS: 14ad3 26 35 45 4d 19 10 1e 32 77 2a 9b 4d 36 ec 98 35 1e 3e 23
FIXUPS: 15042 1d 43 fffff48e 28 a b 4c 22 a b 24 a b 2b 5b 6 15 b 17 c
FIXUPS: 1471a 1f 10 1e 32 d 1c 48 14 b 20 80 1d 2c fffff7d3 11 2f 11 2f
FIXUPS: 14176 2f 11 2f 11 2f 11 2f 11 28 9 32 1c 14 1c 21 24 6e 1e 2f 22
FIXUPS: 14482 23 38 20 1e a 2360 20 45 18 58 1a 12 26 a 4e 14 2f 2d 11
FIXUPS: 16aa9 48 38 2f 1c 19 61 31 23 10 34 36 8 d 13 d 13 d fffff466 7
FIXUPS: 1618f 1f 13 e 21 12 1d 43 101 14 15 7c 43 27 20 1c 18 2b 15 21
FIXUPS: 16536 10 60 57 4d 3e 4c 19 aa af 528 7 59 1f7 dc 52 17 6c 19 14
FIXUPS: 171d1 79 d 26 16 22 29 10 1c 52 20 d 8 20 5 e d ffffec54 11 2f
FIXUPS: 16076 1e 22e0 2d 21 38 1e 60 129 23 62 2a 61 1f 66 2e 6d 1f 66
FIXUPS: 1887e 63 70 75 29 32 5 e d 13 d 13 d ffffe2b4 11 e90 4a 65 57 40
FIXUPS: 17d5c 4c 50 5d 1a 23 16 185 34 a 3a 15 47 a 3a 15 47 a 3a 15 46
FIXUPS: 1824a 5b 15 5d 9 b 18d9 d ffffd874 20 11 2f 11 2f 11 3e 44 51 b
FIXUPS: 17625 23 14 34 86 2c 50 3e 36 89 5e 44 4d 43 80 55 4b 55 4b 18f4
FIXUPS: 1950d 15 30 39 47 16 9f 65 5 18 5b 33 16 27 47 1f b 42 34 3d 46
FIXUPS: 199a8 a9 78 35 b3 5 e d 13 d fffff415 b 18 10 d d 6 c 11 b 9 1a
FIXUPS: 190f4 51 1e b 1a c 10 14 52 b 1d 11e 21 13 12 2e 25 11 b 31 fffff710
FIXUPS: 18b75 11 2f 11 37 10d 8c 6 23 22 68 4a 41 7 e f 29 7 f 6 c e 18
FIXUPS: 18f7b 8 14 e 13 e 25 9 34cd 13 d 21 12 d 13 d ffffd775 1f 11 1e
FIXUPS: 19d59 31 20 2b 1a 1c 43 b 8 16 b 54 10 b 5 5 5 14 d ffffec14 3359
FIXUPS: 1bec6 4e 2a 9b 15 13 2a 17 9e 1e 7 56 b 9 e6 9d 1a 29 2c 1c 1f
FIXUPS: 1c3bd 40 24 40 5 e d 13 d 13 fffff04a 12 f 12 42 17 22 8 1f 5b
FIXUPS: 1b6d9 15 13 16a 1b e0 7 5b b 47 8b 5c 22 46 9f 7d 26 10e 23 38
FIXUPS: 1be45 42 fffff0c4 11 10 a0 16 1f c d5 c 15 10 c 70 31 10 16 3f
FIXUPS: 1b284 15 1c 4e 32 46 40 39 47 11 12 2f 31 1c 12 fffff4c3 7b 32
FIXUPS: 1aae8 b3 11 e 30 2e c 3c 16 1a 43 18 19 8 49 46 12 26 23 28 1a
FIXUPS: 1ae62 a 31 39 6 2d 12 13 fffff518 10 3d 14 b 3c 31 10 c 3d 14 18
FIXUPS: 1a5e1 24 15 b 3f a2 2f 2b 15 47 5 18 5e 3d c5 b 11 26 17 b fffff6c9
FIXUPS: 1a095 11 2f 11 2f 11 2f 11 1e 3b 2b b 2f d 44 14 10 b 10 3b 1d
FIXUPS: 1a32c a 42 19 b e 47 9 10 16 2185 11 1e 31 43 2d f 4d 3c 85 61
FIXUPS: 1ca64 2a 7 15 b 18 11 c 33 18 c 5 e d 13 d ffffd454 11 2f 11 2f
FIXUPS: 1d8b7 3d 59 1f 13 3d 2e 77 16 2c 1c 7 17 32 66 2d 23 1f 1c 15 7c
FIXUPS: 1dc96 9e d 16 ffffefaa 5 ffffff3b 5 5 fffff91a 11 e1a 1f 15 d 19
FIXUPS: 1d3ff 45 24 48 14 b 5e 60 1d 43 26 4c 19 d 23 15 d 12 60 61 1d
FIXUPS: 1d7db 13 1e 1d 5c 1f fffff5f7 13 24 3f 11 13 10 18 f 20 28 2e 2b
FIXUPS: 1d020 68 3e 48 50 1f 51 c 34 15 15 6f e 14 25 44 1e 1b f 52df 38
FIXUPS: 22696 e d 13 d 13 d ffffb844 11 2e 53 1e 16 1e 28 26 67 59 1a 13
FIXUPS: 1e161 fffffd20 5 ffffffbb 5 ffffef6f 11 28 67 1e 50f0 6 85 20 19
FIXUPS: 22053 11 2f 15 1f 60 61 2d d 70 80 7a 7 d 3a 10 2c 7f 1a 20 1b
FIXUPS: 224aa 61 1b e7 1b 10 fffff46d 27 2c 57 1a e 15 19 1f 10 8d 18 33
FIXUPS: 21cc4 1b 19 24 86 1c 17 17 17 20 20 9 24 4a 1e 2d 19 1e d fffff210
FIXUPS: 21184 15 28 84 b0 21 41 5d 21 67 1e 71 31 2c 3e c3 26 25 26 8d
FIXUPS: 21736 52 52 3d 62 21 98 20 5a 83 2f ffffeea9 12 11 9 23 49 3a c
FIXUPS: 20a5b 54 33 93 20 13 20 12 b6 2c 15 1d 6f c 16 e 10 10 9 e 187
FIXUPS: 20f75 33 12c fffff082 a4 37 49 15 53 c 24 c 3f 54 4c 54 40 35 8f
FIXUPS: 20575 1b 51 1b 20 1c 28 30 3d 19 1e 3e 17 1f d 16e fffff1f0 5c
FIXUPS: 1fb78 16 1b 9 1d 19 9 26 4c 3f 41 1c 5b 43 18 75 5d 44 31 2f 28
FIXUPS: 1ff5c 15 30 28 c e7 4b e 15 fffff58b 15 15 35 3b e 10 17 e 17 19
FIXUPS: 1f80a 26 21 3c 13 2d d e 86 9 46 b 1e 1e 9 20 16 2f 1c 13 f fffff7cb
FIXUPS: 1f29f 11 13 1d 24 56 10 2f 31 1d 20 25 2f 23 12 39 20 19 3a 6 17
FIXUPS: 1f579 1c 4c 13 11 2a 15 15 18 2f fffff530 24 23 32 29 20 48 43
FIXUPS: 1ed94 3a 7b 31 79 c5 1e 12 e 10 7 21 89 15 f 17 35 38 68 17 1d
FIXUPS: 1f22b 33 10 fffff165 b 57 28 1d c3 20 2a 46 76 30 3f 1c 31 59 10
FIXUPS: 1e7b4 1b 4e a7 a5 34 1f 1e 5b b 16 27 4f 43 22 74 7ecf 1fd 19 aa
FIXUPS: 26d59 45 c a 18 f 19 18 155 5 e d 13 d ffff71e4 11 2f 11 2f 11
FIXUPS: 1e245 11 2f 11 28 64 31 6b 7fcf 37 44 33 28 2c 2b 72 50 56 30 2f
FIXUPS: 26646 19 84 b 20 47 9b 81 21 f 33 50 28 f 21 41 26 5f c a fffff20b
FIXUPS: 25c93 26 1c 85 db 24 db 15 2a a 43 15 70 29 3f 15 69 30 26 27 4e
FIXUPS: 26227 f 15 22 4e 7a 12 e f 12 fffff319 1f e 47 25 15 2f 21 f 2f
FIXUPS: 257e8 f 1b 1d 15 f6 11 1d 4c 1c 55 2b 7f 18 1d 20 96 18 23 1d 21
FIXUPS: 25c4c fffff37c 33 1f 33 13 2e 6f 29 47 66 29 1c 1b b 6b 1a 1c 105
FIXUPS: 2541c 1f 5f 69 54 f 20 28 2b 1d 21 14 1a 2b ffffee0f 38 9f e 4b
FIXUPS: 24645 45 29 125 15 2b 62 13 22 66 24 3a 2b 27 129 18 40 6b 4a 27
FIXUPS: 24c44 4d b8 b 6a 3d 128 ffffe905 18 16 6d 85 4f 13 15 1f a7 17f
FIXUPS: 23c23 1f3 f 9a 27 20 2f a9 9e b 56 2f 55 b 9c 4f d7 b a1 4f 49
FIXUPS: 22f4f 3f 29 d 32 31 d 26 f 5c 61 3a 11 35 26 92 3f 4a ed 28 26
FIXUPS: 234ce 3e 4b ed 28 15 28 17 2a dc 1c fffff22f 6a f 11 11 b 13 3d
FIXUPS: 22b2b 11 11 b 39 79 f 43 87 34 22 32 20 27 23 b 1c 15 32 1a e 25
FIXUPS: 22f1e 1b 6b11 42 12 14 e2 24 9 5 e d 21 12 d 13 d 13 d 13 d 13
FIXUPS: 29ca1 13 d ffff8a64 8e 13 72 26 15 7c c8 1e 6b39 26 35 4d 7 14
FIXUPS: 295ea af 3d 1e 13 2c b 15 10 3d 13 42 36 2e 1d a3 2e 1a b 1d 10
FIXUPS: 299b8 15 16 d 26 fffff47e 38 33 e 12 10 bf df 19 9 142 6c 59 10
FIXUPS: 29315 29 17 39 7 10 64 25 7 1c 23 14 5 1c 10 24 5 1c fffff2eb 54
FIXUPS: 28895 1c 47 3d 21 1e 23 3f 54 2f c 56 2e 2d 1a 2f 15 49 15 18 3b
FIXUPS: 28c70 15 9 3c 36 25 10 2d 11b fffff13c 16 27 2e 20 13 10 ca 13
FIXUPS: 2824b 46 13 b2 92 104 22 9 22 2e 4f 7 18 2d 37 1d 43 22 12 19 41
FIXUPS: 2879a 15 fffff136 12 17 c e 12 2b 34 27 14 15 2c b 10 17 35 50
FIXUPS: 27b27 30 39 19 5b 2a 43 69 37 b3 119 15 58 44 d fffff306 2c 5d
FIXUPS: 27333 4e b 7 f 45 56 13 1d ce 9 4a 3f 2b 58 b0 1e 59 4a 30 1a 2f
FIXUPS: 27853 1f 18 10 e 6 19 2711 21 d3 1b 12d 16 42 5a b 5 5 5 22 ffffccc3
FIXUPS: 26fd6 2f 11 2f 11 2f 11 2f 11 2f 11 2f 11 2f 11 2f 21 91 3d65 1a
FIXUPS: 2b004 2d 16 16 13 11 1c 10 d 11 1a e 14 1a 13 d ffffebc4 11 20
FIXUPS: 29d44 2b 25 7 19 56 79 13 f 79 7f bb1 16 22 1c 38 21 1b 5c 21 2b
FIXUPS: 2acd4 28 16 46 23 2f 40 16 24 e 1f 1b 28 8 c a 36 2d 29 12 10 32
FIXUPS: 2a615 54 2d e 2d 3b 57 2a 24 4e 34 49 1a 18 16 27 1b 2a 44 1b 1a
FIXUPS: 2a9c4 16 28 2a 43 23 26 18 1d 11 31 4198 60 20 1e 38 3d 3b 26 67
FIXUPS: 2ef24 c8 47 49 2a 13 16 5b 57 13 d 13 d ffffb1f4 11 2e 49 6b 7d
FIXUPS: 2a54d 2e 2c 2c 42fe 18 18 1e f 44 28 1d 13 25 41 9 9 31 9 2c 1e
FIXUPS: 2eae5 15 21 10 1a 19 27 64 15 15 30 9 10 9 46 fffff6b1 3d 19 21
FIXUPS: 2e473 28 d4 94 2a f 25 9 38 d 9 2e 12 9 1f 1c 36 1f 27 2a 2e 11
FIXUPS: 2e838 1e 1f 22 16 f fffff56a 25 2c 3c 11 1b 3a 30 2c 34 1f 10 3f
FIXUPS: 2e032 20 18 10 4f 36 18 29 3c 25 49 1b 3a 1c 2b 1c 34 1c 30 fffff671
FIXUPS: 2d9c8 1a 1c 13 1e c d 23 47 25 13 3b 48 37 2e 2c 2f 33 1b 2b 29
FIXUPS: 2dcf8 20 1a 3a 18 27 f c 10 22 fffff7ff f 1f 4e 2b 16 d 19 14 16
FIXUPS: 2d71b 23 22 29 2a 16 10 16 16 11 32 13 23 28 1c 2b 11 d 24 17 1f
FIXUPS: 2d97c fffff8da 16 a 33 11 24 d 24 13 9 11 7 9 15 22 26 1c 17 1f
FIXUPS: 2d406 1b 18 f 3f 50 20 1b 1d 13 2d 3d 11 fffff7e6 4e 1a 16 a0 75
FIXUPS: 2cf73 45 1a 2c d 17 d 1a 10 9 15 12 9 39 2a 10 b 36 11 1d 1a 15
FIXUPS: 2d1ad 50 2c 25 fffff633 32 17 42 36 9 e 27 17 3f e 4f 40 1d 17
FIXUPS: 2cabd 7b 19 41 b 15 24 11 1a 35 1e 35 13 37 33 1c 24 fffff665 28
FIXUPS: 2c3d9 38 34 17 23 1f 1c 1a 27 39 2a 9c 3c f b 9 13 11 40 29 48
FIXUPS: 2c73d 20 32 21 2c 16 21 34 b fffff62d 48 51 54 52 6 70 11 1c c
FIXUPS: 2c085 19 15 10 b f 12 b 10 2a 39 22 49 6 2c 30 24 52 a 9 19 75
FIXUPS: 2b90a 1c 22 78 1f 54 13 13 26 27 17 2e 17 3a 2b 27 17 41 16 18
FIXUPS: 2bc2a 13 26 30 2c 16 16 13 32 2a 4c d fffff6fc 17 46 16 b 15 19
FIXUPS: 2b572 47 3e 23 4d 16 11 18 18 16 5a 34 40 1f 45 1c 36 18 14 9 14
FIXUPS: 2b8b0 b 1a 2d 3ebf 13 d ffffb984 11 2f 11 1e 12 88 2c 14 2c 9 b
FIXUPS: 2b2fb e b f 6a c 10 b 11 e 13 15 41 26 7 a f 83a1 32 e 3a 30 97
FIXUPS: 33977 30 27 21 25a2 ffff9254 11 2f f 7a 50 7f 20 b1 65 a 2b 23
FIXUPS: 2f523 16 1a 8 e 16 19 6 7b46 d ffff8714 11 52 8 28 8 11c 18 3f
FIXUPS: 2fa2e 1c 5b 11 d 81 6a 12 78 12 33 27 21 398e 1b 1c 5d f d 9c 73
FIXUPS: 3682d 3e 1c 16 46 1c 3a 16 41 16 1d 3e b8 165 78 75 49 d 20 52
FIXUPS: 36e45 c6 80 14 1c 46 79 17 13 d 13 d fffff299 16 40 9 1e d 2c 37
FIXUPS: 36464 32 33 27 76 14 27 38 25 26 d 27 16 16 1b d 4a 5f 14 1b 3e
FIXUPS: 367cf 2c 1c 1edc 10 43 b 5 5 9 d 13 d 13 d ffffd804 11 2f 20 11
FIXUPS: 36055 11 1e 6e 17 68 3c 58 54 70 15 f 31 18 d 1eb6 1c 1d 3f 1a
FIXUPS: 3829d 11 b 39 f 1e 19 d b 79 23 11 b c1 e 12 29 25 2c 16 26 15
FIXUPS: 385d5 7b 4f 2f 8 fffff56e 40 28 18 40 40 1f 38 45 3e 10 17 61 14
FIXUPS: 37ecf 20 d3 57 6 20 2b 3f 6 20 2b 4b 6 1d 18 1f 2d 27 fffff4c1
FIXUPS: 376e2 22 2e 4b 36 17 27 34 1c 17 8 a a 28 11 15 8 8 48 125 29 57
FIXUPS: 37ae2 23 13 1d 18 40 1f 17 31 fffff5d2 1e 12 22 21 25 14 23 14
FIXUPS: 372bd 25 11 18 3d 1c d 14 57 26 7 a f 2a 3e 64 dd 1d 15 12 b 8
FIXUPS: 3764b 15e2 86 c 42 9 a 11 9 d 14 11 10 1b 1d f 1f 1d 14 1f 10 10
FIXUPS: 38e94 10 10 1e 10 3f ffffe204 11 2f 11 3e 243f 1a 22 24 13 3a b
FIXUPS: 396c9 2d 1a 154 76 1d 68 33 7 71 28 34 b 5 5 17 ffffedec 23 89
FIXUPS: 389c8 5e a1 aa c a4 43a 7 2f 7 5e b 16 e 7 9f d 2b 19 20 12 67
FIXUPS: 392db 11 24 1e 11 b 1e 82 10 28 e 64 d7 c 24 b 7a9 28 e 21 1f 11
FIXUPS: 39de5 27 e f 95 28 59 9 17 24 14 9 15 1c 13 d ffffef45 1f 11 2e
FIXUPS: 38fa9 29 7 56 b 17 16c2 e c 12 a d 38 16 a 19 18 12 5 e d fffff2a4
FIXUPS: 39ac6 1e 8 30 8 10 67 25 1f 39 23 30 c 69 11 f 610 15 6a 55 39
FIXUPS: 3a44c a d 27 8 12 28 2e a c 11 17 a 8 d 25 26 2c 2d 4d 3e 17 2a
FIXUPS: 3a6de c 12 a a06 25 40 60 40 5 ffffedff 11 22 21 10 21 68 19 a
FIXUPS: 3a13a f d 90 28 f 18 f 14 f f a 1f 11 12 17 20 1998 fffff650 ffffffe0
FIXUPS: 3a944 166 2c 58 15 6 19 e5 d 1d 15 10 1c 50 e e 73 1e 40 67 1e
FIXUPS: 3ae8a d3 56 5e 40 40 43 26 398 8c 10 14 e 30 b8 1b 34 2a 5b 1c
FIXUPS: 3b769 1e 6d 3b 130 1b6 b 37 7 12 27 10 61 29 5 e d 13 d 13 9fb
FIXUPS: 3c688 7f 9 12 24 43 2b 16 3d 9 6 55 3e 31 26 28 239 5 e d fffff250
FIXUPS: 3bdd6 fffff52f 11 2f 11 2f 11 23 47 84 32a0 d 13 d ffffd6a4 11
FIXUPS: 3be24 3b 17 d 2a b 48 24 2e 94 233 b0 14 76 8c 12 19 43 19 18 77
FIXUPS: 3c543 32 63 3f 35 1dff 2e 2c 34 22 b 1a f 12 d 13 d 29 12 18 23
FIXUPS: 3e622 39 1b a 16 b 5 5 5 5 f d 13 d 13 d fffff8de 3d 26 17 14 d
FIXUPS: 3e09f d 10 2c 2d 3c 1f 2c 15 96 e 57 a 18 3f 42 39 15 f 16 24 e
FIXUPS: 3e40c e e 12 fffff6d0 7 7 1f 7 c 20 b 10 42 12 34 1c 11 44 12 e
FIXUPS: 3dcb1 12 f 4e 17 e4 20 4b 12 1b 23 1b 27 71 5a fffff615 94 1c 4a
FIXUPS: 3d709 b 22 32 16 21 20 25 27 44 31 28 1a 23 29 c 3a 3d 3d 1e 15
FIXUPS: 3da1e 39 35 1e 22 7 12 fffff6c0 2d b 38 31 34 22 38 18 1f 13 70
FIXUPS: 3d3a2 1f 2c 10 13 17 27 2a e 21 18 22 12 14 25 f 9 65 23 9 fffff691
FIXUPS: 3cc95 11 2f 11 2f 11 2f 11 20 20 5b 26 f 3a 2f b 34 59 5d 14 20
FIXUPS: 3cfe0 36 f 16 40 58 1c 5e 1a 1a 732a d 5b 28 28 5b 23 e 12 e f
FIXUPS: 44627 12 19 e 12 e 31 5 e d 21 1e d 17 d 13 d 13 d ffff84a5 2f
FIXUPS: 43f6e 13 49 1b 23 27 57 f 13 d 12 13 38 17b 13 12 18 e e d 16 e
FIXUPS: 44320 12 14 10 19 62 20 26 1a 30 fffff472 3b 34 bb 2b 11 20 9 45
FIXUPS: 43ac0 20 1e 9d 70 eb 56 1d 9 22 29 24 16 9 23 b 36 35 1d 1a 6d
FIXUPS: 43f4f 12 fffff23e 11 1f b 9 14 54 7 18 1d ba 7 f 5d 6e 3e 49 3b
FIXUPS: 43550 23 29 19 c 50 1c 93 128 f 16 7f 12 1d fffff4fc a 9 18 51
FIXUPS: 42eb3 58 a 11 2f e e 27 e e 11 b 9 1b 16 a 11 9 11 a 11 9 54 7
FIXUPS: 430cf 7e 48 fffff6ad 1a 21 4f a 10 61 1d 1e 49 f f f 9 45 26 26
FIXUPS: 42ab8 e4 5d 14 a5 58 a e 2c e e b 9 1a 7 fffff539 9 4c 2b 7 4e
FIXUPS: 423d4 43 47 1d 23 14 69 7 6b 31 28 75 27 3c 1e 20 57 23 9 3f e
FIXUPS: 42803 10 e a e fffff679 d6 36 31 a e b 23 1a 7 20 a 9 15 43 58
FIXUPS: 42160 25 4e 31 a e b b 23 18 16 a 9 15 e a fffff7b9 1a 1b 36 12
FIXUPS: 41b2f 51 a 12 e a 12 e a 12 e a 12 e a 12 e a 12 a 79 94 12 8e
FIXUPS: 41e42 1c 3f fffff932 12 e 12 e 12 e 10 24 1a 1a 1a 1a 1a 18 10
FIXUPS: 4191d 10 16 10 d 14 f 12 11 10 d 9 30 20 20 20 fffff9c3 3e 16 d
FIXUPS: 414ba 2d 19 14 26 15 f 1b 18 53 a 7 15 35 12 45 12 27 a 7 1a 3d
FIXUPS: 4175e 23 e 12 e 12 fffff68d 18 18 18 1a 4b 1f 83 b 68 65 14 1f
FIXUPS: 410d5 66 d c 2d 1d 21 d 21 1a 12 36 1c 9 38 57 26 ab 21 fffff2c2
FIXUPS: 406d5 18 23 1b 26 12 13 32 8 57 6d 25 55 13f 2d 17 13 2d 55 25
FIXUPS: 40b78 7 83 f 12 ea 20 14 4b 13 30 fffff2d1 2c 36 84 30 2f 1b 10
FIXUPS: 40261 33 90 d 52 11 10 41 13 32 77 21 34 23 5f 3d 14 13 25 16 1e
FIXUPS: 40658 17 32 fffff128 3c 36 74 11 7c 7 90 21 87 2c 52 1a 40 b 1a
FIXUPS: 3fbdc 26 4e 15 2e 2e 2b 15 14 21 20 3d 7 62 55 22d fffff2f5 28
FIXUPS: 3f3a9 46 e 15 44 1f 13 14 f 21 11 29 1e 3e 22 1d 24 2b 3f 3d 36
FIXUPS: 3f6ac 1f 12 c 12 9 52 c 4c fffff64b 41 55 2b 1e 19 2a 10c 1e 19
FIXUPS: 3f08a 2a 14 4b 22 2f 39 b 14 29 13 15 24 19 2b 28 1a 58 a c 9 2e
FIXUPS: 3e9b5 11 22 37 1d 8 12 13 10 42 41 30 12 1b 27 29 2f 27 b 14 d
FIXUPS: 3ec42 27 15 e 25 14 1f 40 25 15 94 68e8 1e f 15 1b a f 15 3d 17
FIXUPS: 457eb f 1b a f 27 41 1e 1d 18 18 5 ffff8f6f 11 2f 11 2f 11 2f 11
FIXUPS: 3e975 11 69bf 3c 8 d 2c 2a 1a 37 f 1b a f 2c 46 1a 33 1c 25 c 19
FIXUPS: 455c3 25 22 c 13 17 1e 1a f 1f 1b a fffff7a4 3d 67 19 14 c c 4e
FIXUPS: 44fc7 d 31 26 c 1a 32 27 16 f 35 2f 10 16 50 23 1c 57 26 c 1a 32
FIXUPS: 45319 14 fffff574 c 9 32 16f 25 1d 19 4e 14 16 1b 12 20 3a 18 2c
FIXUPS: 44c01 41 4a 2d 12 15 15 15 15 21 21 15 47 1d 5f
