 ft

 Timestamp is 62771c84 (Sun May 08 04:27:32 2022)

 Preferred load address is 00400000

 Start         Length     Name                   Class
 0001:00000000 0005546cH .text                   CODE
 0002:00000000 0000123cH .bss                    DATA
 0003:00000000 000036d0H .rdata                  DATA
 0004:00000000 00001b1cH .data                   DATA
 0004:00001b1c 00000004H .CRT$XCA                DATA
 0004:00001b20 00000004H .CRT$XCC                DATA
 0004:00001b24 000000c8H .CRT$XCU                DATA
 0004:00001bec 00000004H .CRT$XCZ                DATA
 0004:00001bf0 00000004H .CRT$XIA                DATA
 0004:00001bf4 00000008H .CRT$XIC                DATA
 0004:00001bfc 00000004H .CRT$XIZ                DATA
 0004:00001c00 00000004H .CRT$XPA                DATA
 0004:00001c04 00000004H .CRT$XPZ                DATA
 0004:00001c08 00000004H .CRT$XTA                DATA
 0004:00001c0c 00000004H .CRT$XTZ                DATA
 0005:00000000 0000008cH .idata$2                DATA
 0005:0000008c 00000028H .idata$3                DATA
 0005:000000b4 0000044cH .idata$4                DATA
 0005:00000500 0000044cH .idata$5                DATA
 0005:0000094c 00001216H .idata$6                DATA
 0006:00000000 0000005cH .edata                  DATA
 0007:00000000 00000114H .rsrc$01                DATA
 0007:00000120 00000624H .rsrc$02                DATA
 0009:00000000 00000000H .debug$C                DATA
 0009:00000000 00000110H .debug$E                DATA
 0009:00000110 0000a570H .debug$F                DATA
 0009:0000b890 00000000H .debug$G                DATA
 0009:0000b890 0000002cH .debug$H                DATA
 0009:fff98000 00000000H .debug$P                DATA
 0009:fff98000 00000000H .debug$S                DATA
 0009:fff98000 00000000H .debug$T                DATA

  Address         Publics by Value              Rva+Base   Lib:Object

 0001:00000000       ?FWouldBe@USAC@@SGHJ@Z     00401000 f utilglob.obj
 0001:00000020       ?FIs@USAC@@UAEHJ@Z         00401020 f utilglob.obj
 0001:00000030       ?Cls@USAC@@UAEJXZ          00401030 f utilglob.obj
 0001:00000100       ??_EBASE@@UAEPAXI@Z        00401100 f utilglob.obj
 0001:00000100       ??_GBASE@@UAEPAXI@Z        00401100 f utilglob.obj
 0001:00000130       ??_GKCDC@@UAEPAXI@Z        00401130 f utilglob.obj
 0001:00000130       ??_EKCDC@@UAEPAXI@Z        00401130 f utilglob.obj
 0001:00000150       ?FCanDo@KCDC@@UAEHHJ@Z     00401150 f utilglob.obj
 0001:00000190       ?FWouldBe@BLL@@SGHJ@Z      00401190 f base.obj
 0001:000001b0       ?FIs@BLL@@UAEHJ@Z          004011b0 f base.obj
 0001:000001c0       ?Cls@BLL@@UAEJXZ           004011c0 f base.obj
 0001:000001d0       ?Cls@BASE@@UAEJXZ          004011d0 f base.obj
 0001:000001e0       ?FIs@BASE@@UAEHJ@Z         004011e0 f base.obj
 0001:00000200       ?FWouldBe@BASE@@SGHJ@Z     00401200 f base.obj
 0001:00000220       ??0BASE@@QAE@XZ            00401220 f base.obj
 0001:00000230       ?AddRef@BASE@@UAEXXZ       00401230 f base.obj
 0001:00000240       ?Release@BASE@@UAEXXZ      00401240 f base.obj
 0001:00000260       ??2BASE@@SGPAXI@Z          00401260 f base.obj
 0001:00000290       ??3BASE@@SGXPAX@Z          00401290 f base.obj
 0001:000002a0       ??0BLL@@QAE@XZ             004012a0 f base.obj
 0001:000002c0       ??1BLL@@UAE@XZ             004012c0 f base.obj
 0001:000002e0       ?_Attach@BLL@@IAEXPAX@Z    004012e0 f base.obj
 0001:00000350       ??_GBLL@@UAEPAXI@Z         00401350 f base.obj
 0001:00000350       ??_EBLL@@UAEPAXI@Z         00401350 f base.obj
 0001:00000370       ?FillPb@@YGXPAXJE@Z        00401370 f utilcopy.obj
 0001:000003b0       ?ClearPb@@YGXPAXJ@Z        004013b0 f utilcopy.obj
 0001:000003d0       ?ReversePb@@YGXPAXJ@Z      004013d0 f utilcopy.obj
 0001:00000400       ?SwapBlocks@@YGXPAXJJ@Z    00401400 f utilcopy.obj
 0001:00000430       ?SwapPb@@YGXPAX0J@Z        00401430 f utilcopy.obj
 0001:00000480       ?MoveElement@@YGXPAXJJJ@Z  00401480 f utilcopy.obj
 0001:000004f0       ?FEqualRgb@@YGHPAX0J@Z     004014f0 f utilcopy.obj
 0001:00000530       ?CbEqualRgb@@YGJPAX0J@Z    00401530 f utilcopy.obj
 0001:00000590       ?CopyPb@@YGXPAX0J@Z        00401590 f utilcopy.obj
 0001:000005c0       ?BltPb@@YGXPAX0J@Z         004015c0 f utilcopy.obj
 0001:00000630       ?FWouldBe@ERS@@SGHJ@Z      00401630 f utilerro.obj
 0001:00000650       ?FIs@ERS@@UAEHJ@Z          00401650 f utilerro.obj
 0001:00000660       ?Cls@ERS@@UAEJXZ           00401660 f utilerro.obj
 0001:00000670       ??0ERS@@QAE@XZ             00401670 f utilerro.obj
 0001:000006a0       ?Push@ERS@@UAEXJ@Z         004016a0 f utilerro.obj
 0001:000006f0       ?FPop@ERS@@UAEHPAJ@Z       004016f0 f utilerro.obj
 0001:00000740       ?Clear@ERS@@UAEXXZ         00401740 f utilerro.obj
 0001:00000760       ?Cerc@ERS@@UAEJXZ          00401760 f utilerro.obj
 0001:00000770       ?FIn@ERS@@UAEHJ@Z          00401770 f utilerro.obj
 0001:000007c0       ?ErcGet@ERS@@UAEJJ@Z       004017c0 f utilerro.obj
 0001:00000800       ?Flush@ERS@@UAEXJ@Z        00401800 f utilerro.obj
 0001:000008a0       ??_GERS@@UAEPAXI@Z         004018a0 f utilerro.obj
 0001:000008a0       ??_EERS@@UAEPAXI@Z         004018a0 f utilerro.obj
 0001:000008d0       ?LwGcd@@YGJJJ@Z            004018d0 f utilint.obj
 0001:000008f0       ?LuGcd@@YGKKK@Z            004018f0 f utilint.obj
 0001:00000940       ?SortLw@@YGXPAJ0@Z         00401940 f utilint.obj
 0001:00000960       ?MulLw@@YGXJJPAJPAK@Z      00401960 f utilint.obj
 0001:00000980       ?LuMulDiv@@YGKKKK@Z        00401980 f utilint.obj
 0001:000009a0       ?MulLu@@YGXKKPAK0@Z        004019a0 f utilint.obj
 0001:000009c0       ?LwMulDivAway@@YGJJJJ@Z    004019c0 f utilint.obj
 0001:00000a20       ?LwDivAway@@YGJJJ@Z        00401a20 f utilint.obj
 0001:00000a50       ?LwRoundAway@@YGJJJ@Z      00401a50 f utilint.obj
 0001:00000a80       ?LwRoundToward@@YGJJJ@Z    00401a80 f utilint.obj
 0001:00000ab0       ?LwRoundClosest@@YGJJJ@Z   00401ab0 f utilint.obj
 0001:00000af0       ?FcmpCompareFracs@@YGKJJJJ@Z 00401af0 f utilint.obj
 0001:00000b80       ?FAdjustIv@@YGHPAJJJJ@Z    00401b80 f utilint.obj
 0001:00000bd0       ?SwapBytesBom@@YGXPAXK@Z   00401bd0 f utilint.obj
 0001:00000c30       ?SwapBytesRgsw@@YGXPAXJ@Z  00401c30 f utilint.obj
 0001:00000c60       ?SwapBytesRglw@@YGXPAXJ@Z  00401c60 f utilint.obj
 0001:00000c90       ??BPT@@QAE?AUtagPOINT@@XZ  00401c90 f utilint.obj
 0001:00000cf0       ??4PT@@QAEAAV0@AAUtagPOINT@@@Z 00401cf0 f utilint.obj
 0001:00000d10       ?Map@PT@@QAEXPAVRC@@0@Z    00401d10 f utilint.obj
 0001:00000dc0       ?Transform@PT@@QAEXK@Z     00401dc0 f utilint.obj
 0001:00000df0       ??8RC@@QAEHAAV0@@Z         00401df0 f utilint.obj
 0001:00000e60       ??9RC@@QAEHAAV0@@Z         00401e60 f utilint.obj
 0001:00000ed0       ?Union@RC@@QAEXPAV1@0@Z    00401ed0 f utilint.obj
 0001:00000f00       ?Union@RC@@QAEXPAV1@@Z     00401f00 f utilint.obj
 0001:00000f80       ?FIntersect@RC@@QAEHPAV1@0@Z 00401f80 f utilint.obj
 0001:00001000       ?FIntersect@RC@@QAEHPAV1@@Z 00402000 f utilint.obj
 0001:00001080       ?Inset@RC@@QAEXJJ@Z        00402080 f utilint.obj
 0001:000010a0       ?Map@RC@@QAEXPAV1@0@Z      004020a0 f utilint.obj
 0001:000011c0       ?Transform@RC@@QAEXK@Z     004021c0 f utilint.obj
 0001:00001220       ?OffsetCopy@RC@@QAEXPAV1@JJ@Z 00402220 f utilint.obj
 0001:00001250       ?Offset@RC@@QAEXJJ@Z       00402250 f utilint.obj
 0001:00001270       ?OffsetToOrigin@RC@@QAEXXZ 00402270 f utilint.obj
 0001:00001290       ?CenterOnRc@RC@@QAEXPAV1@@Z 00402290 f utilint.obj
 0001:000012e0       ?FPtIn@RC@@QAEHJJ@Z        004022e0 f utilint.obj
 0001:00001310       ?PinPt@RC@@QAEXPAVPT@@@Z   00402310 f utilint.obj
 0001:00001350       ?PinToRc@RC@@QAEXPAV1@@Z   00402350 f utilint.obj
 0001:000013a0       ??4RC@@QAEAAV0@AAUtagRECT@@@Z 004023a0 f utilint.obj
 0001:000013c0       ??BRC@@QAE?AUtagRECT@@XZ   004023c0 f utilint.obj
 0001:00001490       ?FContains@RC@@QAEHPAV1@@Z 00402490 f utilint.obj
 0001:000014d0       ?SetToCell@RC@@QAEXPAV1@JJJJ@Z 004024d0 f utilint.obj
 0001:000015b0       ??0USAC@@QAE@XZ            004025b0 f utilint.obj
 0001:000015e0       ?TsCur@USAC@@QAEKXZ        004025e0 f utilint.obj
 0001:00001640       ?Scale@USAC@@QAEXK@Z       00402640 f utilint.obj
 0001:000016c0       ?Set@DVER@@QAEXFF@Z        004026c0 f utilint.obj
 0001:000016e0       ?FReadable@DVER@@QAEHFF@Z  004026e0 f utilint.obj
 0001:00001720       ??_GUSAC@@UAEPAXI@Z        00402720 f utilint.obj
 0001:00001720       ??_EUSAC@@UAEPAXI@Z        00402720 f utilint.obj
 0001:00001740       ?FAllocPv@@YGHPAPAXJKJ@Z   00402740 f utilmem.obj
 0001:00001810       ?_FResizePpv@@YGHPAPAXJJKJ@Z 00402810 f utilmem.obj
 0001:00001900       ?FreePpv@@YGXPAPAX@Z       00402900 f utilmem.obj
 0001:00001940       ?FWouldBe@RND@@SGHJ@Z      00402940 f utilrnd.obj
 0001:00001960       ?FIs@RND@@UAEHJ@Z          00402960 f utilrnd.obj
 0001:00001970       ?Cls@RND@@UAEJXZ           00402970 f utilrnd.obj
 0001:00001980       ?FWouldBe@SFL@@SGHJ@Z      00402980 f utilrnd.obj
 0001:000019a0       ?FIs@SFL@@UAEHJ@Z          004029a0 f utilrnd.obj
 0001:000019b0       ?Cls@SFL@@UAEJXZ           004029b0 f utilrnd.obj
 0001:000019c0       ??0RND@@QAE@K@Z            004029c0 f utilrnd.obj
 0001:00001a00       ?LwNext@RND@@UAEJJ@Z       00402a00 f utilrnd.obj
 0001:00001a30       ??0SFL@@QAE@K@Z            00402a30 f utilrnd.obj
 0001:00001a60       ??1SFL@@UAE@XZ             00402a60 f utilrnd.obj
 0001:00001a80       ?Shuffle@SFL@@QAEXJ@Z      00402a80 f utilrnd.obj
 0001:00001ac0       ?_ShuffleCore@SFL@@IAEXXZ  00402ac0 f utilrnd.obj
 0001:00001b10       ?_FEnsureHq@SFL@@IAEHJ@Z   00402b10 f utilrnd.obj
 0001:00001b80       ?LwNext@SFL@@UAEJJ@Z       00402b80 f utilrnd.obj
 0001:00001c10       ??_GRND@@UAEPAXI@Z         00402c10 f utilrnd.obj
 0001:00001c10       ??_ERND@@UAEPAXI@Z         00402c10 f utilrnd.obj
 0001:00001c30       ??_ESFL@@UAEPAXI@Z         00402c30 f utilrnd.obj
 0001:00001c30       ??_GSFL@@UAEPAXI@Z         00402c30 f utilrnd.obj
 0001:00001c50       ??0STN@@QAE@PAD@Z          00402c50 f utilstr.obj
 0001:00001c90       ??4STN@@QAEAAV0@AAV0@@Z    00402c90 f utilstr.obj
 0001:00001cb0       ?SetRgch@STN@@QAEXPADJ@Z   00402cb0 f utilstr.obj
 0001:00001cf0       ?SetSzs@STN@@QAEXPAD@Z     00402cf0 f utilstr.obj
 0001:00001d10       ?Delete@STN@@QAEXJJ@Z      00402d10 f utilstr.obj
 0001:00001d70       ?FAppendRgch@STN@@QAEHPADJ@Z 00402d70 f utilstr.obj
 0001:00001dc0       ?FInsertRgch@STN@@QAEHJPADJ@Z 00402dc0 f utilstr.obj
 0001:00001e80       ?FEqualRgch@STN@@QAEHPADJ@Z 00402e80 f utilstr.obj
 0001:00001eb0       ?FEqualUserRgch@STN@@QAEHPADJK@Z 00402eb0 f utilstr.obj
 0001:00001ed0       ?CbData@STN@@QAEJXZ        00402ed0 f utilstr.obj
 0001:00001ee0       ?GetData@STN@@QAEXPAX@Z    00402ee0 f utilstr.obj
 0001:00001f20       ?FWrite@STN@@QAEHPAVBLCK@@J@Z 00402f20 f utilstr.obj
 0001:00001fb0       ?FSetData@STN@@QAEHPAXJPAJ@Z 00402fb0 f utilstr.obj
 0001:000021c0       ?FRead@STN@@QAEHPAVBLCK@@JPAJ@Z 004031c0 f utilstr.obj
 0001:00002490       ?FFormatSz@STN@@QAAHPADZZ  00403490 f utilstr.obj
 0001:000024b0       ?FFormatRgch@STN@@QAEHPADJPAK@Z 004034b0 f utilstr.obj
 0001:00002830       ?CchSz@@YGJPAD@Z           00403830 f utilstr.obj
 0001:00002850       ?FcmpCompareRgch@@YGKPADJ0J@Z 00403850 f utilstr.obj
 0001:000028b0       ?FEqualUserRgch@@YGHPADJ0JK@Z 004038b0 f utilstr.obj
 0001:000029a0       ?FcmpCompareUserRgch@@YGKPADJ0JK@Z 004039a0 f utilstr.obj
 0001:00002a10       ?UpperRgchs@@YGXPADJ@Z     00403a10 f utilstr.obj
 0001:00002a70       ?LowerRgchs@@YGXPADJ@Z     00403a70 f utilstr.obj
 0001:00002ad0       ?CchTranslateRgb@@YGJPAXJFPADJ@Z 00403ad0 f utilstr.obj
 0001:00002bd0       ?TranslateRgch@@YGXPADJFH@Z 00403bd0 f utilstr.obj
 0001:00002c20       ?GrfchFromCh@@YGKD@Z       00403c20 f utilstr.obj
 0001:00002d20       __adj_fdiv_r               00403d20 f stub.obj
 0001:00002d30       ?FAllocHq@@YGHPAPAXJKJ@Z   00403d30 f memwin.obj
 0001:00002da0       ?FResizePhq@@YGHPAPAXJKJ@Z 00403da0 f memwin.obj
 0001:00002e40       ?FreePhq@@YGXPAPAX@Z       00403e40 f memwin.obj
 0001:00002e70       ?FCopyHq@@YGHPAXPAPAXJ@Z   00403e70 f memwin.obj
 0001:00002ec0       ?CbOfHq@@YGJPAX@Z          00403ec0 f memwin.obj
 0001:00002ed0       ?PvLockHq@@YGPAXPAX@Z      00403ed0 f memwin.obj
 0001:00002ee0       ?UnlockHq@@YGXPAX@Z        00403ee0 f memwin.obj
 0001:00002f20       ?FWouldBe@GRPB@@SGHJ@Z     00403f20 f groups.obj
 0001:00002f40       ?FIs@GRPB@@UAEHJ@Z         00403f40 f groups.obj
 0001:00002f50       ?Cls@GRPB@@UAEJXZ          00403f50 f groups.obj
 0001:00002f60       ?FWouldBe@GLB@@SGHJ@Z      00403f60 f groups.obj
 0001:00002f80       ?FIs@GLB@@UAEHJ@Z          00403f80 f groups.obj
 0001:00002f90       ?Cls@GLB@@UAEJXZ           00403f90 f groups.obj
 0001:00002fa0       ?FWouldBe@GL@@SGHJ@Z       00403fa0 f groups.obj
 0001:00002fc0       ?FIs@GL@@UAEHJ@Z           00403fc0 f groups.obj
 0001:00002fd0       ?Cls@GL@@UAEJXZ            00403fd0 f groups.obj
 0001:00002fe0       ?FWouldBe@AL@@SGHJ@Z       00403fe0 f groups.obj
 0001:00003000       ?FIs@AL@@UAEHJ@Z           00404000 f groups.obj
 0001:00003010       ?Cls@AL@@UAEJXZ            00404010 f groups.obj
 0001:00003020       ?FWouldBe@GGB@@SGHJ@Z      00404020 f groups.obj
 0001:00003040       ?FIs@GGB@@UAEHJ@Z          00404040 f groups.obj
 0001:00003050       ?Cls@GGB@@UAEJXZ           00404050 f groups.obj
 0001:00003060       ?FWouldBe@GG@@SGHJ@Z       00404060 f groups.obj
 0001:00003080       ?FIs@GG@@UAEHJ@Z           00404080 f groups.obj
 0001:00003090       ?Cls@GG@@UAEJXZ            00404090 f groups.obj
 0001:000030a0       ?FWouldBe@AG@@SGHJ@Z       004040a0 f groups.obj
 0001:000030c0       ?FIs@AG@@UAEHJ@Z           004040c0 f groups.obj
 0001:000030d0       ?Cls@AG@@UAEJXZ            004040d0 f groups.obj
 0001:000030e0       ??1GRPB@@UAE@XZ            004040e0 f groups.obj
 0001:00003110       ?_FEnsureSizes@GRPB@@IAEHJJK@Z 00404110 f groups.obj
 0001:000031f0       ?_FEnsureHqCb@GRPB@@AAEHPAPAXJJPAJ@Z 004041f0 f groups.obj
 0001:000032c0       ?FWriteFlo@GRPB@@UAEHPAUFLO@@FF@Z 004042c0 f groups.obj
 0001:00003310       ?_FWrite@GRPB@@IAEHPAVBLCK@@PAXJJJ@Z 00404310 f groups.obj
 0001:000033e0       ?_FReadData@GRPB@@IAEHPAVBLCK@@JJJ@Z 004043e0 f groups.obj
 0001:000034a0       ??0GLB@@IAE@J@Z            004044a0 f groups.obj
 0001:000034d0       ?QvGet@GLB@@QAEPAXJ@Z      004044d0 f groups.obj
 0001:000034f0       ?Get@GLB@@QAEXJPAX@Z       004044f0 f groups.obj
 0001:00003510       ?Put@GLB@@QAEXJPAX@Z       00404510 f groups.obj
 0001:00003530       ?PvLock@GLB@@QAEPAXJ@Z     00404530 f groups.obj
 0001:00003550       ?SetMinGrow@GLB@@QAEXJ@Z   00404550 f groups.obj
 0001:00003580       ?PglNew@GL@@SGPAV1@JJ@Z    00404580 f groups.obj
 0001:000035e0       ?PglRead@GL@@SGPAV1@PAVBLCK@@PAF1@Z 004045e0 f groups.obj
 0001:00003640       ?PglRead@GL@@SGPAV1@PAVFIL@@JJPAF1@Z 00404640 f groups.obj
 0001:00003690       ??0GL@@IAE@J@Z             00404690 f groups.obj
 0001:000036b0       ?FFree@GL@@UAEHJ@Z         004046b0 f groups.obj
 0001:000036d0       ?CbOnFile@GL@@UAEJXZ       004046d0 f groups.obj
 0001:000036e0       ?FWrite@GL@@UAEHPAVBLCK@@FF@Z 004046e0 f groups.obj
 0001:00003750       ?_FRead@GL@@IAEHPAVBLCK@@PAF1@Z 00404750 f groups.obj
 0001:00003820       ?FInsert@GL@@QAEHJPAXJ@Z   00404820 f groups.obj
 0001:000038c0       ?Delete@GL@@UAEXJ@Z        004048c0 f groups.obj
 0001:000038d0       ?Delete@GL@@QAEXJJ@Z       004048d0 f groups.obj
 0001:00003910       ?Move@GL@@QAEXJJ@Z         00404910 f groups.obj
 0001:00003930       ?FAdd@GL@@UAEHPAXPAJ@Z     00404930 f groups.obj
 0001:00003960       ?FPop@GL@@QAEHPAX@Z        00404960 f groups.obj
 0001:00003990       ?FSetIvMac@GL@@QAEHJ@Z     00404990 f groups.obj
 0001:000039e0       ?FEnsureSpace@GL@@QAEHJK@Z 004049e0 f groups.obj
 0001:00003a20       ?PalNew@AL@@SGPAV1@JJ@Z    00404a20 f groups.obj
 0001:00003a80       ??0AL@@IAE@J@Z             00404a80 f groups.obj
 0001:00003aa0       ?CbOnFile@AL@@UAEJXZ       00404aa0 f groups.obj
 0001:00003ac0       ?FWrite@AL@@UAEHPAVBLCK@@FF@Z 00404ac0 f groups.obj
 0001:00003b40       ?FFree@AL@@UAEHJ@Z         00404b40 f groups.obj
 0001:00003b80       ?FEnsureSpace@AL@@QAEHJK@Z 00404b80 f groups.obj
 0001:00003bd0       ?FAdd@AL@@UAEHPAXPAJ@Z     00404bd0 f groups.obj
 0001:00003c70       ?Delete@AL@@UAEXJ@Z        00404c70 f groups.obj
 0001:00003d30       ??0GGB@@IAE@JH@Z           00404d30 f groups.obj
 0001:00003d70       ?CbOnFile@GGB@@UAEJXZ      00404d70 f groups.obj
 0001:00003d80       ?FWrite@GGB@@UAEHPAVBLCK@@FF@Z 00404d80 f groups.obj
 0001:00003e70       ?_FRead@GGB@@IAEHPAVBLCK@@PAF1@Z 00404e70 f groups.obj
 0001:00004000       ?FFree@GGB@@UAEHJ@Z        00405000 f groups.obj
 0001:00004030       ?FEnsureSpace@GGB@@QAEHJJK@Z 00405030 f groups.obj
 0001:000040c0       ?_RemoveRgb@GGB@@IAEXJJ@Z  004050c0 f groups.obj
 0001:00004110       ?_AdjustLocs@GGB@@IAEXJJJ@Z 00405110 f groups.obj
 0001:00004160       ?QvFixedGet@GGB@@QAEPAXJPAJ@Z 00405160 f groups.obj
 0001:000041a0       ?GetFixed@GGB@@QAEXJPAX@Z  004051a0 f groups.obj
 0001:000041d0       ?PutFixed@GGB@@QAEXJPAX@Z  004051d0 f groups.obj
 0001:00004200       ?Cb@GGB@@QAEJJ@Z           00405200 f groups.obj
 0001:00004220       ?QvGet@GGB@@QAEPAXJPAJ@Z   00405220 f groups.obj
 0001:00004260       ?PvLock@GGB@@QAEPAXJPAJ@Z  00405260 f groups.obj
 0001:00004290       ?Get@GGB@@QAEXJPAX@Z       00405290 f groups.obj
 0001:000042d0       ?FPut@GGB@@QAEHJJPAX@Z     004052d0 f groups.obj
 0001:00004340       ?GetRgb@GGB@@QAEXJJJPAX@Z  00405340 f groups.obj
 0001:00004380       ?PutRgb@GGB@@QAEXJJJPAX@Z  00405380 f groups.obj
 0001:000043c0       ?DeleteRgb@GGB@@QAEXJJJ@Z  004053c0 f groups.obj
 0001:00004450       ?FInsertRgb@GGB@@QAEHJJJPAX@Z 00405450 f groups.obj
 0001:00004570       ?FMoveRgb@GGB@@QAEHJJJJJ@Z 00405570 f groups.obj
 0001:00004700       ?Merge@GGB@@QAEXJJ@Z       00405700 f groups.obj
 0001:000047a0       ?PggNew@GG@@SGPAV1@JJJ@Z   004057a0 f groups.obj
 0001:00004810       ?PggRead@GG@@SGPAV1@PAVBLCK@@PAF1@Z 00405810 f groups.obj
 0001:00004870       ?PggRead@GG@@SGPAV1@PAVFIL@@JJPAF1@Z 00405870 f groups.obj
 0001:000048c0       ?FInsert@GG@@QAEHJJPAX0@Z  004058c0 f groups.obj
 0001:00004990       ?FCopyEntries@GG@@QAEHPAV1@JJJ@Z 00405990 f groups.obj
 0001:00004aa0       ?FAdd@GG@@UAEHJPAJPAX1@Z   00405aa0 f groups.obj
 0001:00004ad0       ?Delete@GG@@UAEXJ@Z        00405ad0 f groups.obj
 0001:00004b30       ?PagNew@AG@@SGPAV1@JJJ@Z   00405b30 f groups.obj
 0001:00004ba0       ?PagRead@AG@@SGPAV1@PAVBLCK@@PAF1@Z 00405ba0 f groups.obj
 0001:00004c00       ?FAdd@AG@@UAEHJPAJPAX1@Z   00405c00 f groups.obj
 0001:00004d10       ?Delete@AG@@UAEXJ@Z        00405d10 f groups.obj
 0001:00004da0       ??_EGRPB@@UAEPAXI@Z        00405da0 f groups.obj
 0001:00004da0       ??_GGRPB@@UAEPAXI@Z        00405da0 f groups.obj
 0001:00004dc0       ??_GGG@@UAEPAXI@Z          00405dc0 f groups.obj
 0001:00004dc0       ??_EGG@@UAEPAXI@Z          00405dc0 f groups.obj
 0001:00004de0       ??_EAG@@UAEPAXI@Z          00405de0 f groups.obj
 0001:00004de0       ??_GAG@@UAEPAXI@Z          00405de0 f groups.obj
 0001:00004e00       ??_EGLB@@UAEPAXI@Z         00405e00 f groups.obj
 0001:00004e00       ??_GGLB@@UAEPAXI@Z         00405e00 f groups.obj
 0001:00004e20       ??_GGL@@UAEPAXI@Z          00405e20 f groups.obj
 0001:00004e20       ??_EGL@@UAEPAXI@Z          00405e20 f groups.obj
 0001:00004e40       ??_EAL@@UAEPAXI@Z          00405e40 f groups.obj
 0001:00004e40       ??_GAL@@UAEPAXI@Z          00405e40 f groups.obj
 0001:00004e60       ??_GGGB@@UAEPAXI@Z         00405e60 f groups.obj
 0001:00004e60       ??_EGGB@@UAEPAXI@Z         00405e60 f groups.obj
 0001:00004e80       ?FWouldBe@GSTB@@SGHJ@Z     00405e80 f groups2.obj
 0001:00004ea0       ?FIs@GSTB@@UAEHJ@Z         00405ea0 f groups2.obj
 0001:00004eb0       ?Cls@GSTB@@UAEJXZ          00405eb0 f groups2.obj
 0001:00004ec0       ?FWouldBe@GST@@SGHJ@Z      00405ec0 f groups2.obj
 0001:00004ee0       ?FIs@GST@@UAEHJ@Z          00405ee0 f groups2.obj
 0001:00004ef0       ?Cls@GST@@UAEJXZ           00405ef0 f groups2.obj
 0001:00004f00       ??0GSTB@@IAE@JK@Z          00405f00 f groups2.obj
 0001:00004f40       ?CbOnFile@GSTB@@UAEJXZ     00405f40 f groups2.obj
 0001:00004f50       ?FWrite@GSTB@@UAEHPAVBLCK@@FF@Z 00405f50 f groups2.obj
 0001:00005060       ?FEnsureSpace@GSTB@@QAEHJJK@Z 00406060 f groups2.obj
 0001:000050d0       ?GetRgch@GSTB@@QAEXJPADJPAJ@Z 004060d0 f groups2.obj
 0001:00005100       ?GetStn@GSTB@@QAEXJPAVSTN@@@Z 00406100 f groups2.obj
 0001:00005120       ?FFindStn@GSTB@@QAEHPAVSTN@@PAJK@Z 00406120 f groups2.obj
 0001:00005140       ?FFindRgch@GSTB@@UAEHPADJPAJK@Z 00406140 f groups2.obj
 0001:000051b0       ?GetExtra@GSTB@@QAEXJPAX@Z 004061b0 f groups2.obj
 0001:000051e0       ?_Qst@GSTB@@IAEPADJ@Z      004061e0 f groups2.obj
 0001:00005200       ?_AppendRgch@GSTB@@IAEXPADJ@Z 00406200 f groups2.obj
 0001:00005230       ?_RemoveSt@GSTB@@IAEXJ@Z   00406230 f groups2.obj
 0001:00005290       ?_SwapBytesRgbst@GSTB@@IAEXXZ 00406290 f groups2.obj
 0001:000052d0       ?_TranslateGrst@GSTB@@IAEXFH@Z 004062d0 f groups2.obj
 0001:00005380       ?FFree@GSTB@@UAEHJ@Z       00406380 f groups2.obj
 0001:000053b0       ?PgstNew@GST@@SGPAV1@JJJ@Z 004063b0 f groups2.obj
 0001:00005420       ?FAddRgch@GST@@UAEHPADJPAXPAJ@Z 00406420 f groups2.obj
 0001:00005450       ?FFindRgch@GST@@UAEHPADJPAJK@Z 00406450 f groups2.obj
 0001:00005520       ?FInsertRgch@GST@@QAEHJPADJPAX@Z 00406520 f groups2.obj
 0001:000055c0       ?Delete@GST@@UAEXJ@Z       004065c0 f groups2.obj
 0001:00005610       ??_EGST@@UAEPAXI@Z         00406610 f groups2.obj
 0001:00005610       ??_GGST@@UAEPAXI@Z         00406610 f groups2.obj
 0001:00005630       ??_EGSTB@@UAEPAXI@Z        00406630 f groups2.obj
 0001:00005630       ??_GGSTB@@UAEPAXI@Z        00406630 f groups2.obj
 0001:00005650       ?FWouldBe@CFL@@SGHJ@Z      00406650 f chunk.obj
 0001:00005670       ?FIs@CFL@@UAEHJ@Z          00406670 f chunk.obj
 0001:00005680       ?Cls@CFL@@UAEJXZ           00406680 f chunk.obj
 0001:00005690       ?FWouldBe@CGE@@SGHJ@Z      00406690 f chunk.obj
 0001:000056b0       ?FIs@CGE@@UAEHJ@Z          004066b0 f chunk.obj
 0001:000056c0       ?Cls@CGE@@UAEJXZ           004066c0 f chunk.obj
 0001:000056d0       ??0CFL@@AAE@XZ             004066d0 f chunk.obj
 0001:000056f0       ??1CFL@@EAE@XZ             004066f0 f chunk.obj
 0001:00005790       ?PcflOpen@CFL@@SGPAV1@PAVFNI@@K@Z 00406790 f chunk.obj
 0001:00005860       ?_GrffilFromGrfcfl@CFL@@CGKK@Z 00406860 f chunk.obj
 0001:00005880       ?PcflCreate@CFL@@SGPAV1@PAVFNI@@K@Z 00406880 f chunk.obj
 0001:00005930       ?PcflCreateTemp@CFL@@SGPAV1@PAVFNI@@@Z 00406930 f chunk.obj
 0001:000059c0       ?PcflFromFni@CFL@@SGPAV1@PAVFNI@@@Z 004069c0 f chunk.obj
 0001:00005a00       ?FSetGrfcfl@CFL@@QAEHKK@Z  00406a00 f chunk.obj
 0001:00005aa0       ?Release@CFL@@UAEXXZ       00406aa0 f chunk.obj
 0001:00005ac0       ?_TValidIndex@CFL@@AAEHXZ  00406ac0 f chunk.obj
 0001:00005e20       ?_FReadIndex@CFL@@AAEHXZ   00406e20 f chunk.obj
 0001:00006490       ?_ReadFreeMap@CFL@@AAEXXZ  00407490 f chunk.obj
 0001:00006510       ?FSave@CFL@@QAEHKPAVFNI@@@Z 00407510 f chunk.obj
 0001:00006830       ?_FWriteIndex@CFL@@AAEHK@Z 00407830 f chunk.obj
 0001:00006980       ?_FEnsureOnExtra@CFL@@AAEHJPAUFLO@@@Z 00407980 f chunk.obj
 0001:00006a80       ?_GetFlo@CFL@@AAEXJPAUFLO@@@Z 00407a80 f chunk.obj
 0001:00006ae0       ?_GetBlck@CFL@@AAEXJPAVBLCK@@@Z 00407ae0 f chunk.obj
 0001:00006b20       ?FFind@CFL@@QAEHKKPAVBLCK@@@Z 00407b20 f chunk.obj
 0001:00006b80       ?FFindFlo@CFL@@QAEHKKPAUFLO@@@Z 00407b80 f chunk.obj
 0001:00006bd0       ?FPacked@CFL@@QAEHKK@Z     00407bd0 f chunk.obj
 0001:00006c20       ?_FCreateExtra@CFL@@AAEHXZ 00407c20 f chunk.obj
 0001:00006c50       ?_FAllocFlo@CFL@@AAEHJPAUFLO@@H@Z 00407c50 f chunk.obj
 0001:00006d60       ?_FFindCtgCno@CFL@@AAEHKKPAJ@Z 00407d60 f chunk.obj
 0001:00006e00       ?_GetUniqueCno@CFL@@AAEXKPAJPAK@Z 00407e00 f chunk.obj
 0001:00006e80       ?FAdd@CFL@@QAEHJKPAKPAVBLCK@@@Z 00407e80 f chunk.obj
 0001:00006ed0       ?FAddChild@CFL@@QAEHKKKJKPAKPAVBLCK@@@Z 00407ed0 f chunk.obj
 0001:00006f50       ?_FAdd@CFL@@AAEHJKKJPAVBLCK@@@Z 00407f50 f chunk.obj
 0001:00007030       ?FPut@CFL@@QAEHJKKPAVBLCK@@@Z 00408030 f chunk.obj
 0001:00007050       ?FPutPv@CFL@@QAEHPAXJKK@Z  00408050 f chunk.obj
 0001:00007070       ?_FPut@CFL@@AAEHJKKPAVBLCK@@0PAX@Z 00408070 f chunk.obj
 0001:00007280       ?Delete@CFL@@QAEXKK@Z      00408280 f chunk.obj
 0001:00007420       ?CckiRef@CFL@@QAEJKK@Z     00408420 f chunk.obj
 0001:00007470       ?TIsDescendent@CFL@@QAEHKKKK@Z 00408470 f chunk.obj
 0001:00007540       ?DeleteChild@CFL@@QAEXKKKKK@Z 00408540 f chunk.obj
 0001:000075f0       ?_FDecRefCount@CFL@@AAEHJ@Z 004085f0 f chunk.obj
 0001:00007630       ?_DeleteCore@CFL@@AAEXJ@Z  00408630 f chunk.obj
 0001:00007690       ?_FreeFpCb@CFL@@AAEXHJJ@Z  00408690 f chunk.obj
 0001:00007870       ?FAdoptChild@CFL@@QAEHKKKKKH@Z 00408870 f chunk.obj
 0001:00007900       ?_FAdoptChild@CFL@@AAEHJJKKKH@Z 00408900 f chunk.obj
 0001:00007a20       ?FGetCkiCtg@CFL@@QAEHKJPAUCKI@@PAJPAVBLCK@@@Z 00408a20 f chunk.obj
 0001:00007ad0       ?Ckid@CFL@@QAEJKK@Z        00408ad0 f chunk.obj
 0001:00007b20       ?FGetKid@CFL@@QAEHKKJPAUKID@@@Z 00408b20 f chunk.obj
 0001:00007ba0       ?FGetKidChidCtg@CFL@@QAEHKKKKPAUKID@@@Z 00408ba0 f chunk.obj
 0001:00007be0       ?_FFindChidCtg@CFL@@AAEHKKKKPAUKID@@@Z 00408be0 f chunk.obj
 0001:00007cc0       ?_FFindChild@CFL@@AAEHJKKKPAJ@Z 00408cc0 f chunk.obj
 0001:00007d80       ?_FSetRti@CFL@@AAEHKKJ@Z   00408d80 f chunk.obj
 0001:00007e50       ?_FFindRtie@CFL@@AAEHKKPAURTIE@1@PAJ@Z 00408e50 f chunk.obj
 0001:00007f20       ??0CGE@@QAE@XZ             00408f20 f chunk.obj
 0001:00007f40       ??1CGE@@UAE@XZ             00408f40 f chunk.obj
 0001:00007f70       ?Init@CGE@@QAEXPAVCFL@@KK@Z 00408f70 f chunk.obj
 0001:00007fb0       ?FNextKid@CGE@@QAEHPAUKID@@PAUCKI@@PAKK@Z 00408fb0 f chunk.obj
 0001:00008190       ??_ECFL@@EAEPAXI@Z         00409190 f chunk.obj
 0001:00008190       ??_GCFL@@EAEPAXI@Z         00409190 f chunk.obj
 0001:000081b0       ??_ECGE@@UAEPAXI@Z         004091b0 f chunk.obj
 0001:000081b0       ??_GCGE@@UAEPAXI@Z         004091b0 f chunk.obj
 0001:000081d0       ?FWouldBe@CODM@@SGHJ@Z     004091d0 f codec.obj
 0001:000081f0       ?FIs@CODM@@UAEHJ@Z         004091f0 f codec.obj
 0001:00008200       ?Cls@CODM@@UAEJXZ          00409200 f codec.obj
 0001:00008210       ?FWouldBe@CODC@@SGHJ@Z     00409210 f codec.obj
 0001:00008230       ??0CODM@@QAE@PAVCODC@@J@Z  00409230 f codec.obj
 0001:00008270       ??1CODM@@UAE@XZ            00409270 f codec.obj
 0001:000082f0       ?FRegisterCodec@CODM@@UAEHPAVCODC@@@Z 004092f0 f codec.obj
 0001:00008340       ?FCanDo@CODM@@UAEHJH@Z     00409340 f codec.obj
 0001:00008370       ?FGetCfmtFromBlck@CODM@@UAEHPAVBLCK@@PAJ@Z 00409370 f codec.obj
 0001:000083f0       ?_FFindCodec@CODM@@MAEHHJPAPAVCODC@@@Z 004093f0 f codec.obj
 0001:000084a0       ?_FCodePhq@CODM@@MAEHJPAPAX@Z 004094a0 f codec.obj
 0001:000085c0       ?_FCode@CODM@@MAEHJPAXJ0JPAJ@Z 004095c0 f codec.obj
 0001:000087d0       ??_GCODM@@UAEPAXI@Z        004097d0 f codec.obj
 0001:000087d0       ??_ECODM@@UAEPAXI@Z        004097d0 f codec.obj
 0001:000087f0       ?FWouldBe@KCDC@@SGHJ@Z     004097f0 f codkauai.obj
 0001:00008810       ?FIs@KCDC@@UAEHJ@Z         00409810 f codkauai.obj
 0001:00008820       ?Cls@KCDC@@UAEJXZ          00409820 f codkauai.obj
 0001:00008830       ?FConvert@KCDC@@UAEHHJPAXJ0JPAJ@Z 00409830 f codkauai.obj
 0001:000088b0       ?Set@BITA@@QAEXPAXJ@Z      004098b0 f codkauai.obj
 0001:000088d0       ?FWriteBits@BITA@@QAEHKJ@Z 004098d0 f codkauai.obj
 0001:00008990       ?FWriteLogEncoded@BITA@@QAEHK@Z 00409990 f codkauai.obj
 0001:000089e0       ?_FEncode@KCDC@@IAEHPAXJ0JPAJ@Z 004099e0 f codkauai.obj
 0001:00008cf0       ?_FDecode@KCDC@@IAEHPAXJ0JPAJ@Z 00409cf0 f codkauai.obj
 0001:0000c620       ?_FEncode2@KCDC@@IAEHPAXJ0JPAJ@Z 0040d620 f codkauai.obj
 0001:0000ca10       ?_FDecode2@KCDC@@IAEHPAXJ0JPAJ@Z 0040da10 f codkauai.obj
 0001:0000efa0       ?FWouldBe@BACO@@SGHJ@Z     0040ffa0 f crf.obj
 0001:0000efc0       ?FIs@BACO@@UAEHJ@Z         0040ffc0 f crf.obj
 0001:0000efd0       ?Cls@BACO@@UAEJXZ          0040ffd0 f crf.obj
 0001:0000efe0       ?FWouldBe@GHQ@@SGHJ@Z      0040ffe0 f crf.obj
 0001:0000f000       ?FIs@GHQ@@UAEHJ@Z          00410000 f crf.obj
 0001:0000f010       ?Cls@GHQ@@UAEJXZ           00410010 f crf.obj
 0001:0000f020       ?FWouldBe@RCA@@SGHJ@Z      00410020 f crf.obj
 0001:0000f040       ?FWouldBe@CRF@@SGHJ@Z      00410040 f crf.obj
 0001:0000f060       ?FIs@CRF@@UAEHJ@Z          00410060 f crf.obj
 0001:0000f070       ?Cls@CRF@@UAEJXZ           00410070 f crf.obj
 0001:0000f080       ??0BACO@@IAE@XZ            00410080 f crf.obj
 0001:0000f0b0       ??1BACO@@MAE@XZ            004100b0 f crf.obj
 0001:0000f0e0       ?FWriteFlo@BACO@@UAEHPAUFLO@@@Z 004100e0 f crf.obj
 0001:0000f120       ?FWrite@BACO@@UAEHPAVBLCK@@@Z 00410120 f crf.obj
 0001:0000f130       ?CbOnFile@BACO@@UAEJXZ     00410130 f crf.obj
 0001:0000f140       ?Release@BACO@@UAEXXZ      00410140 f crf.obj
 0001:0000f190       ?Detach@BACO@@UAEXXZ       00410190 f crf.obj
 0001:0000f1d0       ?SetCrep@BACO@@UAEXJ@Z     004101d0 f crf.obj
 0001:0000f200       ??0CRF@@IAE@PAVCFL@@J@Z    00410200 f crf.obj
 0001:0000f230       ??1CRF@@UAE@XZ             00410230 f crf.obj
 0001:0000f2c0       ?PcrfNew@CRF@@SGPAV1@PAVCFL@@J@Z 004102c0 f crf.obj
 0001:0000f310       ?TLoad@CRF@@UAEHKKP6GHPAV1@KKPAVBLCK@@PAPAVBACO@@PAJ@ZKJ@Z 00410310 f crf.obj
 0001:0000f5f0       ?PbacoFetch@CRF@@UAEPAVBACO@@KKP6GHPAV1@KKPAVBLCK@@PAPAV2@PAJ@ZPAHK@Z 004105f0 f crf.obj
 0001:0000f7e0       ?PbacoFind@CRF@@UAEPAVBACO@@KKP6GHPAV1@KKPAVBLCK@@PAPAV2@PAJ@ZK@Z 004107e0 f crf.obj
 0001:0000f850       ?FSetCrep@CRF@@UAEHJKKP6GHPAV1@KKPAVBLCK@@PAPAVBACO@@PAJ@ZK@Z 00410850 f crf.obj
 0001:0000f8d0       ?PcrfFindChunk@CRF@@UAEPAV1@KKK@Z 004108d0 f crf.obj
 0001:0000f920       ?BacoDetached@CRF@@QAEXPAVBACO@@@Z 00410920 f crf.obj
 0001:0000f970       ?BacoReleased@CRF@@QAEXPAVBACO@@@Z 00410970 f crf.obj
 0001:0000f9f0       ?_FFindCre@CRF@@IAEHKKP6GHPAV1@KKPAVBLCK@@PAPAVBACO@@PAJ@Z3@Z 004109f0 f crf.obj
 0001:0000faa0       ?_FFindBaco@CRF@@IAEHPAVBACO@@PAJ@Z 00410aa0 f crf.obj
 0001:0000fbd0       ?_FPurgeCb@CRF@@IAEHJJ@Z   00410bd0 f crf.obj
 0001:0000fce0       ?FReadGhq@GHQ@@SGHPAVCRF@@KKPAVBLCK@@PAPAVBACO@@PAJ@Z 00410ce0 f crf.obj
 0001:0000fda0       ??_EGHQ@@UAEPAXI@Z         00410da0 f crf.obj
 0001:0000fda0       ??_GGHQ@@UAEPAXI@Z         00410da0 f crf.obj
 0001:0000fdd0       ??_GBACO@@MAEPAXI@Z        00410dd0 f crf.obj
 0001:0000fdd0       ??_EBACO@@MAEPAXI@Z        00410dd0 f crf.obj
 0001:0000fdf0       ??_ECRF@@UAEPAXI@Z         00410df0 f crf.obj
 0001:0000fdf0       ??_GCRF@@UAEPAXI@Z         00410df0 f crf.obj
 0001:0000fe20       ?FWouldBe@FIL@@SGHJ@Z      00410e20 f file.obj
 0001:0000fe40       ?FIs@FIL@@UAEHJ@Z          00410e40 f file.obj
 0001:0000fe50       ?Cls@FIL@@UAEJXZ           00410e50 f file.obj
 0001:0000fe60       ?FWouldBe@BLCK@@SGHJ@Z     00410e60 f file.obj
 0001:0000fe80       ?FIs@BLCK@@UAEHJ@Z         00410e80 f file.obj
 0001:0000fe90       ?Cls@BLCK@@UAEJXZ          00410e90 f file.obj
 0001:0000fea0       ??0FIL@@IAE@PAVFNI@@K@Z    00410ea0 f file.obj
 0001:0000ff10       ??1FIL@@MAE@XZ             00410f10 f file.obj
 0001:0000ff60       ?PfilOpen@FIL@@SGPAV1@PAVFNI@@K@Z 00410f60 f file.obj
 0001:00010000       ?PfilCreate@FIL@@SGPAV1@PAVFNI@@K@Z 00411000 f file.obj
 0001:00010090       ?PfilCreateTemp@FIL@@SGPAV1@PAVFNI@@@Z 00411090 f file.obj
 0001:00010120       ?PfilFromFni@FIL@@SGPAV1@PAVFNI@@@Z 00411120 f file.obj
 0001:00010180       ?FSetGrffil@FIL@@QAEHKK@Z  00411180 f file.obj
 0001:00010210       ?Release@FIL@@UAEXXZ       00411210 f file.obj
 0001:00010240       ?SetTemp@FIL@@QAEXH@Z      00411240 f file.obj
 0001:00010280       ?FSetFni@FIL@@QAEHPAVFNI@@@Z 00411280 f file.obj
 0001:000102f0       ?ShutDown@FIL@@SGXXZ       004112f0 f file.obj
 0001:00010360       ?FReadRgb@FLO@@QAEHPAXJJ@Z 00411360 f file.obj
 0001:000103b0       ?FWriteRgb@FLO@@QAEHPAXJJ@Z 004113b0 f file.obj
 0001:00010400       ?FCopy@FLO@@QAEHPAU1@@Z    00411400 f file.obj
 0001:000104d0       ?FReadHq@FLO@@QAEHPAPAXJJ@Z 004114d0 f file.obj
 0001:00010550       ?FWriteHq@FLO@@QAEHPAXJ@Z  00411550 f file.obj
 0001:000105a0       ?FTranslate@FLO@@QAEHF@Z   004115a0 f file.obj
 0001:000108b0       ??0BLCK@@QAE@PAUFLO@@H@Z   004118b0 f file.obj
 0001:00010900       ??0BLCK@@QAE@PAVFIL@@JJH@Z 00411900 f file.obj
 0001:00010940       ??0BLCK@@QAE@XZ            00411940 f file.obj
 0001:00010960       ??1BLCK@@UAE@XZ            00411960 f file.obj
 0001:00010980       ?Set@BLCK@@QAEXPAUFLO@@H@Z 00411980 f file.obj
 0001:000109c0       ?Set@BLCK@@QAEXPAVFIL@@JJH@Z 004119c0 f file.obj
 0001:00010a00       ?SetHq@BLCK@@QAEXPAPAXH@Z  00411a00 f file.obj
 0001:00010a40       ?Free@BLCK@@QAEXXZ         00411a40 f file.obj
 0001:00010a70       ?HqFree@BLCK@@QAEPAXH@Z    00411a70 f file.obj
 0001:00010b20       ?Cb@BLCK@@QAEJH@Z          00411b20 f file.obj
 0001:00010b40       ?FSetTemp@BLCK@@QAEHJH@Z   00411b40 f file.obj
 0001:00010bd0       ?FMoveMin@BLCK@@QAEHJ@Z    00411bd0 f file.obj
 0001:00010c40       ?FMoveLim@BLCK@@QAEHJ@Z    00411c40 f file.obj
 0001:00010cb0       ?FReadRgb@BLCK@@QAEHPAXJJH@Z 00411cb0 f file.obj
 0001:00010d40       ?FWriteRgb@BLCK@@QAEHPAXJJH@Z 00411d40 f file.obj
 0001:00010dd0       ?FReadHq@BLCK@@QAEHPAPAXJJH@Z 00411dd0 f file.obj
 0001:00010e80       ?FWriteHq@BLCK@@QAEHPAXJH@Z 00411e80 f file.obj
 0001:00010f10       ?FWriteToFlo@BLCK@@QAEHPAUFLO@@H@Z 00411f10 f file.obj
 0001:00010f90       ?FWriteToBlck@BLCK@@QAEHPAV1@H@Z 00411f90 f file.obj
 0001:00011030       ?FGetFlo@BLCK@@QAEHPAUFLO@@H@Z 00412030 f file.obj
 0001:00011110       ?FUnpackData@BLCK@@QAEHXZ  00412110 f file.obj
 0001:00011210       ?CbMem@BLCK@@QAEJXZ        00412210 f file.obj
 0001:00011260       ??_EFIL@@MAEPAXI@Z         00412260 f file.obj
 0001:00011260       ??_GFIL@@MAEPAXI@Z         00412260 f file.obj
 0001:00011280       ??_GBLCK@@UAEPAXI@Z        00412280 f file.obj
 0001:00011280       ??_EBLCK@@UAEPAXI@Z        00412280 f file.obj
 0001:000112f0       ?_FOpen@FIL@@IAEHHK@Z      004122f0 f filewin.obj
 0001:000113f0       ?_Close@FIL@@IAEXH@Z       004123f0 f filewin.obj
 0001:00011460       ?Flush@FIL@@QAEXXZ         00412460 f filewin.obj
 0001:00011490       ?_SetFpPos@FIL@@IAEXJ@Z    00412490 f filewin.obj
 0001:000114f0       ?FSetFpMac@FIL@@QAEHJ@Z    004124f0 f filewin.obj
 0001:00011580       ?FpMac@FIL@@QAEJXZ         00412580 f filewin.obj
 0001:00011610       ?FReadRgb@FIL@@QAEHPAXJJ@Z 00412610 f filewin.obj
 0001:000116c0       ?FWriteRgb@FIL@@QAEHPAXJJ@Z 004126c0 f filewin.obj
 0001:00011780       ?FSwapNames@FIL@@QAEHPAV1@@Z 00412780 f filewin.obj
 0001:00011960       ?FRename@FIL@@QAEHPAVFNI@@@Z 00412960 f filewin.obj
 0001:00011a20       ?FWouldBe@FNI@@SGHJ@Z      00412a20 f fniwin.obj
 0001:00011a40       ?FIs@FNI@@UAEHJ@Z          00412a40 f fniwin.obj
 0001:00011a50       ?Cls@FNI@@UAEJXZ           00412a50 f fniwin.obj
 0001:00011a60       ?SetNil@FNI@@QAEXXZ        00412a60 f fniwin.obj
 0001:00011a70       ??0FNI@@QAE@XZ             00412a70 f fniwin.obj
 0001:00011aa0       ?FGetOpen@FNI@@QAEHPADPAUHWND__@@@Z 00412aa0 f fniwin.obj
 0001:00011b60       ?FGetSave@FNI@@QAEHPADPAUHWND__@@@Z 00412b60 f fniwin.obj
 0001:00011c20       ?FBuildFromPath@FNI@@QAEHPAVSTN@@J@Z 00412c20 f fniwin.obj
 0001:00011d70       ?FGetUnique@FNI@@QAEHJ@Z   00412d70 f fniwin.obj
 0001:00011e80       ?FGetTemp@FNI@@QAEHXZ      00412e80 f fniwin.obj
 0001:00011f20       ?Ftg@FNI@@QAEJXZ           00412f20 f fniwin.obj
 0001:00011f30       ?Grfvk@FNI@@QAEKXZ         00412f30 f fniwin.obj
 0001:00012040       ?FSetLeaf@FNI@@QAEHPAVSTN@@J@Z 00413040 f fniwin.obj
 0001:000120b0       ?FChangeFtg@FNI@@QAEHJ@Z   004130b0 f fniwin.obj
 0001:00012160       ?GetLeaf@FNI@@QAEXPAVSTN@@@Z 00413160 f fniwin.obj
 0001:000121a0       ?GetStnPath@FNI@@QAEXPAVSTN@@@Z 004131a0 f fniwin.obj
 0001:000121b0       ?TExists@FNI@@QAEHXZ       004131b0 f fniwin.obj
 0001:000122b0       ?FDelete@FNI@@QAEHXZ       004132b0 f fniwin.obj
 0001:000122e0       ?FRename@FNI@@QAEHPAV1@@Z  004132e0 f fniwin.obj
 0001:00012330       ?FEqual@FNI@@QAEHPAV1@@Z   00413330 f fniwin.obj
 0001:00012350       ?_CchExt@FNI@@AAEJXZ       00413350 f fniwin.obj
 0001:00012390       ?_SetFtgFromName@FNI@@AAEXXZ 00413390 f fniwin.obj
 0001:00012410       ?_FChangeLeaf@FNI@@AAEHPAVSTN@@@Z 00413410 f fniwin.obj
 0001:00012560       ??_GFNI@@UAEPAXI@Z         00413560 f fniwin.obj
 0001:00012560       ??_EFNI@@UAEPAXI@Z         00413560 f fniwin.obj
 0001:00012580       ?FWouldBe@APPB@@SGHJ@Z     00413580 f appb.obj
 0001:000125a0       ?FIs@APPB@@UAEHJ@Z         004135a0 f appb.obj
 0001:000125b0       ?Cls@APPB@@UAEJXZ          004135b0 f appb.obj
 0001:000125c0       ??0APPB@@QAE@XZ            004135c0 f appb.obj
 0001:000125f0       ??1APPB@@UAE@XZ            004135f0 f appb.obj
 0001:00012610       ?Run@APPB@@UAEXKKJ@Z       00413610 f appb.obj
 0001:00012640       ?Quit@APPB@@UAEXH@Z        00413640 f appb.obj
 0001:00012680       ?GetStnAppName@APPB@@UAEXPAVSTN@@@Z 00413680 f appb.obj
 0001:000126a0       ?SetCurs@APPB@@UAEXPAVCURS@@H@Z 004136a0 f appb.obj
 0001:00012700       ?SetCursCno@APPB@@UAEXPAVRCA@@KH@Z 00413700 f appb.obj
 0001:00012750       ?RefreshCurs@APPB@@UAEXXZ  00413750 f appb.obj
 0001:00012790       ?BeginLongOp@APPB@@UAEXXZ  00413790 f appb.obj
 0001:000127c0       ?EndLongOp@APPB@@UAEXH@Z   004137c0 f appb.obj
 0001:000127f0       ?GrfcustCur@APPB@@UAEKH@Z  004137f0 f appb.obj
 0001:00012850       ?ModifyGrfcust@APPB@@UAEXKK@Z 00413850 f appb.obj
 0001:00012870       ?HideCurs@APPB@@UAEXXZ     00413870 f appb.obj
 0001:00012880       ?ShowCurs@APPB@@UAEXXZ     00413880 f appb.obj
 0001:00012890       ?PositionCurs@APPB@@UAEXJJ@Z 00413890 f appb.obj
 0001:000128b0       ?OnnDefVariable@APPB@@UAEJXZ 004138b0 f appb.obj
 0001:00012910       ?OnnDefFixed@APPB@@UAEJXZ  00413910 f appb.obj
 0001:00012990       ?DypTextDef@APPB@@UAEJXZ   00413990 f appb.obj
 0001:000129a0       ?FCmdQuit@APPB@@UAEHPAUCMD@@@Z 004139a0 f appb.obj
 0001:000129b0       ?FCmdShowClipboard@APPB@@UAEHPAUCMD@@@Z 004139b0 f appb.obj
 0001:000129d0       ?FCmdIdle@APPB@@UAEHPAUCMD@@@Z 004139d0 f appb.obj
 0001:00012b80       ?_TakeDownToolTip@APPB@@IAEXXZ 00413b80 f appb.obj
 0001:00012bb0       ?_EnsureToolTip@APPB@@IAEXXZ 00413bb0 f appb.obj
 0001:00012c30       ?ResetToolTip@APPB@@UAEXXZ 00413c30 f appb.obj
 0001:00012c50       ?FEnableAppCmd@APPB@@UAEHPAUCMD@@PAK@Z 00413c50 f appb.obj
 0001:00012cc0       ?FCmdChooseWnd@APPB@@UAEHPAUCMD@@@Z 00413cc0 f appb.obj
 0001:00012ce0       ?_FInit@APPB@@MAEHKKJ@Z    00413ce0 f appb.obj
 0001:00012db0       ?_FInitSound@APPB@@MAEHJ@Z 00413db0 f appb.obj
 0001:00012e40       ?_FInitMenu@APPB@@MAEHXZ   00413e40 f appb.obj
 0001:00012e60       ?_Loop@APPB@@MAEXXZ        00413e60 f appb.obj
 0001:00012f00       ?_CleanUp@APPB@@MAEXXZ     00413f00 f appb.obj
 0001:00012f50       ?_Activate@APPB@@MAEXH@Z   00413f50 f appb.obj
 0001:00012f90       ?TopOfLoop@APPB@@UAEXXZ    00413f90 f appb.obj
 0001:00012fb0       ?UpdateHwnd@APPB@@UAEXPAUHWND__@@PAVRC@@K@Z 00413fb0 f appb.obj
 0001:00013060       ?PcmhFromHid@APPB@@UAEPAVCMH@@J@Z 00414060 f appb.obj
 0001:00013090       ?BuryCmh@APPB@@UAEXPAVCMH@@@Z 00414090 f appb.obj
 0001:00013110       ?MarkRc@APPB@@UAEXPAVRC@@PAVGOB@@@Z 00414110 f appb.obj
 0001:00013130       ?MarkRegn@APPB@@UAEXPAVREGN@@PAVGOB@@@Z 00414130 f appb.obj
 0001:00013150       ?_MarkRegnRc@APPB@@IAEXPAVREGN@@PAVRC@@PAVGOB@@@Z 00414150 f appb.obj
 0001:00013330       ?UnmarkRc@APPB@@UAEXPAVRC@@PAVGOB@@@Z 00414330 f appb.obj
 0001:00013350       ?UnmarkRegn@APPB@@UAEXPAVREGN@@PAVGOB@@@Z 00414350 f appb.obj
 0001:00013370       ?_UnmarkRegnRc@APPB@@IAEXPAVREGN@@PAVRC@@PAVGOB@@@Z 00414370 f appb.obj
 0001:000134f0       ?FGetMarkedRc@APPB@@UAEHPAUHWND__@@PAVRC@@@Z 004144f0 f appb.obj
 0001:00013560       ?InvalMarked@APPB@@UAEXPAUHWND__@@@Z 00414560 f appb.obj
 0001:00013620       ?UpdateMarked@APPB@@UAEXXZ 00414620 f appb.obj
 0001:00013690       ?_FastUpdate@APPB@@MAEXPAVGOB@@PAVREGN@@KPAVGPT@@@Z 00414690 f appb.obj
 0001:000137c0       ?SetGft@APPB@@UAEXJJKPAVGL@@VACR@@@Z 004147c0 f appb.obj
 0001:00013810       ?_CopyPixels@APPB@@MAEXPAVGNV@@PAVRC@@01@Z 00414810 f appb.obj
 0001:00013970       ?_PgptEnsure@APPB@@MAEPAVGPT@@PAVRC@@@Z 00414970 f appb.obj
 0001:00013a40       ?_FFindProp@APPB@@IAEHJPAUPROP@1@PAJ@Z 00414a40 f appb.obj
 0001:00013af0       ?_FSetProp@APPB@@IAEHJJ@Z  00414af0 f appb.obj
 0001:00013b80       ?FSetProp@APPB@@UAEHJJ@Z   00414b80 f appb.obj
 0001:00013d50       ?FGetProp@APPB@@UAEHJPAJ@Z 00414d50 f appb.obj
 0001:00013e00       ?FImportClip@APPB@@UAEHJPAXJPAPAVDOCB@@PAH@Z 00414e00 f appb.obj
 0001:00013ef0       ?FPushModal@APPB@@UAEHPAVCEX@@@Z 00414ef0 f appb.obj
 0001:00014030       ?FModalLoop@APPB@@UAEHPAJ@Z 00415030 f appb.obj
 0001:00014070       ?EndModal@APPB@@UAEXJ@Z    00415070 f appb.obj
 0001:00014080       ?PopModal@APPB@@UAEXXZ     00415080 f appb.obj
 0001:00014130       ?FCmdEndModal@APPB@@UAEHPAUCMD@@@Z 00415130 f appb.obj
 0001:00014160       ?BadModalCmd@APPB@@UAEXPAUCMD@@@Z 00415160 f appb.obj
 0001:000141b0       ?TQuerySaveDoc@APPB@@UAEHPAVDOCB@@H@Z 004151b0 f appb.obj
 0001:00014230       ?FAllowScreenSaver@APPB@@UAEHXZ 00415230 f appb.obj
 0001:00014250       ??_GAPPB@@UAEPAXI@Z        00415250 f appb.obj
 0001:00014250       ??_EAPPB@@UAEPAXI@Z        00415250 f appb.obj
 0001:00014300       ??_9@$BMA@A                00415300 f appb.obj
 0001:00014310       ??_9@$BME@A                00415310 f appb.obj
 0001:00014320       ??_9@$BMI@A                00415320 f appb.obj
 0001:00014330       ??_9@$BBBE@A               00415330 f appb.obj
 0001:00014340       ??_9@$BLI@A                00415340 f appb.obj
 0001:00014350       ??_9@$BLM@A                00415350 f appb.obj
 0001:00014360       ?Pcmm@APPB@@MAEPAUCMM@CMH@@XZ 00415360 f appb.obj
 0001:00014370       ?FWouldBe@CLOK@@SGHJ@Z     00415370 f clok.obj
 0001:00014390       ?FIs@CLOK@@UAEHJ@Z         00415390 f clok.obj
 0001:000143a0       ?Cls@CLOK@@UAEJXZ          004153a0 f clok.obj
 0001:000143c0       ??0CLOK@@QAE@JK@Z          004153c0 f clok.obj
 0001:00014410       ??1CLOK@@UAE@XZ            00415410 f clok.obj
 0001:00014460       ?PclokFromHid@CLOK@@SGPAV1@J@Z 00415460 f clok.obj
 0001:00014480       ?BuryCmh@CLOK@@SGXPAVCMH@@@Z 00415480 f clok.obj
 0001:000144b0       ?RemoveCmh@CLOK@@QAEXPAVCMH@@@Z 004154b0 f clok.obj
 0001:000144f0       ?Start@CLOK@@QAEXK@Z       004154f0 f clok.obj
 0001:00014550       ?TimCur@CLOK@@QAEKH@Z      00415550 f clok.obj
 0001:00014590       ?FSetAlarm@CLOK@@QAEHJPAVCMH@@JH@Z 00415590 f clok.obj
 0001:00014660       ?FCmdAll@CLOK@@UAEHPAUCMD@@@Z 00415660 f clok.obj
 0001:00014810       ??_ECLOK@@UAEPAXI@Z        00415810 f clok.obj
 0001:00014810       ??_GCLOK@@UAEPAXI@Z        00415810 f clok.obj
 0001:00014830       ??_9@$BCE@A                00415830 f clok.obj
 0001:000148d0       ?Pcmm@CLOK@@MAEPAUCMM@CMH@@XZ 004158d0 f clok.obj
 0001:000148e0       ?FWouldBe@CMH@@SGHJ@Z      004158e0 f cmd.obj
 0001:00014900       ?FIs@CMH@@UAEHJ@Z          00415900 f cmd.obj
 0001:00014910       ?Cls@CMH@@UAEJXZ           00415910 f cmd.obj
 0001:00014920       ?FWouldBe@CEX@@SGHJ@Z      00415920 f cmd.obj
 0001:00014940       ?FIs@CEX@@UAEHJ@Z          00415940 f cmd.obj
 0001:00014950       ?Cls@CEX@@UAEJXZ           00415950 f cmd.obj
 0001:00014960       ?HidUnique@CMH@@SGJJ@Z     00415960 f cmd.obj
 0001:000149c0       ??0CMH@@QAE@J@Z            004159c0 f cmd.obj
 0001:000149e0       ??1CMH@@UAE@XZ             004159e0 f cmd.obj
 0001:00014a10       ?_FGetCmme@CMH@@MAEHJKPAUCMME@1@@Z 00415a10 f cmd.obj
 0001:00014ab0       ?FDoCmd@CMH@@UAEHPAUCMD@@@Z 00415ab0 f cmd.obj
 0001:00014b20       ?FEnableCmd@CMH@@UAEHPAUCMD@@PAK@Z 00415b20 f cmd.obj
 0001:00014bc0       ??0CEX@@IAE@XZ             00415bc0 f cmd.obj
 0001:00014be0       ??1CEX@@UAE@XZ             00415be0 f cmd.obj
 0001:00014ca0       ?PcexNew@CEX@@SGPAV1@JJ@Z  00415ca0 f cmd.obj
 0001:00014cf0       ?_FInit@CEX@@MAEHJJ@Z      00415cf0 f cmd.obj
 0001:00014d30       ?Record@CEX@@QAEXPAVCFL@@@Z 00415d30 f cmd.obj
 0001:00014db0       ?StopRecording@CEX@@QAEXXZ 00415db0 f cmd.obj
 0001:00014f00       ?RecordCmd@CEX@@QAEXPAUCMD@@@Z 00415f00 f cmd.obj
 0001:000150d0       ?Play@CEX@@QAEXPAVCFL@@K@Z 004160d0 f cmd.obj
 0001:00015190       ?StopPlaying@CEX@@QAEXXZ   00416190 f cmd.obj
 0001:00015200       ?_FReadCmd@CEX@@IAEHPAUCMD@@@Z 00416200 f cmd.obj
 0001:00015380       ?_FCmhOk@CEX@@MAEHPAVCMH@@@Z 00416380 f cmd.obj
 0001:000153d0       ?FAddCmh@CEX@@UAEHPAVCMH@@JK@Z 004163d0 f cmd.obj
 0001:00015470       ?RemoveCmh@CEX@@UAEXPAVCMH@@J@Z 00416470 f cmd.obj
 0001:00015500       ?BuryCmh@CEX@@UAEXPAVCMH@@@Z 00416500 f cmd.obj
 0001:00015600       ?_FFindCmhl@CEX@@MAEHJPAJ@Z 00416600 f cmd.obj
 0001:00015670       ?EnqueueCid@CEX@@UAEXJPAVCMH@@PAVGG@@JJJJ@Z 00416670 f cmd.obj
 0001:000156c0       ?PushCid@CEX@@UAEXJPAVCMH@@PAVGG@@JJJJ@Z 004166c0 f cmd.obj
 0001:00015710       ?EnqueueCmd@CEX@@UAEXPAUCMD@@@Z 00416710 f cmd.obj
 0001:00015740       ?PushCmd@CEX@@UAEXPAUCMD@@@Z 00416740 f cmd.obj
 0001:00015770       ?FCidIn@CEX@@UAEHJ@Z       00416770 f cmd.obj
 0001:000157c0       ?FlushCid@CEX@@UAEXJ@Z     004167c0 f cmd.obj
 0001:00015830       ?_TGetNextCmd@CEX@@MAEHXZ  00416830 f cmd.obj
 0001:00015950       ?_FSendCmd@CEX@@MAEHPAVCMH@@@Z 00416950 f cmd.obj
 0001:00015980       ?_CleanUpCmd@CEX@@MAEXXZ   00416980 f cmd.obj
 0001:00015a00       ?FDispatchNextCmd@CEX@@UAEHXZ 00416a00 f cmd.obj
 0001:00015ae0       ?_FEnableCmd@CEX@@MAEHPAVCMH@@PAUCMD@@PAK@Z 00416ae0 f cmd.obj
 0001:00015b10       ?GrfedsForCmd@CEX@@UAEHPAUCMD@@@Z 00416b10 f cmd.obj
 0001:00015bd0       ?GrfedsForCid@CEX@@UAEHJPAVCMH@@PAVGG@@JJJJ@Z 00416bd0 f cmd.obj
 0001:00015c20       ?FGetNextKey@CEX@@UAEHPAUCMD@@@Z 00416c20 f cmd.obj
 0001:00015c80       ?TrackMouse@CEX@@UAEXPAVGOB@@@Z 00416c80 f cmd.obj
 0001:00015ca0       ?EndMouseTracking@CEX@@UAEXXZ 00416ca0 f cmd.obj
 0001:00015ce0       ?PgobTracking@CEX@@UAEPAVGOB@@XZ 00416ce0 f cmd.obj
 0001:00015cf0       ?Suspend@CEX@@UAEXH@Z      00416cf0 f cmd.obj
 0001:00015d40       ?SetModalGob@CEX@@UAEXPAVGOB@@@Z 00416d40 f cmd.obj
 0001:00015d60       ??_GCMH@@UAEPAXI@Z         00416d60 f cmd.obj
 0001:00015d60       ??_ECMH@@UAEPAXI@Z         00416d60 f cmd.obj
 0001:00015d80       ??_GCEX@@UAEPAXI@Z         00416d80 f cmd.obj
 0001:00015d80       ??_ECEX@@UAEPAXI@Z         00416d80 f cmd.obj
 0001:00015e30       ?Pcmm@CMH@@MAEPAUCMM@1@XZ  00416e30 f cmd.obj
 0001:00015e40       ?FWouldBe@CURS@@SGHJ@Z     00416e40 f cursor.obj
 0001:00015e60       ?FIs@CURS@@UAEHJ@Z         00416e60 f cursor.obj
 0001:00015e70       ?Cls@CURS@@UAEJXZ          00416e70 f cursor.obj
 0001:00015e80       ??1CURS@@MAE@XZ            00416e80 f cursor.obj
 0001:00015ea0       ?FReadCurs@CURS@@SGHPAVCRF@@KKPAVBLCK@@PAPAVBACO@@PAJ@Z 00416ea0 f cursor.obj
 0001:000161e0       ?Set@CURS@@QAEXXZ          004171e0 f cursor.obj
 0001:00016200       ??_ECURS@@MAEPAXI@Z        00417200 f cursor.obj
 0001:00016200       ??_GCURS@@MAEPAXI@Z        00417200 f cursor.obj
 0001:000162c0       ?FWouldBe@GNV@@SGHJ@Z      004172c0 f gfx.obj
 0001:000162e0       ?FIs@GNV@@UAEHJ@Z          004172e0 f gfx.obj
 0001:000162f0       ?Cls@GNV@@UAEJXZ           004172f0 f gfx.obj
 0001:00016300       ?FWouldBe@GPT@@SGHJ@Z      00417300 f gfx.obj
 0001:00016320       ?FIs@GPT@@UAEHJ@Z          00417320 f gfx.obj
 0001:00016330       ?Cls@GPT@@UAEJXZ           00417330 f gfx.obj
 0001:00016340       ?FWouldBe@NTL@@SGHJ@Z      00417340 f gfx.obj
 0001:00016360       ?FIs@NTL@@UAEHJ@Z          00417360 f gfx.obj
 0001:00016370       ?Cls@NTL@@UAEJXZ           00417370 f gfx.obj
 0001:00016380       ?FWouldBe@OGN@@SGHJ@Z      00417380 f gfx.obj
 0001:000163a0       ?FIs@OGN@@UAEHJ@Z          004173a0 f gfx.obj
 0001:000163b0       ?Cls@OGN@@UAEJXZ           004173b0 f gfx.obj
 0001:000163c0       ?SetFromLw@ACR@@QAEXJ@Z    004173c0 f gfx.obj
 0001:000163d0       ?LwGet@ACR@@QBEJXZ         004173d0 f gfx.obj
 0001:000163e0       ?GetClr@ACR@@QAEXPAUCLR@@@Z 004173e0 f gfx.obj
 0001:00016400       ?MoveOrigin@APT@@QAEXJJ@Z  00417400 f gfx.obj
 0001:00016470       ??0GNV@@QAE@PAVGPT@@@Z     00417470 f gfx.obj
 0001:000164b0       ??0GNV@@QAE@PAVGOB@@@Z     004174b0 f gfx.obj
 0001:000164f0       ??0GNV@@QAE@PAVGOB@@PAVGPT@@@Z 004174f0 f gfx.obj
 0001:00016530       ??1GNV@@UAE@XZ             00417530 f gfx.obj
 0001:00016560       ?_Init@GNV@@AAEXPAVGPT@@@Z 00417560 f gfx.obj
 0001:00016610       ?SetGobRc@GNV@@QAEXPAVGOB@@@Z 00417610 f gfx.obj
 0001:00016680       ?FillRcApt@GNV@@QAEXPAVRC@@PAUAPT@@VACR@@2@Z 00417680 f gfx.obj
 0001:000166f0       ?FillRc@GNV@@QAEXPAVRC@@VACR@@@Z 004176f0 f gfx.obj
 0001:00016730       ?FrameRcApt@GNV@@QAEXPAVRC@@PAUAPT@@VACR@@2@Z 00417730 f gfx.obj
 0001:000167b0       ?FrameRc@GNV@@QAEXPAVRC@@VACR@@@Z 004177b0 f gfx.obj
 0001:00016800       ?HiliteRc@GNV@@QAEXPAVRC@@VACR@@@Z 00417800 f gfx.obj
 0001:00016840       ?FillOval@GNV@@QAEXPAVRC@@VACR@@@Z 00417840 f gfx.obj
 0001:00016880       ?FrameOval@GNV@@QAEXPAVRC@@VACR@@@Z 00417880 f gfx.obj
 0001:000168d0       ?LineApt@GNV@@QAEXJJJJPAUAPT@@VACR@@1@Z 004178d0 f gfx.obj
 0001:00016980       ?FrameOgnApt@GNV@@QAEXPAVOGN@@PAUAPT@@VACR@@2@Z 00417980 f gfx.obj
 0001:00016a30       ?FrameOgn@GNV@@QAEXPAVOGN@@VACR@@@Z 00417a30 f gfx.obj
 0001:00016ab0       ?FramePolyLineApt@GNV@@QAEXPAVOGN@@PAUAPT@@VACR@@2@Z 00417ab0 f gfx.obj
 0001:00016b60       ?_HqolyCreate@GNV@@AAEPAXPAVOGN@@K@Z 00417b60 f gfx.obj
 0001:00016c50       ?_HqolyFrame@GNV@@AAEPAXPAVOGN@@K@Z 00417c50 f gfx.obj
 0001:00016cf0       ??0PT@@QAE@XZ              00417cf0 f gfx.obj
 0001:00016d00       ?ScrollRc@GNV@@QAEXPAVRC@@JJ00@Z 00417d00 f gfx.obj
 0001:00016dd0       ?GetBadRcForScroll@GNV@@SGXPAVRC@@JJ00@Z 00417dd0 f gfx.obj
 0001:00016ed0       ?GetRcSrc@GNV@@QAEXPAVRC@@@Z 00417ed0 f gfx.obj
 0001:00016f00       ?SetRcSrc@GNV@@QAEXPAVRC@@@Z 00417f00 f gfx.obj
 0001:00016f40       ?SetRcDst@GNV@@QAEXPAVRC@@@Z 00417f40 f gfx.obj
 0001:00017000       ?SetRcVis@GNV@@QAEXPAVRC@@@Z 00418000 f gfx.obj
 0001:000170a0       ?IntersectRcVis@GNV@@QAEXPAVRC@@@Z 004180a0 f gfx.obj
 0001:00017120       ?ClipRc@GNV@@QAEXPAVRC@@@Z 00418120 f gfx.obj
 0001:00017200       ?SetPenSize@GNV@@QAEXJJ@Z  00418200 f gfx.obj
 0001:00017240       ?SetFont@GNV@@QAEXJKJJJ@Z  00418240 f gfx.obj
 0001:00017280       ?SetFontAlign@GNV@@QAEXJJ@Z 00418280 f gfx.obj
 0001:000172a0       ?DrawRgch@GNV@@QAEXPADJJJVACR@@1@Z 004182a0 f gfx.obj
 0001:00017300       ?DrawStn@GNV@@QAEXPAVSTN@@JJVACR@@1@Z 00418300 f gfx.obj
 0001:00017330       ?GetRcFromRgch@GNV@@QAEXPAVRC@@PADJJJ@Z 00418330 f gfx.obj
 0001:000173a0       ?CopyPixels@GNV@@QAEXPAV1@PAVRC@@1@Z 004183a0 f gfx.obj
 0001:00017400       ?_FInitPaletteTrans@GNV@@AAEHPAVGL@@PAPAV2@1J@Z 00418400 f gfx.obj
 0001:000174b0       ?_PaletteTrans@GNV@@AAEXPAVGL@@0JJ0PAUCLR@@@Z 004184b0 f gfx.obj
 0001:00017610       ?_FEnsureTempGnv@GNV@@AAEHPAPAV1@PAVRC@@@Z 00418610 f gfx.obj
 0001:000176a0       ?Wipe@GNV@@QAEXJVACR@@PAV1@PAVRC@@2KPAVGL@@@Z 004186a0 f gfx.obj
 0001:00017950       ?Slide@GNV@@QAEXJVACR@@PAV1@PAVRC@@2KPAVGL@@@Z 00418950 f gfx.obj
 0001:00017d00       ?Dissolve@GNV@@QAEXJJVACR@@PAV1@PAVRC@@2KPAVGL@@@Z 00418d00 f gfx.obj
 0001:00018500       ?Fade@GNV@@QAEXJVACR@@PAV1@PAVRC@@2KPAVGL@@@Z 00419500 f gfx.obj
 0001:00018700       ?Iris@GNV@@QAEXJJJVACR@@PAV1@PAVRC@@2KPAVGL@@@Z 00419700 f gfx.obj
 0001:00018c30       ?DrawPic@GNV@@QAEXPAVPIC@@PAVRC@@@Z 00419c30 f gfx.obj
 0001:00018c70       ?DrawMbmp@GNV@@QAEXPAVMBMP@@JJ@Z 00419c70 f gfx.obj
 0001:00018ce0       ?_FMapRcRcs@GNV@@AAEHPAVRC@@PAUtagRECT@@@Z 00419ce0 f gfx.obj
 0001:00018d60       ?_MapPtPts@GNV@@AAEXJJPAUtagPOINT@@@Z 00419d60 f gfx.obj
 0001:00018db0       ?ClipToRegn@GPT@@QAEXPAPAVREGN@@@Z 00419db0 f gfx.obj
 0001:00018e10       ?SetPtBase@GPT@@QAEXPAVPT@@@Z 00419e10 f gfx.obj
 0001:00018e30       ?GetPtBase@GPT@@QAEXPAVPT@@@Z 00419e30 f gfx.obj
 0001:00018e50       ?FInitGfx@@YGHXZ           00419e50 f gfx.obj
 0001:00018e60       ??0NTL@@QAE@XZ             00419e60 f gfx.obj
 0001:00018e80       ??1NTL@@UAE@XZ             00419e80 f gfx.obj
 0001:00018eb0       ?GetStn@NTL@@QAEXJPAVSTN@@@Z 00419eb0 f gfx.obj
 0001:00018ed0       ?FGetOnn@NTL@@QAEHPAVSTN@@PAJ@Z 00419ed0 f gfx.obj
 0001:00018ef0       ?OnnMapStn@NTL@@QAEJPAVSTN@@F@Z 00419ef0 f gfx.obj
 0001:00018f20       ?OnnMac@NTL@@QAEJXZ        00419f20 f gfx.obj
 0001:00018f30       ?PognTraceRgpt@OGN@@QAEPAV1@PAVPT@@JK@Z 00419f30 f gfx.obj
 0001:00019130       ?_FAddEdge@OGN@@AAEHPAUAEI@1@@Z 0041a130 f gfx.obj
 0001:00019230       ?IptFindLeftmost@@YGJPAVPT@@JJJ@Z 0041a230 f gfx.obj
 0001:000192c0       ?PognNew@OGN@@SGPAV1@J@Z   0041a2c0 f gfx.obj
 0001:00019320       ??0OGN@@IAE@XZ             0041a320 f gfx.obj
 0001:00019340       ?DoubleStretch@@YGXPAEJJPAVRC@@0JJJJ1PAVREGN@@@Z 0041a340 f gfx.obj
 0001:00019800       ?DoubleVertStretch@@YGXPAEJJPAVRC@@0JJJJ1PAVREGN@@@Z 0041a800 f gfx.obj
 0001:00019cc0       ??_GGNV@@UAEPAXI@Z         0041acc0 f gfx.obj
 0001:00019cc0       ??_EGNV@@UAEPAXI@Z         0041acc0 f gfx.obj
 0001:00019ce0       ??_GNTL@@UAEPAXI@Z         0041ace0 f gfx.obj
 0001:00019ce0       ??_ENTL@@UAEPAXI@Z         0041ace0 f gfx.obj
 0001:00019d00       ??_GOGN@@UAEPAXI@Z         0041ad00 f gfx.obj
 0001:00019d00       ??_EOGN@@UAEPAXI@Z         0041ad00 f gfx.obj
 0001:00019d20       ?FWouldBe@GOB@@SGHJ@Z      0041ad20 f gob.obj
 0001:00019d40       ?FIs@GOB@@UAEHJ@Z          0041ad40 f gob.obj
 0001:00019d50       ?Cls@GOB@@UAEJXZ           0041ad50 f gob.obj
 0001:00019d60       ?FWouldBe@GTE@@SGHJ@Z      0041ad60 f gob.obj
 0001:00019d80       ?FIs@GTE@@UAEHJ@Z          0041ad80 f gob.obj
 0001:00019d90       ?Cls@GTE@@UAEJXZ           0041ad90 f gob.obj
 0001:00019da0       ?Set@GCB@@QAEXJPAVGOB@@KJPAVRC@@1@Z 0041ada0 f gob.obj
 0001:00019e30       ?ShutDown@GOB@@SGXXZ       0041ae30 f gob.obj
 0001:00019e70       ??0GOB@@QAE@PAUGCB@@@Z     0041ae70 f gob.obj
 0001:00019ea0       ?_Init@GOB@@IAEXPAUGCB@@@Z 0041aea0 f gob.obj
 0001:00019f40       ??0GOB@@QAE@J@Z            0041af40 f gob.obj
 0001:00019fa0       ?Release@GOB@@UAEXXZ       0041afa0 f gob.obj
 0001:00019ff0       ??1GOB@@MAE@XZ             0041aff0 f gob.obj
 0001:0001a090       ?ActivateHwnd@GOB@@SGXPAUHWND__@@H@Z 0041b090 f gob.obj
 0001:0001a130       ?BringToFront@GOB@@QAEXXZ  0041b130 f gob.obj
 0001:0001a140       ?SendBehind@GOB@@QAEXPAV1@@Z 0041b140 f gob.obj
 0001:0001a1a0       ?InvalRc@GOB@@QAEXPAVRC@@J@Z 0041b1a0 f gob.obj
 0001:0001a2e0       ?ValidRc@GOB@@QAEXPAVRC@@J@Z 0041b2e0 f gob.obj
 0001:0001a3d0       ?FGetRcInval@GOB@@QAEHPAVRC@@J@Z 0041b3d0 f gob.obj
 0001:0001a540       ?Scroll@GOB@@QAEXPAVRC@@JJJ00@Z 0041b540 f gob.obj
 0001:0001a940       ?DrawTree@GOB@@UAEXPAVGPT@@PAVRC@@1K@Z 0041b940 f gob.obj
 0001:0001ad10       ?DrawTreeRgn@GOB@@UAEXPAVGPT@@PAVRC@@PAVREGN@@K@Z 0041bd10 f gob.obj
 0001:0001b150       ?Draw@GOB@@UAEXPAVGNV@@PAVRC@@@Z 0041c150 f gob.obj
 0001:0001b160       ?Maximize@GOB@@UAEXXZ      0041c160 f gob.obj
 0001:0001b190       ?SetPos@GOB@@QAEXPAVRC@@0@Z 0041c190 f gob.obj
 0001:0001b210       ?GetPos@GOB@@QAEXPAVRC@@0@Z 0041c210 f gob.obj
 0001:0001b260       ?SetRcFromHwnd@GOB@@QAEXXZ 0041c260 f gob.obj
 0001:0001b270       ?GetRc@GOB@@QAEXPAVRC@@J@Z 0041c270 f gob.obj
 0001:0001b2d0       ?GetRcVis@GOB@@QAEXPAVRC@@J@Z 0041c2d0 f gob.obj
 0001:0001b330       ?_HwndGetRc@GOB@@IAEPAUHWND__@@PAVRC@@@Z 0041c330 f gob.obj
 0001:0001b390       ?HwndContainer@GOB@@QAEPAUHWND__@@XZ 0041c390 f gob.obj
 0001:0001b3b0       ?MapPt@GOB@@QAEXPAVPT@@JJ@Z 0041c3b0 f gob.obj
 0001:0001b400       ?_HwndGetDptFromCoo@GOB@@AAEPAUHWND__@@PAVPT@@J@Z 0041c400 f gob.obj
 0001:0001b540       ?GetMinMax@GOB@@UAEXPAVRC@@@Z 0041c540 f gob.obj
 0001:0001b560       ?PgobFromPtGlobal@GOB@@SGPAV1@JJPAVPT@@@Z 0041c560 f gob.obj
 0001:0001b5e0       ?PgobFromPt@GOB@@UAEPAV1@JJPAVPT@@@Z 0041c5e0 f gob.obj
 0001:0001b670       ?FPtIn@GOB@@UAEHJJ@Z       0041c670 f gob.obj
 0001:0001b6b0       ?FPtInBounds@GOB@@UAEHJJ@Z 0041c6b0 f gob.obj
 0001:0001b6f0       ?MouseDown@GOB@@UAEXJJJK@Z 0041c6f0 f gob.obj
 0001:0001b790       ?_SetRcCur@GOB@@AAEXXZ     0041c790 f gob.obj
 0001:0001b9f0       ?PgobPrevSib@GOB@@QAEPAV1@XZ 0041c9f0 f gob.obj
 0001:0001ba30       ?PgobLastChild@GOB@@QAEPAV1@XZ 0041ca30 f gob.obj
 0001:0001ba50       ?FCreateAndAttachMdi@GOB@@QAEHPAVSTN@@@Z 0041ca50 f gob.obj
 0001:0001ba90       ?PgobFromCls@GOB@@QAEPAV1@J@Z 0041ca90 f gob.obj
 0001:0001baf0       ?PgobParFromCls@GOB@@QAEPAV1@J@Z 0041caf0 f gob.obj
 0001:0001bb20       ?PgobFromHidScr@GOB@@SGPAV1@J@Z 0041cb20 f gob.obj
 0001:0001bb50       ?PgobFromHid@GOB@@QAEPAV1@J@Z 0041cb50 f gob.obj
 0001:0001bbb0       ?FCmdCloseWnd@GOB@@UAEHPAUCMD@@@Z 0041cbb0 f gob.obj
 0001:0001bbc0       ?FCmdTrackMouse@GOB@@UAEHPAUCMD_MOUSE@@@Z 0041cbc0 f gob.obj
 0001:0001bbd0       ?FCmdKey@GOB@@UAEHPAUCMD_KEY@@@Z 0041cbd0 f gob.obj
 0001:0001bbe0       ?FCmdBadKey@GOB@@UAEHPAUCMD_BADKEY@@@Z 0041cbe0 f gob.obj
 0001:0001bbf0       ?FCmdSelIdle@GOB@@UAEHPAUCMD@@@Z 0041cbf0 f gob.obj
 0001:0001bc00       ?FCmdActivateSel@GOB@@UAEHPAUCMD@@@Z 0041cc00 f gob.obj
 0001:0001bc10       ?FCmdMouseMove@GOB@@UAEHPAUCMD_MOUSE@@@Z 0041cc10 f gob.obj
 0001:0001bc30       ?ZpDragRc@GOB@@UAEJPAVRC@@HJJJJJ@Z 0041cc30 f gob.obj
 0001:0001c050       ?Ppglrtvm@GOB@@UAEPAPAVGL@@XZ 0041d050 f gob.obj
 0001:0001c060       ?FEnsureToolTip@GOB@@UAEHPAPAV1@JJ@Z 0041d060 f gob.obj
 0001:0001c070       ?LwState@GOB@@UAEJXZ       0041d070 f gob.obj
 0001:0001c080       ??0GTE@@QAE@XZ             0041d080 f gob.obj
 0001:0001c0a0       ?Init@GTE@@QAEXPAVGOB@@K@Z 0041d0a0 f gob.obj
 0001:0001c0d0       ?FNextGob@GTE@@QAEHPAPAVGOB@@PAKK@Z 0041d0d0 f gob.obj
 0001:0001c1e0       ?Pcmm@GOB@@MAEPAUCMM@CMH@@XZ 0041d1e0 f gob.obj
 0001:0001c1f0       ?_NewRc@GOB@@MAEXXZ        0041d1f0 f gob.obj
 0001:0001c200       ?_ActivateHwnd@GOB@@MAEXH@Z 0041d200 f gob.obj
 0001:0001c210       ?FCmdTrackMouseCore@GOB@@QAEHPAUCMD@@@Z 0041d210 f gob.obj
 0001:0001c220       ?FCmdMouseMoveCore@GOB@@QAEHPAUCMD@@@Z 0041d220 f gob.obj
 0001:0001c230       ?FCmdKeyCore@GOB@@QAEHPAUCMD@@@Z 0041d230 f gob.obj
 0001:0001c240       ?FCmdBadKeyCore@GOB@@QAEHPAUCMD@@@Z 0041d240 f gob.obj
 0001:0001c250       ??_GGOB@@MAEPAXI@Z         0041d250 f gob.obj
 0001:0001c250       ??_EGOB@@MAEPAXI@Z         0041d250 f gob.obj
 0001:0001c270       ??_GGTE@@UAEPAXI@Z         0041d270 f gob.obj
 0001:0001c270       ??_EGTE@@UAEPAXI@Z         0041d270 f gob.obj
 0001:0001c290       ??_9@$BHA@A                0041d290 f gob.obj
 0001:0001c2a0       ??_9@$BHE@A                0041d2a0 f gob.obj
 0001:0001c2b0       ??_9@$BFM@A                0041d2b0 f gob.obj
 0001:0001c2c0       ?Draw@MBMP@@QAEXPAEJJJJPAVRC@@PAVREGN@@@Z 0041d2c0 f mbmpgui.obj
 0001:0001c810       ?DrawMask@MBMP@@QAEXPAEJJJJPAVRC@@@Z 0041d810 f mbmpgui.obj
 0001:0001cb30       ?FWouldBe@REGN@@SGHJ@Z     0041db30 f region.obj
 0001:0001cb50       ?FIs@REGN@@UAEHJ@Z         0041db50 f region.obj
 0001:0001cb60       ?Cls@REGN@@UAEJXZ          0041db60 f region.obj
 0001:0001cb70       ?FWouldBe@REGSC@@SGHJ@Z    0041db70 f region.obj
 0001:0001cb90       ?FIs@REGSC@@UAEHJ@Z        0041db90 f region.obj
 0001:0001cba0       ?Cls@REGSC@@UAEJXZ         0041dba0 f region.obj
 0001:0001cbb0       ?FInit@REGBL@@QAEHPAVRC@@PAVGL@@@Z 0041dbb0 f region.obj
 0001:0001cc60       ?FStartRow@REGBL@@QAEHJJ@Z 0041dc60 f region.obj
 0001:0001cd10       ?EndRow@REGBL@@QAEXXZ      0041dd10 f region.obj
 0001:0001cdd0       ?PglxpFree@REGBL@@QAEPAVGL@@PAVRC@@PAJ@Z 0041ddd0 f region.obj
 0001:0001ce90       ??0REGSC@@QAE@XZ           0041de90 f region.obj
 0001:0001ceb0       ??1REGSC@@UAE@XZ           0041deb0 f region.obj
 0001:0001ced0       ?Free@REGSC@@QAEXXZ        0041ded0 f region.obj
 0001:0001cf00       ?Init@REGSC@@QAEXPAVREGN@@PAVRC@@@Z 0041df00 f region.obj
 0001:0001cf60       ?InitRc@REGSC@@QAEXPAVRC@@0@Z 0041df60 f region.obj
 0001:0001cf80       ?_InitCore@REGSC@@IAEXPAVGL@@PAVRC@@1@Z 0041df80 f region.obj
 0001:0001d080       ?_ScanNextCore@REGSC@@IAEXXZ 0041e080 f region.obj
 0001:0001d1c0       ?PregnNew@REGN@@SGPAV1@PAVRC@@@Z 0041e1c0 f region.obj
 0001:0001d210       ??1REGN@@UAE@XZ            0041e210 f region.obj
 0001:0001d240       ?SetRc@REGN@@QAEXPAVRC@@@Z 0041e240 f region.obj
 0001:0001d2a0       ?Offset@REGN@@QAEXJJ@Z     0041e2a0 f region.obj
 0001:0001d2d0       ?FEmpty@REGN@@QAEHPAVRC@@@Z 0041e2d0 f region.obj
 0001:0001d320       ?FIsRc@REGN@@QAEHPAVRC@@@Z 0041e320 f region.obj
 0001:0001d350       ?FUnion@REGN@@QAEHPAV1@0@Z 0041e350 f region.obj
 0001:0001d470       ?FUnionRc@REGN@@QAEHPAVRC@@PAV1@@Z 0041e470 f region.obj
 0001:0001d5a0       ?_FUnionCore@REGN@@IAEHPAVRC@@PAVREGSC@@1@Z 0041e5a0 f region.obj
 0001:0001d8c0       ?FIntersect@REGN@@QAEHPAV1@0@Z 0041e8c0 f region.obj
 0001:0001d9f0       ?_FIntersectCore@REGN@@IAEHPAVRC@@PAVREGSC@@1@Z 0041e9f0 f region.obj
 0001:0001dcf0       ?FDiff@REGN@@QAEHPAV1@0@Z  0041ecf0 f region.obj
 0001:0001ddf0       ?FDiffRc@REGN@@QAEHPAVRC@@PAV1@@Z 0041edf0 f region.obj
 0001:0001df00       ?_FDiffCore@REGN@@IAEHPAVRC@@PAVREGSC@@1@Z 0041ef00 f region.obj
 0001:0001e230       ?HrgnCreate@REGN@@QAEPAUHRGN__@@XZ 0041f230 f region.obj
 0001:0001e4a0       ?HrgnEnsure@REGN@@QAEPAUHRGN__@@XZ 0041f4a0 f region.obj
 0001:0001e500       ??_GREGN@@UAEPAXI@Z        0041f500 f region.obj
 0001:0001e500       ??_EREGN@@UAEPAXI@Z        0041f500 f region.obj
 0001:0001e520       ?XpFetch@REGSC@@QAEJXZ     0041f520 f region.obj
 0001:0001e5a0       ??_EREGBL@@UAEPAXI@Z       0041f5a0 f region.obj
 0001:0001e5a0       ??_GREGBL@@UAEPAXI@Z       0041f5a0 f region.obj
 0001:0001e5e0       ??_EREGSC@@UAEPAXI@Z       0041f5e0 f region.obj
 0001:0001e5e0       ??_GREGSC@@UAEPAXI@Z       0041f5e0 f region.obj
 0001:0001e690       ?FWouldBe@PIC@@SGHJ@Z      0041f690 f pic.obj
 0001:0001e6b0       ?FIs@PIC@@UAEHJ@Z          0041f6b0 f pic.obj
 0001:0001e6c0       ?Cls@PIC@@UAEJXZ           0041f6c0 f pic.obj
 0001:0001e6d0       ?PpicNew@PIC@@SGPAV1@PAUHENHMETAFILE__@@PAVRC@@@Z 0041f6d0 f pic.obj
 0001:0001e720       ?FAddToCfl@PIC@@QAEHPAVCFL@@KPAKK@Z 0041f720 f pic.obj
 0001:0001e890       _WinMain@16                0041f890 f appbwin.obj
 0001:0001e8d0       ?Abort@APPB@@UAEXXZ        0041f8d0 f appbwin.obj
 0001:0001e8f0       ?_FInitOS@APPB@@MAEHXZ     0041f8f0 f appbwin.obj
 0001:0001ea80       ?_FGetNextEvt@APPB@@MAEHPAUtagMSG@@@Z 0041fa80 f appbwin.obj
 0001:0001ead0       ?TrackMouse@APPB@@QAEXPAVGOB@@PAVPT@@@Z 0041fad0 f appbwin.obj
 0001:0001eb70       ?_DispatchEvt@APPB@@MAEXPAUtagMSG@@@Z 0041fb70 f appbwin.obj
 0001:0001ec60       ?_FTranslateKeyEvt@APPB@@MAEHPAUtagMSG@@PAUCMD_KEY@@@Z 0041fc60 f appbwin.obj
 0001:0001ed20       ?FGetNextKeyFromOsQueue@APPB@@UAEHPAUCMD_KEY@@@Z 0041fd20 f appbwin.obj
 0001:0001ee30       ?FlushUserEvents@APPB@@UAEXK@Z 0041fe30 f appbwin.obj
 0001:0001ee90       ?_ShutDownViewer@APPB@@IAEXXZ 0041fe90 f appbwin.obj
 0001:0001eec0       ?_LuWndProc@APPB@@KGJPAUHWND__@@IIJ@Z 0041fec0 f appbwin.obj
 0001:0001ef40       ?_FFrameWndProc@APPB@@MAEHPAUHWND__@@IIJPAJ@Z 0041ff40 f appbwin.obj
 0001:0001f710       ?_LuMdiWndProc@APPB@@KGJPAUHWND__@@IIJ@Z 00420710 f appbwin.obj
 0001:0001f780       ?_FMdiWndProc@APPB@@MAEHPAUHWND__@@IIJPAJ@Z 00420780 f appbwin.obj
 0001:0001f870       ?_FCommonWndProc@APPB@@MAEHPAUHWND__@@IIJPAJ@Z 00420870 f appbwin.obj
 0001:0001fd30       ?TGiveAlertSz@APPB@@UAEHPADJJ@Z 00420d30 f appbwin.obj
 0001:0001fe80       ?_HrgnNew@@YGPAUHRGN__@@PAUtagRECT@@JJH@Z 00420e80 f gfxwin.obj
 0001:0001fee0       ?_Scr@ACR@@AAEKXZ          00420ee0 f gfxwin.obj
 0001:0001ff20       ?Flush@GPT@@SGXXZ          00420f20 f gfxwin.obj
 0001:0001ff30       ?SetActiveColors@GPT@@SGXPAVGL@@K@Z 00420f30 f gfxwin.obj
 0001:000203f0       ?PglclrGetPalette@GPT@@SGPAVGL@@XZ 004213f0 f gfxwin.obj
 0001:00020440       ?CclrSetPalette@GPT@@SGJPAUHWND__@@H@Z 00421440 f gfxwin.obj
 0001:00020510       ?PgptNew@GPT@@SGPAV1@PAUHDC__@@@Z 00421510 f gfxwin.obj
 0001:00020570       ?PgptNewHwnd@GPT@@SGPAV1@PAUHWND__@@@Z 00421570 f gfxwin.obj
 0001:000205c0       ?_FInit@GPT@@AAEHPAUHDC__@@@Z 004215c0 f gfxwin.obj
 0001:00020670       ??1GPT@@EAE@XZ             00421670 f gfxwin.obj
 0001:00020710       ?_Scr@GPT@@AAEKVACR@@@Z    00421710 f gfxwin.obj
 0001:00020790       ?PgptNewOffscreen@GPT@@SGPAV1@PAVRC@@J@Z 00421790 f gfxwin.obj
 0001:00020af0       ?SetOffscreenColors@GPT@@QAEXPAVGL@@@Z 00421af0 f gfxwin.obj
 0001:00020b80       ?PrgbLockPixels@GPT@@QAEPAEPAVRC@@@Z 00421b80 f gfxwin.obj
 0001:00020bd0       ?CbRow@GPT@@QAEJXZ         00421bd0 f gfxwin.obj
 0001:00020be0       ?CbitPixel@GPT@@QAEJXZ     00421be0 f gfxwin.obj
 0001:00020c30       ?Lock@GPT@@QAEXXZ          00421c30 f gfxwin.obj
 0001:00020c40       ?Unlock@GPT@@QAEXXZ        00421c40 f gfxwin.obj
 0001:00020c60       ?PgptNewPic@GPT@@SGPAV1@PAVRC@@@Z 00421c60 f gfxwin.obj
 0001:00020d20       ?PpicRelease@GPT@@QAEPAVPIC@@XZ 00421d20 f gfxwin.obj
 0001:00020d80       ?HiliteRcs@GPT@@QAEXPAUtagRECT@@PAUGDD@@@Z 00421d80 f gfxwin.obj
 0001:00020db0       ?DrawRcs@GPT@@QAEXPAUtagRECT@@PAUGDD@@@Z 00421db0 f gfxwin.obj
 0001:00020e00       ?DrawOval@GPT@@QAEXPAUtagRECT@@PAUGDD@@@Z 00421e00 f gfxwin.obj
 0001:00020e50       ?_FrameRcsOval@GPT@@AAEXPAUtagRECT@@PAUGDD@@H@Z 00421e50 f gfxwin.obj
 0001:00020f10       ?DrawPoly@GPT@@QAEXPAXPAUGDD@@@Z 00421f10 f gfxwin.obj
 0001:00020f40       ?DrawLine@GPT@@QAEXPAUtagPOINT@@0PAUGDD@@@Z 00421f40 f gfxwin.obj
 0001:00021020       ?_FillRcs@GPT@@AAEXPAUtagRECT@@@Z 00422020 f gfxwin.obj
 0001:00021050       ?_FillOval@GPT@@AAEXPAUtagRECT@@@Z 00422050 f gfxwin.obj
 0001:00021080       ?_FillRgn@GPT@@AAEXPAPAUHRGN__@@@Z 00422080 f gfxwin.obj
 0001:000210b0       ?_FillPoly@GPT@@AAEXPAUOLY@@@Z 004220b0 f gfxwin.obj
 0001:000210e0       ?_SetClip@GPT@@AAEXPAUtagRECT@@@Z 004220e0 f gfxwin.obj
 0001:00021290       ?_EnsurePalette@GPT@@AAEXXZ 00422290 f gfxwin.obj
 0001:00021350       ?_Fill@GPT@@AAEXPAXPAUGDD@@P81@EX0@Z@Z 00422350 f gfxwin.obj
 0001:00021570       ?ScrollRcs@GPT@@QAEXPAUtagRECT@@JJPAUGDD@@@Z 00422570 f gfxwin.obj
 0001:000215b0       ?DrawRgch@GPT@@QAEXPADJUtagPOINT@@PAUGDD@@PAUDSF@@@Z 004225b0 f gfxwin.obj
 0001:00021790       ?GetRcsFromRgch@GPT@@QAEXPAUtagRECT@@PADJUtagPOINT@@PAUDSF@@@Z 00422790 f gfxwin.obj
 0001:00021850       ?_SetAptBrush@GPT@@AAEXPAUAPT@@@Z 00422850 f gfxwin.obj
 0001:00021920       ?_SetAcrBrush@GPT@@AAEXVACR@@@Z 00422920 f gfxwin.obj
 0001:000219a0       ?_SetStockBrush@GPT@@AAEXH@Z 004229a0 f gfxwin.obj
 0001:00021a10       ?_SetTextProps@GPT@@AAEXPAUDSF@@@Z 00422a10 f gfxwin.obj
 0001:00021ae0       ?CopyPixels@GPT@@QAEXPAV1@PAUtagRECT@@1PAUGDD@@@Z 00422ae0 f gfxwin.obj
 0001:00021ec0       ?DrawPic@GPT@@QAEXPAVPIC@@PAUtagRECT@@PAUGDD@@@Z 00422ec0 f gfxwin.obj
 0001:00021f30       ?DrawMbmp@GPT@@QAEXPAVMBMP@@PAUtagRECT@@PAUGDD@@@Z 00422f30 f gfxwin.obj
 0001:00022290       ?FInit@NTL@@QAEHXZ         00423290 f gfxwin.obj
 0001:00022350       ?_FEnumFont@@YGHPAUtagLOGFONTA@@PAUtagTEXTMETRICA@@KJ@Z 00423350 f gfxwin.obj
 0001:000223b0       ?HfntCreate@NTL@@QAEPAUHFONT__@@PAUDSF@@@Z 004233b0 f gfxwin.obj
 0001:00022440       ?FFixedPitch@NTL@@QAEHJ@Z  00423440 f gfxwin.obj
 0001:00022470       ?FCreateRgn@@YGHPAPAUHRGN__@@PAVRC@@@Z 00423470 f gfxwin.obj
 0001:000224d0       ?FreePhrgn@@YGXPAPAUHRGN__@@@Z 004234d0 f gfxwin.obj
 0001:00022500       ??_GGPT@@EAEPAXI@Z         00423500 f gfxwin.obj
 0001:00022500       ??_EGPT@@EAEPAXI@Z         00423500 f gfxwin.obj
 0001:00022520       ?FInitScreen@GOB@@SGHKJ@Z  00423520 f gobwin.obj
 0001:00022590       ?FAttachHwnd@GOB@@QAEHPAUHWND__@@@Z 00423590 f gobwin.obj
 0001:000225f0       ?PgobFromHwnd@GOB@@SGPAV1@PAUHWND__@@@Z 004235f0 f gobwin.obj
 0001:00022650       ?HwndMdiActive@GOB@@SGPAUHWND__@@XZ 00423650 f gobwin.obj
 0001:00022680       ?_HwndNewMdi@GOB@@KGPAUHWND__@@PAVSTN@@@Z 00423680 f gobwin.obj
 0001:00022780       ?_DestroyHwnd@GOB@@KGXPAUHWND__@@@Z 00423780 f gobwin.obj
 0001:00022800       ?GetPtMouse@GOB@@QAEXPAVPT@@PAH@Z 00423800 f gobwin.obj
 0001:000228a0       ?Clean@GOB@@UAEXXZ         004238a0 f gobwin.obj
 0001:00022920       ?SetHwndName@GOB@@QAEXPAVSTN@@@Z 00423920 f gobwin.obj
 0001:00022960       ?MakeHwndActive@GOB@@SGXPAUHWND__@@@Z 00423960 f gobwin.obj
 0001:00022a40       ?FWouldBe@MUB@@SGHJ@Z      00423a40 f menuwin.obj
 0001:00022a60       ?FIs@MUB@@UAEHJ@Z          00423a60 f menuwin.obj
 0001:00022a70       ?Cls@MUB@@UAEJXZ           00423a70 f menuwin.obj
 0001:00022a80       ??1MUB@@UAE@XZ             00423a80 f menuwin.obj
 0001:00022aa0       ?PmubNew@MUB@@SGPAV1@K@Z   00423aa0 f menuwin.obj
 0001:00022b30       ?Set@MUB@@UAEXXZ           00423b30 f menuwin.obj
 0001:00022b80       ?Clean@MUB@@UAEXXZ         00423b80 f menuwin.obj
 0001:00022cc0       ?EnqueueWcid@MUB@@UAEXJ@Z  00423cc0 f menuwin.obj
 0001:00022d00       ?FAddListCid@MUB@@UAEHJJPAVSTN@@@Z 00423d00 f menuwin.obj
 0001:00022f00       ?FRemoveListCid@MUB@@UAEHJJPAVSTN@@@Z 00423f00 f menuwin.obj
 0001:00023190       ?FRemoveAllListCid@MUB@@UAEHJ@Z 00424190 f menuwin.obj
 0001:00023340       ?FChangeListCid@MUB@@UAEHJJPAVSTN@@J0@Z 00424340 f menuwin.obj
 0001:000234a0       ?_FGetCmdForWcid@MUB@@AAEHJPAUCMD@@@Z 004244a0 f menuwin.obj
 0001:000235e0       ?_FFindMlst@MUB@@AAEHJPAUMLST@1@PAJ@Z 004245e0 f menuwin.obj
 0001:00023670       ?_FInitLists@MUB@@AAEHXZ   00424670 f menuwin.obj
 0001:00023970       ??_EMUB@@UAEPAXI@Z         00424970 f menuwin.obj
 0001:00023970       ??_GMUB@@UAEPAXI@Z         00424970 f menuwin.obj
 0001:00023a20       ??0PIC@@IAE@XZ             00424a20 f picwin.obj
 0001:00023a50       ??1PIC@@UAE@XZ             00424a50 f picwin.obj
 0001:00023a70       ?CbOnFile@PIC@@UAEJXZ      00424a70 f picwin.obj
 0001:00023a90       ?FWrite@PIC@@UAEHPAVBLCK@@@Z 00424a90 f picwin.obj
 0001:00023b90       ??_GPIC@@UAEPAXI@Z         00424b90 f picwin.obj
 0001:00023b90       ??_EPIC@@UAEPAXI@Z         00424b90 f picwin.obj
 0001:00023c40       ?FWouldBe@DOCB@@SGHJ@Z     00424c40 f docb.obj
 0001:00023c60       ?FIs@DOCB@@UAEHJ@Z         00424c60 f docb.obj
 0001:00023c70       ?Cls@DOCB@@UAEJXZ          00424c70 f docb.obj
 0001:00023c80       ?FWouldBe@DTE@@SGHJ@Z      00424c80 f docb.obj
 0001:00023ca0       ?FIs@DTE@@UAEHJ@Z          00424ca0 f docb.obj
 0001:00023cb0       ?Cls@DTE@@UAEJXZ           00424cb0 f docb.obj
 0001:00023cc0       ?FWouldBe@DDG@@SGHJ@Z      00424cc0 f docb.obj
 0001:00023ce0       ?FIs@DDG@@UAEHJ@Z          00424ce0 f docb.obj
 0001:00023cf0       ?Cls@DDG@@UAEJXZ           00424cf0 f docb.obj
 0001:00023d00       ?FWouldBe@DMD@@SGHJ@Z      00424d00 f docb.obj
 0001:00023d20       ?FIs@DMD@@UAEHJ@Z          00424d20 f docb.obj
 0001:00023d30       ?Cls@DMD@@UAEJXZ           00424d30 f docb.obj
 0001:00023d40       ?FWouldBe@DMW@@SGHJ@Z      00424d40 f docb.obj
 0001:00023d60       ?FIs@DMW@@UAEHJ@Z          00424d60 f docb.obj
 0001:00023d70       ?Cls@DMW@@UAEJXZ           00424d70 f docb.obj
 0001:00023d80       ?FWouldBe@DSG@@SGHJ@Z      00424d80 f docb.obj
 0001:00023da0       ?FIs@DSG@@UAEHJ@Z          00424da0 f docb.obj
 0001:00023db0       ?Cls@DSG@@UAEJXZ           00424db0 f docb.obj
 0001:00023dc0       ?FWouldBe@DSSP@@SGHJ@Z     00424dc0 f docb.obj
 0001:00023de0       ?FIs@DSSP@@UAEHJ@Z         00424de0 f docb.obj
 0001:00023df0       ?Cls@DSSP@@UAEJXZ          00424df0 f docb.obj
 0001:00023e00       ?FWouldBe@DSSM@@SGHJ@Z     00424e00 f docb.obj
 0001:00023e20       ?FIs@DSSM@@UAEHJ@Z         00424e20 f docb.obj
 0001:00023e30       ?Cls@DSSM@@UAEJXZ          00424e30 f docb.obj
 0001:00023e40       ?FWouldBe@UNDB@@SGHJ@Z     00424e40 f docb.obj
 0001:00023e70       ??0DOCB@@IAE@PAV0@K@Z      00424e70 f docb.obj
 0001:00023ee0       ?Release@DOCB@@UAEXXZ      00424ee0 f docb.obj
 0001:00023f90       ?CloseAllDdg@DOCB@@QAEXXZ  00424f90 f docb.obj
 0001:00024000       ??1DOCB@@MAE@XZ            00425000 f docb.obj
 0001:00024080       ?FQueryCloseAll@DOCB@@SGHK@Z 00425080 f docb.obj
 0001:000240c0       ?FQueryClose@DOCB@@UAEHK@Z 004250c0 f docb.obj
 0001:00024180       ?_TQuerySave@DOCB@@MAEHH@Z 00425180 f docb.obj
 0001:000241a0       ?FQueryCloseDmd@DOCB@@UAEHPAVDMD@@@Z 004251a0 f docb.obj
 0001:00024210       ?FInternal@DOCB@@QAEHXZ    00425210 f docb.obj
 0001:00024230       ?SetInternal@DOCB@@QAEXH@Z 00425230 f docb.obj
 0001:00024250       ?FGetFni@DOCB@@UAEHPAVFNI@@@Z 00425250 f docb.obj
 0001:00024260       ?FSave@DOCB@@UAEHJ@Z       00425260 f docb.obj
 0001:00024300       ?FSaveToFni@DOCB@@UAEHPAVFNI@@H@Z 00425300 f docb.obj
 0001:00024310       ?FGetFniSave@DOCB@@UAEHPAVFNI@@@Z 00425310 f docb.obj
 0001:00024330       ?FAddDdg@DOCB@@QAEHPAVDDG@@@Z 00425330 f docb.obj
 0001:00024370       ?_FFindDdg@DOCB@@IAEHPAVDDG@@PAJ@Z 00425370 f docb.obj
 0001:000243d0       ?RemoveDdg@DOCB@@QAEXPAVDDG@@@Z 004253d0 f docb.obj
 0001:00024400       ?MakeFirstDdg@DOCB@@QAEXPAVDDG@@@Z 00425400 f docb.obj
 0001:00024440       ?PddgGet@DOCB@@QAEPAVDDG@@J@Z 00425440 f docb.obj
 0001:00024470       ?PddgActive@DOCB@@QAEPAVDDG@@XZ 00425470 f docb.obj
 0001:00024490       ?PdmdNew@DOCB@@UAEPAVDMD@@XZ 00425490 f docb.obj
 0001:000244a0       ?ActivateDmd@DOCB@@QAEXXZ  004254a0 f docb.obj
 0001:000244e0       ?PdmwNew@DOCB@@UAEPAVDMW@@PAUGCB@@@Z 004254e0 f docb.obj
 0001:000244f0       ?PdsgNew@DOCB@@UAEPAVDSG@@PAVDMW@@PAV2@KJ@Z 004254f0 f docb.obj
 0001:00024510       ?PddgNew@DOCB@@UAEPAVDDG@@PAUGCB@@@Z 00425510 f docb.obj
 0001:00024520       ?GetName@DOCB@@UAEXPAVSTN@@@Z 00425520 f docb.obj
 0001:000245d0       ?UpdateName@DOCB@@UAEXXZ   004255d0 f docb.obj
 0001:00024680       ?FUndo@DOCB@@UAEHXZ        00425680 f docb.obj
 0001:000246d0       ?FRedo@DOCB@@UAEHXZ        004256d0 f docb.obj
 0001:00024720       ?FAddUndo@DOCB@@UAEHPAVUNDB@@@Z 00425720 f docb.obj
 0001:00024810       ?ClearUndo@DOCB@@UAEXXZ    00425810 f docb.obj
 0001:00024870       ?ClearRedo@DOCB@@UAEXXZ    00425870 f docb.obj
 0001:000248c0       ?SetCundbMax@DOCB@@UAEXJ@Z 004258c0 f docb.obj
 0001:00024970       ?CundbMax@DOCB@@UAEJXZ     00425970 f docb.obj
 0001:00024980       ?CundbUndo@DOCB@@UAEJXZ    00425980 f docb.obj
 0001:00024990       ?CundbRedo@DOCB@@UAEJXZ    00425990 f docb.obj
 0001:000249b0       ?ExportFormats@DOCB@@UAEXPAVCLIP@@@Z 004259b0 f docb.obj
 0001:000249c0       ?FGetFormat@DOCB@@UAEHJPAPAV1@@Z 004259c0 f docb.obj
 0001:000249e0       ??0DTE@@QAE@XZ             004259e0 f docb.obj
 0001:00024a00       ?Init@DTE@@QAEXPAVDOCB@@@Z 00425a00 f docb.obj
 0001:00024a20       ?FNextDoc@DTE@@QAEHPAPAVDOCB@@PAKK@Z 00425a20 f docb.obj
 0001:00024af0       ?PddgNew@DDG@@SGPAV1@PAVDOCB@@PAUGCB@@@Z 00425af0 f docb.obj
 0001:00024b60       ??0DDG@@IAE@PAVDOCB@@PAUGCB@@@Z 00425b60 f docb.obj
 0001:00024ba0       ??1DDG@@MAE@XZ             00425ba0 f docb.obj
 0001:00024be0       ?_FInit@DDG@@MAEHXZ        00425be0 f docb.obj
 0001:00024c10       ?Pdmd@DDG@@QAEPAVDMD@@XZ   00425c10 f docb.obj
 0001:00024c20       ?Activate@DDG@@UAEXH@Z     00425c20 f docb.obj
 0001:00024cb0       ?_Activate@DDG@@MAEXH@Z    00425cb0 f docb.obj
 0001:00024cf0       ?FEnableDdgCmd@DDG@@UAEHPAUCMD@@PAK@Z 00425cf0 f docb.obj
 0001:00024e10       ?FCmdClip@DDG@@UAEHPAUCMD@@@Z 00425e10 f docb.obj
 0001:00024f20       ?_FCopySel@DDG@@MAEHPAPAVDOCB@@@Z 00425f20 f docb.obj
 0001:00024f30       ?_ClearSel@DDG@@MAEXXZ     00425f30 f docb.obj
 0001:00024f40       ?_FPaste@DDG@@MAEHPAVCLIP@@HJ@Z 00425f40 f docb.obj
 0001:00024f50       ?FCmdCloseDoc@DDG@@UAEHPAUCMD@@@Z 00425f50 f docb.obj
 0001:00024f90       ?FCmdSave@DDG@@UAEHPAUCMD@@@Z 00425f90 f docb.obj
 0001:00024fb0       ?FCmdUndo@DDG@@UAEHPAUCMD@@@Z 00425fb0 f docb.obj
 0001:00024fe0       ?Draw@DDG@@UAEXPAVGNV@@PAVRC@@@Z 00425fe0 f docb.obj
 0001:00025020       ?FCmdActivateSel@DDG@@UAEHPAUCMD@@@Z 00426020 f docb.obj
 0001:00025040       ?FCmdScroll@DDG@@UAEHPAUCMD@@@Z 00426040 f docb.obj
 0001:000250e0       ?_Scroll@DDG@@MAEXJJJJ@Z   004260e0 f docb.obj
 0001:000250f0       ?_SetScrollValues@DDG@@MAEXXZ 004260f0 f docb.obj
 0001:00025170       ?_ScrollDxpDyp@DDG@@MAEXJJ@Z 00426170 f docb.obj
 0001:00025190       ?_ScvMax@DDG@@MAEJH@Z      00426190 f docb.obj
 0001:000251a0       ?_NewRc@DDG@@MAEXXZ        004261a0 f docb.obj
 0001:000251b0       ?PdmdNew@DMD@@SGPAV1@PAVDOCB@@@Z 004261b0 f docb.obj
 0001:000252b0       ??0DMD@@IAE@PAVDOCB@@PAUGCB@@@Z 004262b0 f docb.obj
 0001:000252d0       ?ActivateNext@DMD@@UAEXPAVDDG@@@Z 004262d0 f docb.obj
 0001:00025340       ?_ActivateHwnd@DMD@@MAEXH@Z 00426340 f docb.obj
 0001:00025370       ?FCmdCloseWnd@DMD@@UAEHPAUCMD@@@Z 00426370 f docb.obj
 0001:000253b0       ?PdmwNew@DMW@@SGPAV1@PAVDOCB@@PAUGCB@@@Z 004263b0 f docb.obj
 0001:00025400       ??0DMW@@IAE@PAVDOCB@@PAUGCB@@@Z 00426400 f docb.obj
 0001:00025430       ?Release@DMW@@UAEXXZ       00426430 f docb.obj
 0001:00025470       ?_FInit@DMW@@MAEHXZ        00426470 f docb.obj
 0001:000254b0       ?_NewRc@DMW@@MAEXXZ        004264b0 f docb.obj
 0001:000254c0       ?FAddDsg@DMW@@QAEHPAVDSG@@0KJ@Z 004264c0 f docb.obj
 0001:00025660       ?RemoveDsg@DMW@@QAEXPAVDSG@@@Z 00426660 f docb.obj
 0001:00025690       ?_RemoveDsg@DMW@@IAEXPAVDSG@@PAJ@Z 00426690 f docb.obj
 0001:00025770       ?_IdsedEdge@DMW@@IAEJJJ@Z  00426770 f docb.obj
 0001:000257d0       ?_IdsedNext@DMW@@IAEJJJ@Z  004267d0 f docb.obj
 0001:00025820       ?_Layout@DMW@@IAEXJ@Z      00426820 f docb.obj
 0001:00025c00       ?_SplitRcRel@DMW@@IAEXJPAVRC@@0@Z 00426c00 f docb.obj
 0001:00025cd0       ?GetRcSplit@DMW@@QAEXPAVDSG@@PAVRC@@1@Z 00426cd0 f docb.obj
 0001:00025f00       ?MoveSplit@DMW@@QAEXPAVDSG@@J@Z 00426f00 f docb.obj
 0001:00025f40       ?TVert@DMW@@QAEHPAVDSG@@@Z 00426f40 f docb.obj
 0001:00025f90       ?PdsgNew@DSG@@SGPAV1@PAVDMW@@PAV1@KJ@Z 00426f90 f docb.obj
 0001:00026020       ??0DSG@@IAE@PAUGCB@@@Z     00427020 f docb.obj
 0001:00026040       ??1DSG@@MAE@XZ             00427040 f docb.obj
 0001:00026060       ?_FInit@DSG@@MAEHPAV1@KJ@Z 00427060 f docb.obj
 0001:000261d0       ?GetMinMax@DSG@@UAEXPAVRC@@@Z 004271d0 f docb.obj
 0001:00026250       ?Split@DSG@@UAEXKJ@Z       00427250 f docb.obj
 0001:00026270       ?FCmdScroll@DSG@@UAEHPAUCMD@@@Z 00427270 f docb.obj
[...]
 0001:0004ff66       ?CatchGuardHandler@@YA?AW4_EXCEPTION_DISPOSITION@@PAUEHExceptionRecord@@PAUCatchGuardRN@@PAX2@Z 00450f66 f LIBC:trnsctrl.obj
 0001:0005005a       ?TranslatorGuardHandler@@YA?AW4_EXCEPTION_DISPOSITION@@PAUEHExceptionRecord@@PAUTranslatorGuardRN@@PAX2@Z 0045105a f LIBC:trnsctrl.obj

FIXUPS: 50d20 10 5 6e 6 15 f 23 fffffea5 fffffff1 fffffff3 ffffff46 1e
FIXUPS: 50bef 44 13 13 9da 3d 55 fffffdbe 16 33 1f d 23 23 fffffe56 12
FIXUPS: 513b7 11 5d 12 fffffdbb a 18 a ffffff8a 5 ffffff27 fffffdde 4c
FIXUPS: 50f51 31 110 13 fffffc5a c 5 1ca9 d e d 7 10 5a 12 fffff5cb d 35
FIXUPS: 52096 ffffff1d fffffcff b8 78 44 10 fffffbb0 12 10 19 fffffef2
FIXUPS: 51928 2a 11 fffffdf5 ffffffaa fffffedb 2d f e e71 52 5c 46 6d 1a
FIXUPS: 52634 14 39 23 15 21 e 77 4f 9 c 17 af 13 1d 1f 13 17 21 1d 13
FIXUPS: 5296d a a f f 4af 28 1f 17 30 35 1d 36 47 11 2c 16 13 29 fffffb53
FIXUPS: 52b0c 72 fffff5c1 2b 2c 2b 1b 34 46 c 25 3c 114 26 28 a 3b 1350
FIXUPS: 534db c 75 d 96 d c 32 fffffe42 fffffdcc 3d 49 132 31 fffffc45
FIXUPS: 530a3 5 55 3c 7 2f b2 15 fffff96a 21 c1 1c 48 13 31 ca e4b 177
FIXUPS: 53dd0 1d 12 1f 20 d f 13 17 13 22 5b 16 22 f 22 f fffffabf 3e 65
FIXUPS: 53a0f ffffff99 fffffe9a 17 24 ffffff9a a a ffffff59 1b 15c9 1d
FIXUPS: 54df8 9 fffffd86 26 1f fffffd75 44 fffffcdb 10 10 18 a1 3e 24 d
FIXUPS: 547e9 34 fffffd6a 78 10 18 e fffffe1b a4 22 fffffb0c 1a fffffb77
FIXUPS: 53bca 67 22ce aa 1f fffffa5d 1c fffffd97 1a 65 1d 2b c 10 c fffff8cd
FIXUPS: 55259 92 10e 49 c6 4f fffff8ed 14 18 18 b0 9 e 9 29 4d fffffd19
FIXUPS: 54d5f fffeb6b8 19 77 106 50 39 42 71 49 5b b0 21 35 25 82 8b 19
FIXUPS: 40b12 8 1c 10 10 15767 47 3e 110 fffffcdf fffffa58 133 ef 21 26
FIXUPS: 41e76 ffffed03 31 1c 10 5f c1 17f ffffeec5 58 81 17 10 2d 17 25
FIXUPS: 3fed4 18 62 68 61 20 37 d 44 32 77 34 34 80 b 3c 185c 78 8 78 8
FIXUPS: 41c6b 8 78 8 13 10 10 10 10 10 10 10 10 10 10 10 10 10 10 10 10
FIXUPS: 41e16 10 10 10 10 10 fffff4e3 3e 41 3e 41 3c 3a 3c 37 41 3c 37
FIXUPS: 41625 3c 3a 3c 37 41 3c 3a 3c 3a 3b 8 3b b2 8 78 8 78 8 78 177a
FIXUPS: 432c7 d b 3f 16 fffffd92 10 5f ffffff50 fffffd4c 29 3d fffffb7e
FIXUPS: 42a4d 63 7 53 62 20 7 fffff534 18c 244 178 fffff885 8d 5c fffff2b3
FIXUPS: 4128f 3e 3e 2b53 fffffa18 10 5f 4d 21 7b 3c 104 fffffb98 10 5f
FIXUPS: 43777 d b 42 18 fffffd7d 10 5f 59 11 4b fffffd2c 10 5f 6f 79 fffffc9c
FIXUPS: 431da 1c 10 ce3 31 bd 129 3a 16 86 13e 4e 21 29 30 38 21 ea d 61
FIXUPS: 44601 26 1f b b0 47 5e 10 10 fffff3d0 10 5f 3d 71 f 1926 25 1c
FIXUPS: 45649 4e 1f 10 10 fffff3f3 31 68 35 d7 c 1a d6 1a 52 2c ad 160
FIXUPS: 4503e 5d 1d 22 bc 10 10 fffff691 23f 10 10 ea8 d 3a 4d 1b9 4e 43
FIXUPS: 45cc4 2a 17b fc 46 15b 10 10 fffff0b3 36 e8 118 3e 1c 22 20 c 26
FIXUPS: 454fe 1c 16 1d 21 1c 48 f05 41 b 46 a d 14 a d e e d 1a 65 e d
FIXUPS: 46689 f 1d 86 e 32 c 23 42 49 81 10 10 ffffeef1 11f a 1950 3e 48
FIXUPS: 472de 18 2a 257 11f 10 10 fffff243 36 88 231 c4 12 f8 10 10 fffff373
FIXUPS: 4617a 59 74 11d 20 9 d0 d a 29 d a 37cb 32 12 f 40 d 2a f 2f 4b
FIXUPS: 49dd8 37 4b 13 4a 1d 6 6 32 ffffd815 22a a5 10 10 fffff3e3 36 98
FIXUPS: 46fa1 bc 1a 133 4a 1d76 67 26 80 6 c 9b 3a 6 9b 11 16 11 112 103
FIXUPS: 49480 14 fe 39 29 10 120 13 43 10f 163 d b 1e 1f0 3a c ffffea40
FIXUPS: 486b8 10 24 10 43 16e 4c 34 2a 33 10 46 30 18 72 3a 51 3f 4c 44
FIXUPS: 48c45 3f 51 3f 5b 40 8f b 38 61 31 fffff12a 12 11 8 25 18 8 20
FIXUPS: 480e5 8 1d 30 15 11 20 18 10 3b 1d4 25 33 d 11 2b 55 10 a7 29 10
FIXUPS: 4864a 21 10 fffff740 2a 11 c 17 6 6 d 29 6 d 6 6 6 18 d 7 8 15
FIXUPS: 47ee2 e 6 17 6 15 27 40 f 10 15 8 23 6223 ffffbdd0 7 2c 4c 28 28
FIXUPS: 4a0d8 25 7a d 21 fa e 32 e 25 2d e 32 e 25 fffffb8e 21 ffffdc3c
FIXUPS: 47d10 11 18 13 21 f 2c 7ec4 112 1d 38 1b b9 23 17 3e 157 10 10
FIXUPS: 4ea57 fffff8d0 e6 2f 33 6a 25 94 ffffe997 16 45 63 70 3f 54 10
FIXUPS: 4d109 6d 59b 310 1aaf 7 12 24 14 f 1b 25 13 27 1d d 16 17 d d 5d
FIXUPS: 4f691 39 26 1a 19 b 7 d 18 33 1e9 7 70 19 122 fffff53b 16 d1 3f
FIXUPS: 4f1ab 3b 24 1e 14 d 22 10 23 16 14 d 25 10 20 e 22 13 1d 33 d 20
FIXUPS: 4f413 18 20 1c 16 1f fffb1ec5 fffffe10 fffffea4 11 2d c a 1e a
FIXUPS: 10b0 1e 18 b 5 5 17 30 4f4b5 d0 254 65 a2 11 96 fffff64e ffffeb02
FIXUPS: 4eeda 3a 21 73 67 22 fffb2ebf 49a 22a b 28 27 44 29 96 21 ffffeef4
FIXUPS: 1645 11 1e 5c 1b6 b 5 5 21 fffffb52 10 7 8a 1c 146 fffffb94 11
FIXUPS: 12a4 30 5d 23 268b 1a3 3c 153 ffffec44 11 2f 11 1e 12 10 53 35
FIXUPS: 2a89 28 27 5e 1e d 3a 15 26 2b 21 12 d fffffb9d ef 54 ffffefc6
FIXUPS: 1b08 19 1409 f 27 22 4b 1c 29 b6 22 15 3d 24 74 16 2e 2c 34 9c
FIXUPS: 3353 50 20 3c 34 68 f 25f 6d 10d 63 49 f 2e 2465 13 d 13 d 13 d
FIXUPS: 5e44 d 13 d ffffdedb a8 6c 19 14 16 5e ffffed5a 21 26 32 26 9 54
FIXUPS: 2da2 94 11 4e 32 37 f 2907 11 24 41 14 b 51 31 2e 18 6d 19 1d 58
FIXUPS: 5a7f 42 44 17 18 14 2f 2d 11 24 93 5d 18 96 1a 13 d 13 fffff4f9
FIXUPS: 52dc 18 1b 17 7 42 40 55 23 85 2f 13 2d 1f aa 18 70 20 14 1d 12
FIXUPS: 56e8 29 a 1b e 17 30 19 14 2f fffff13c 26 35 45 4d 19 10 1e 32
FIXUPS: 4b00 2a 9b 4d 36 ec 98 35 1e 3e 23 12 1d 43 b8 42 b9 44 e cd 31
FIXUPS: 526c 11 fffff1f1 b 2b 5b 6 15 b 17 c 22 1f 10 1e 32 d 1c 48 14
FIXUPS: 4679 20 80 1d 2c 10 1b 3c 41 45 34 14 31 38 fffff746 2f 11 2f 11
FIXUPS: 40ee 9 32 1c 14 1c 21 24 6e 1e 2f 22 3b 23 38 20 1e a b 28 a b
FIXUPS: 4409 22 a b 24 1df4 4c 19 aa 4d 14 2f 4a 38 2f 1c 19 61 31 23 10
FIXUPS: 65ec 8 d 13 d 13 d ffffd8f4 11 2f 11 2f 11 2f 11 2f 4eef c8 47
FIXUPS: 907c 2a 13 16 5b 57 13 d 13 d ffffccd4 11 2f 11 1e e3 7 11 1f 13
FIXUPS: 603f 79 1e 21 f 10 60 57 4d 2645 2a 30 2c 34 1f 10 3f 1b 20 18
FIXUPS: 89ea 60 1b 3a 1c 2b 1c 34 1c 30 3a 3d 19 21 a0 28 a2 3d 3b 26 67
FIXUPS: 83f5 11 30 1c 2b 11 d 24 17 1f 17 17 35 1a 1c 13 1e c d 23 47 25
FIXUPS: 867a 3b 48 37 2e 2c 2f 33 1b 2b fffff895 24 13 9 11 7 9 15 22 26
FIXUPS: 81a5 17 1f b 1b 18 f 3f 27 16 d 19 14 16 17 23 22 29 2a 16 10 16
FIXUPS: 7b47 1a 35 1e 32 1c 24 5d 4e 1a 16 a0 75 3d 45 1a 39 2a 10 b 36
FIXUPS: 7f77 1d 1a 15 a 50 2c 20 20 11 24 fffff586 2a 9c 3c f b 9 13 11
FIXUPS: 77cd 29 48 f 20 32 21 2c 16 21 34 b 31 40 1d 17 16 7b 19 41 b 15
FIXUPS: 7b36 fffff678 15 10 b f 12 b 10 2a 39 22 49 6 2c 30 24 52 a 9 19
FIXUPS: 7461 5a 28 6 38 34 17 23 1f 1c 1a 27 fffff5f0 17 3a 2b 27 17 41
FIXUPS: 6d0c 18 16 13 26 30 2c 16 16 13 32 2a 4c d cc 48 51 54 52 6 70
FIXUPS: 7155 1c c 18 fffff659 d e b f 6a c 10 b 11 e 13 15 41 26 7 a f
FIXUPS: 69af 17 4c 8 1c 22 78 1f 54 13 13 26 27 17 2667 7a 50 7f 20 b1
FIXUPS: 94b3 a 2b 23 18 16 1a 8 e 16 19 6 223 13 d ffffce84 11 2f 11 1e
FIXUPS: 66e6 88 2c 14 2c 9 32d3 d 81 6a 12 78 12 33 27 21 398e 1b 1c 5d
FIXUPS: d6f6 d 9c 73 11 32 e 3a 30 97 13 30 27 21 25a2 ffff9254 11 2f 779e
FIXUPS: 10a01 b8 165 78 59 23 d e 9 11 1b 2f 1d 7 d 12 d 13 d ffff8a04
FIXUPS: 9816 52 8 28 8 11c 18 3f 1b 1c 5b 6a24 27 76 14 27 38 25 26 d 27
FIXUPS: 1066e 16 1b d 4a 5f 14 1b 3e d 2c 1c 16 3e 1c 16 46 1c 3a 16 41
FIXUPS: 109a6 18de d ffffdd24 11 2f 11 2f 20 11 1e 6e 17 68 3c 58 54 70
FIXUPS: 102de f 31 18 d 27 16 40 9 1e d 2c 37 d 32 1a23 1c 1d 3f 1a 12
FIXUPS: 11f6e b 39 f 1e 19 d b 79 23 11 b 81 e 12 29 25 2c 16 26 27 b 5
FIXUPS: 1225b 9 d fffff693 40 28 18 40 40 1f 38 45 3e 10 17 61 14 15 20
FIXUPS: 11c82 57 6 20 2b 3f 6 20 2b 4b 6 1d 18 1f 2d 27 fffff4c1 2e 22
FIXUPS: 113f2 4b 36 17 27 34 1c 17 8 a a 28 11 15 8 8 48 125 29 57 23 23
FIXUPS: 117d8 1d 18 40 1f 17 31 fffff5d2 1e 12 22 21 25 14 23 14 14 25
FIXUPS: 10fb3 18 3d 1c d 14 57 26 7 a f 2a 3e 64 dd 1d 15 12 b 8 29 1352
FIXUPS: 12701 c 86 c 42 9 a 11 9 d 14 11 10 1b 1d f 1f 1d 14 1f 10 10 4e
FIXUPS: 12984 10 1e 10 3f ffffe434 11 2f 2206 b 4d 1a 22 24 13 3a b 1e
FIXUPS: 131d6 1a 154 76 1d 68 33 7 71 28 34 b 5 5 17 ffffedec 23 89 9e
FIXUPS: 12506 a1 aa 4c9 17 a 7 2f 7 5e b 16 e 7 9f d 2b 19 20 12 67 26
FIXUPS: 12dcc 24 1e 11 b 1e 82 10 28 e 64 d7 c 1aea 31 37 1c6 6e 8f 46
FIXUPS: 14f04 48 2c 2e b 36 2a 86 19 11 2c 8d 7b 4c 5 e d ffffd7b5 1f 11
FIXUPS: 12a74 15 29 7 56 1984 10 b 69 14 67 14 12 7c 10 37 2e 1d e 72 d
FIXUPS: 14765 2d 5 c 9 8b 2d 2d 37 2a 3c b1 4a 69 75 1e fffff54d a 55 1b
FIXUPS: 140ff 1e 20 28 43 22 29 27 9 14 24 1a 18 14 18 17 2b 19 29 20 38
FIXUPS: 143b6 14 40 1e 2a 1e 12 fffff597 25 14 68 b 23 48 f 47 40 6e f
FIXUPS: 13c70 2c 2d 36 4a 2a 28 29 1c 2c 3a eb 5 7 8a 50 d 13 c 9 152c
FIXUPS: 155a7 2b 33 24 67 12 6c 3f b4 5 5 9 d ffffdd74 11 20 3b 5d 28 f
FIXUPS: 136c2 a5 168 f 10 41 f 10 14 11 44 2c00 57 110 32 43 53 59 c 29
FIXUPS: 168e8 c2 1b 13 92 d2 100 13 3c c6 5 e d 13 d ffffe5f4 11 33 8b
FIXUPS: 15494 3b 3c 64 90f 11 5f 3b 3f 18 61 13 26 2e 3c 1c 11 2b f 40
FIXUPS: 16143 2f 9 ca c 35 14 20 1f 18 23 53 7 c9 75 cd a9d 21 f d 2f 10
FIXUPS: 170eb 21 72 73 5 e d ffffe6e4 11 2f 11 7e 200 47 9f b 46 13 5b
FIXUPS: 15d8f 2c f 22 18 1f 3f 4982 2b 63 1d 22 15 32b 79 1c 10 b 5 5 5
FIXUPS: 1acc4 d 13 d 13 d ffffc144 11 34 42 57 18 2b 5a 18 10 6 12 2e46
FIXUPS: 19e64 5a 22 21 64 1e 9 2d 39 4a 28 21 1c 1e 37 14 32 32 5f 3d 38
FIXUPS: 1a2c9 b 1e 34 29 64 1d 22 15 364 fffff0e9 91 46 11e 11 15 19 1b
FIXUPS: 19ac2 15 d 1e 21 5 d 26 7a 33 1f 1a 1a 28 1b 11 16 4a e 63 e 47
FIXUPS: 19de9 12 fffff4f9 27 1a 15 5 2a 20 6c 19 24 14 5 ec 1c 5 f 26 b
FIXUPS: 195c1 4c 1c 5 1c 15 4c 10 5c d 37 70 3f 16 fffff394 a 1d 1d 27
FIXUPS: 18c3c 5 1a 13 1c 5 87 ae 18 4c 11 f 32 16 e 48 5 bc 32 60 22 d0
FIXUPS: 19148 38 1e 116 5 fffff28c a5 17 1d 15 c 1b 5 57 64 23 50 a 7e
FIXUPS: 1887e 22 e 17 1d 5 18 74 17 21 5 79 26 50 a 32 56 1f fffff436 17
FIXUPS: 18060 c 6d c c 61 5d d 11 4a 1b 33 6a 20 31 27 25 13 c 2d 15 1e
FIXUPS: 18434 9 1b 12 a 29 62 35 fffff42a 46 4e 1c a 37 3e a 3d 4e 1c a
FIXUPS: 17bab 1d 1d 25 2a a 2a 43 1b 4e 2b e 23 12 88 15 18 10 50 f fffff62c
FIXUPS: 174da 1a 1a c 79 1a 78 c e c e c 2d 31 1c 22 22 1f 40 1c 23 31
FIXUPS: 17811 1c 24 22 1e 31 4f 24 16 550b 15 22 21 2f 2f 1e 23 2c 1e 15
FIXUPS: 1d084 8e 39 86 5 7e d 21 ffffa034 1f 11 2f 11 2f 11 2f 11 af 1f
FIXUPS: 1748e 27 5227 c5 b c 18 3a 109 4c 54 23 84 15 a 22 c 19 7a 21 c
FIXUPS: 1cb80 c6 a4 1f 25 13 19 1f 51 33 1e 15 b fffff11b 16 13 11 59 11
FIXUPS: 1c00c 20 12 14 2c 47 3f 38 44 59 22 66 41 16 49 17 48 18 4a 22
FIXUPS: 1c4e0 27 82 100 13 2d fffff23f f0 40 15 c 13 18 63 4b 54 19 62
FIXUPS: 1bc15 12 1c 19 77 1f 74 49 3e c a 13 1f 13 1b 18 5f 4b e 13 fffff417
FIXUPS: 1b394 84 4a 52 2d 10 d 59 91 15 31 14 1b 30 e 2b 14 f e 12 19 e
FIXUPS: 1b742 e 67 25 21 2c 14 25 5f 1fd9 171 86 5 ffffd29f 11 2f 11 be
FIXUPS: 1ae7c e 9b 28 1e c 52 87 2d 1e 1b 9 10 15 32 1d 24 80 12 3c 76
FIXUPS: 1b317 12 3e4f 66 19 49 30 d 2d 152 4e 3e 9 54 c 5 e d ba 19 d ffffdce0
FIXUPS: 1d32f 21 e 22 15 43 9 97 329 43 8d 1b 1504 b 9 22 9 9 29 9 20 25
FIXUPS: 1ee79 f 16 b 9 22 9 9 2f 1c 64 b8 9 13 2d 9 2c 9 2d 9 10 31 fffff7c3
FIXUPS: 1e917 9 21 d 9 1f 9 9 16 f 16 b 9 2e 1c 64 cb 31 9 31 9 15 31 2d
FIXUPS: 1ec9d 19 4a 9 23 3f f fffff778 9 9 1e d 9 16 f 16 b 9 2e 1c 5c
FIXUPS: 1e65d f 28 9 2b 6d 2b 9 36 9 b 27 29 66 19 4e 9 25 fffff66f 1c
FIXUPS: 1dfc4 24 72 16a d 60 5b 27 ae 9 1b d 9 26 10 17 10 9 9 16 f 16
FIXUPS: 1e450 9 27 9 2e 9 18 a 11c3 11 1e 10 4a 17 d 36 1b 1c 9 29 5 ffffe34f
FIXUPS: 1db56 2f 11 4e 16 83 d 53 3e 4e d0 b 17 39 28 27 50 15 1c1b 10e
FIXUPS: 20058 286 86 34 24 33 52 4f df 33 11 26 2d 2d 2d 2a 30 11c 86 98
FIXUPS: 20903 23 28 1f 34 9e a5 5d 2a0 5 215d 15 e 3c 57 17 33 39 c 2f
FIXUPS: 230c6 5c 18 37 26 107 35 40 6c 10 e 2a 17 73 32 c 62 5 e d ffffc3b3
FIXUPS: 1f8d1 2c3e 30 3d 46 2b 23 47 32 43 91 1b 25 19f 101 12e a d 6b
FIXUPS: 22bfb 41 42 2f 70 a d 51 e 41 38 37 7 83 ffffebdd 92 29 35 28 cd
FIXUPS: 21ccc 83 3d 55 11 3f 11 25 4d 30 40 8 6 d6 108 34 16 44 c 5f 72
FIXUPS: 22369 64 58 64 17 125f 158 53 36 28 99 5 ffffd5b9 139 8f 14 a3
FIXUPS: 213fa 17 12 d f0 d 1d 3f 1a1 f a7 73 6 c9 e 5d 13 31 56 e 2ad0
FIXUPS: 24534 12 10 a 19 a c d 10 6a 17f 8 1e 1f 14 3e 5c 26 b3 5 e d ffffebb3
FIXUPS: 2354e 15 19 42 18 23 11 19 432 11 3e d 54 116 b3 78 1c 2a 20 b
FIXUPS: 23dcf 49 76 4c 6a 1c 58 42 11b 4c 75 1c d8 4c 7a 44 3b 4b 5c 22
FIXUPS: 2770e 14 e2 24 9 5 e d 21 12 d 13 d 13 d 13 d 13 d 13 d ffffd0f3
FIXUPS: 24a6a 53 17 5a b 15 33 5 e d 2635 7 14 19 af 1e 3f 1e 13 2c b 15
FIXUPS: 273a3 6d 13 42 36 2e 1d a3 2e 1a b 1d 10 1f 15 16 d 26 34 42 fffff431
FIXUPS: 26b3f 10 bf df 19 9 142 6c 59 10 f 29 17 39 7 10 64 25 7 1c 23
FIXUPS: 270a8 5 1c 10 24 5 1c 10 26 35 fffff348 47 3d 21 1e 23 3f 54 2f
FIXUPS: 26685 56 2e 2d 1a 2f 15 49 15 18 3b 4b 15 9 3c 36 25 10 2d 11b
FIXUPS: 26ab4 38 33 fffff125 20 13 10 ca 13 107 46 13 b2 92 104 22 9 22
FIXUPS: 26187 4f 7 18 2d 37 1d 43 22 12 19 41 73 15 3a 54 58 fffff085 e
FIXUPS: 2555a 2b 34 27 14 15 2c b 10 17 35 50 5b 30 39 19 5b 2a 43 69 37
FIXUPS: 259e4 119 15 58 44 d 1e 16 27 fffff347 5d 9 4e b 7 f 45 56 13 1d
FIXUPS: 251cb 9 4a 52 b0 1e 59 4a 30 1a 2f 19 1f 18 10 e 6 19 1e 12 17
FIXUPS: 27c89 d3 1b 12d 16 42 5a b 5 5 5 22 ffffccc3 11 2f 11 2f 11 2f
FIXUPS: 24d26 2f 11 2f 11 2f 11 2f 11 2f 21 91 2a 3fd0 16 16 13 11 1c 10
FIXUPS: 28f8a 11 1a e 14 1a 13 d 13 d ffffe964 11 20 e 2b 25 7 19 56 79
FIXUPS: 27b26 f 79 7f 3b e0a 38 21 1b 5c 21 2b 16 28 16 46 23 2f 40 16
FIXUPS: 28cf4 e 1f 1b 28 8 c a 36 2d 29 12 10 32 4a 1a e fffff6a0 2d 3b
FIXUPS: 28633 2a 24 4e 34 49 1a 18 16 27 1b 2a 44 1b 1a 1b 16 28 2a 43
FIXUPS: 28962 26 18 1d 11 31 1f 16 22 1bdb 13 d ffffd9f4 11 2f 11 1e 2a
FIXUPS: 2810e 1b 1e 22 3c 13 3e 30 27 18 26 14 25 49 6b 7d 28 2e 2c 2c
FIXUPS: 284e5 54 2d 190f 15 5d 9 b 49 2d 21 38 1e 60 129 23 62 2a 61 1f
FIXUPS: 2a306 2e 6d 1f 66 28 63 70 75 29 32 5 e d 13 ffffefed 55 4b 55
FIXUPS: 29751 55 4a 65 57 40 40 4c 50 5d 1a 23 16 185 34 a 3a 15 47 a 3a
FIXUPS: 29d2a 47 a 3a 15 46 a 196c e d 13 d 13 d ffffd874 20 11 2f 11 2f
FIXUPS: 29106 3e 44 51 b 11 23 14 34 86 2c 50 3e 36 89 5e 44 4d 43 1a03
FIXUPS: 2afb9 11 b 31 3f 98 15 30 39 47 16 9f 65 5 18 5b 33 16 27 47 1f
FIXUPS: 2b415 42 34 3d 46 6a a9 78 35 b3 fffff3f4 13 e 25 9 12 b 18 10
FIXUPS: 2ac16 d 6 c 11 b 9 1a 50 51 1e b 1a c 10 14 52 b 1d 11e 21 13 12
FIXUPS: 2bacb 5 14 d ffffec14 11 2f 11 2f 11 37 10d 8c 6 23 22 68 4a 41
FIXUPS: 2aaab e f 29 7 f 6 c e 18 c 8 14 34dd d 13 d 13 d 13 d 21 12 d
FIXUPS: 2e104 d ffffd775 1f 11 1e 55 31 20 2b 1a 1c 43 b 8 16 b 54 10 b
FIXUPS: 2bac6 1ec3 23 38 31 42 7 38 4e 2a 9b 15 13 2a 17 9e 1e 7 56 b 9
FIXUPS: 2de25 9d 1a 29 2c 1c 1f 21 40 24 40 5 ffffeff8 2f 31 1c 12 12 12
FIXUPS: 2d0ef 12 42 17 22 8 1f 5b ab 15 13 16a 1b e0 7 5b b 47 8b 5c 22
FIXUPS: 2d739 9f 7d 26 fffff22b 6 2d 12 13 1d 11 10 a0 16 1f c d5 c 15
FIXUPS: 2cd23 c 70 31 10 16 3f 1f 15 1c 4e 32 46 40 39 47 11 fffff4f8 11
FIXUPS: 2c54b 17 b 12 7b 32 8c b3 11 e 30 2e c 3c 16 1a 43 18 19 8 49 46
FIXUPS: 2c97d 26 23 28 1a 2a a 31 fffff50d 47 9 10 16 26 10 3d 14 b 3c
FIXUPS: 2c0ef 10 c 3d 14 18 3d 24 15 b 3f a2 2f 2b 15 47 5 18 5e 3d c5
FIXUPS: 2bba5 11 2f 11 2f 11 2f 11 2f 11 2f 11 2f 11 1e 3b 2b b 2f d 44
FIXUPS: 2be59 10 b 10 3b 1d 20 a 42 19 b 2e1a e d fffff394 11 2f 11 1e
FIXUPS: 2e1d5 43 2d f 4d 3c 85 61 271 2a 7 15 b 18 11 c 33 18 c 5 e d 13
FIXUPS: 2e751 2e3 14 f f a 1f 11 12 17 20 17 15 6a 55 39 2f a d 27 8 12
FIXUPS: 2ecbc 2e a c 11 17 a 8 d 25 15 665 1e 16 d3 56 5e 40 40 43 26 12
FIXUPS: 2f6c1 40 60 40 5 fffff05f 11 22 21 10 21 68 19 a 15 f d 90 28 f
FIXUPS: 2ea25 1689 12 27 10 61 29 5 e d 13 d 13 d ffffecf3 166 2c 58 15
FIXUPS: 2f0d9 19 e5 d 1d 15 10 1c 50 e e 73 1e 40 3972 13 d ffffcb44 11
FIXUPS: 2f895 11 2f 11 23 47 84 e 8c 10 14 e 30 b8 1b 34 2a 5b 1c 41 1e
FIXUPS: 2fd44 3b 130 1b6 b 37 27a9 1f 1e d 30 4b 3d 3f 28 4f 5f 27 20 1c
FIXUPS: 32ad0 e 22 3a 25 25 48 73 21 11 5 e d 13 d 13 d 13 fffff3af 4a
FIXUPS: 3210f c 16 6 1c 24 53 82 13b 71 1e 70 7a 3b 2e 4b 14 6 17 41 54
FIXUPS: 32699 24 10 7c 33 17 1e 4a 31 fffff12b 28 10 1f 5a 4d 23 9d 2b
FIXUPS: 31b6d 27 31 94 24 10 157 23 2e 7b 17 27 18 56 24 7 12 40 7 1d 10
FIXUPS: 3205b 1a fffff0bc 31 85 3a 25 2e 30 2a 31 32 124 43 a 5c a5 6 1f
FIXUPS: 315ce 19 6 54 6 1d 6 15 6 29 99 31 15 144 19 ffffee27 15 22 b 10
FIXUPS: 30775 b 154 7 b0 55 21 147 b e4 29 77 11 22 1b 9b 16 12 b 72 20
FIXUPS: 30edf 128 57 7e 21 17 5f79 1b 10 21 38 5 e d 13 d 13 d ffff9124
FIXUPS: 302a6 2f 11 2f 11 2f 11 2f 11 3c 80 68 65 41 26 d 4d 14 55 631a
FIXUPS: 36993 20 9 24 8e 20 19 2c 11 2f 15 1f 60 61 2d d 70 80 7a 7 d 3a
FIXUPS: 36e0a 2c 7f 1a 20 1b 20 61 1b fffff300 52 52 3d 62 21 98 20 5a
FIXUPS: 3659f 2f 47 27 2c 57 1a e 15 19 1f 10 8d 18 33 18 1b 19 24 86 1c
FIXUPS: 36945 17 ffffef7d 16 e 10 10 9 e 187 2a 33 12c 85 2b 15 28 84 b0
FIXUPS: 35e86 41 5d 21 67 1e 71 31 2c 3e c3 26 25 26 8d ffffef11 28 30
FIXUPS: 3523d 19 1e 3e 17 1f d 16e 14 12 11 9 23 49 3a c 76 54 33 93 20
FIXUPS: 35718 20 12 b6 2c 15 1d 6f fffff1ce 28 9 15 30 28 c e7 4b e 15
FIXUPS: 34cc6 a4 37 49 15 53 c 24 c 3f 54 4c 54 40 35 8f 20 1b 51 1b 20
FIXUPS: 3452d b 1e 1e 9 20 16 2f 1c 13 f 33 5c 39 16 1b 9 1d 19 9 26 4c
FIXUPS: 34812 41 1c 5b 43 18 75 5d 44 31 fffff65d 20 1c 4c 13 11 2a 15
FIXUPS: 341c9 18 2f 15 15 15 35 3b e 10 17 e 17 19 48 26 21 3c 13 2d d
FIXUPS: 34458 86 9 fffff755 f 17 35 38 68 17 1d 30 33 10 d 24 11 13 1d
FIXUPS: 33e74 56 10 2f 31 1d 20 25 2f 23 12 39 20 19 3a 6 fffff49b 1f 1e
FIXUPS: 335e5 b 16 27 4f 43 22 74 2b 24 23 32 29 20 48 43 37 3a 7b 31 79
FIXUPS: 33b28 1e 12 e 10 7 21 89 fffff15f 2f 11 2f 11 2f 11 28 64 31 6b
FIXUPS: 32f83 b 57 28 1d c3 20 2a 46 76 30 3f 1c 31 59 10 4c 1b 4e a7 a5
FIXUPS: 3b2c1 21 f 33 50 28 f 21 41 26 5f c a 1c 200 25 45 c a 18 f 19
FIXUPS: 3b79c 155 5 e d 13 d ffff7404 11 2f 7e5c 27 4e 31 f 15 22 4e 7a
FIXUPS: 3ad97 e f 12 17 37 44 33 28 2c 2b 72 50 56 30 2f 15 19 84 b 20
FIXUPS: 3b1a5 9b fffff1e0 55 2b 7f 18 1d 20 96 18 23 1d 21 19 17 30 26
FIXUPS: 3a725 85 db 24 db 15 2a a 43 15 70 29 3f 15 69 30 fffff2e0 5f 69
FIXUPS: 39fa7 f 20 28 2b 1d 21 14 1a 2b 1f 1f e 47 25 15 2f 21 f 2f 1d
FIXUPS: 3a247 1b 1d 15 f6 11 1d 4c fffff14a 18 40 6b 4a 27 22 4d b8 b 6a
FIXUPS: 3985b 128 a5 33 1f 33 13 2e 6f 29 47 66 29 1c 1b b 5b 1a 1c 105
FIXUPS: 39e6c ffffec70 b 56 2f 55 b 9c 4f d7 b a1 4f 49 d 38 9f e 4b 96
FIXUPS: 390ea 29 125 15 2b 62 13 22 66 24 3a 2b 27 ffffea37 26 ac 3e 4b
FIXUPS: 380a4 28 15 28 17 2a dc 1c 46 18 16 6d 85 4f 13 15 1f a7 17f 1f
FIXUPS: 38876 f 9a 27 20 2f a9 ffffed8d 20 27 23 b 1c 15 32 1a e 25 8e
FIXUPS: 37999 16 3f 29 d 32 31 d 26 f 5c 61 3a 11 35 26 92 3f 4a ed 4016
FIXUPS: 3be91 5 e d ffffb362 13 72 26 15 7c c8 1e 3c 6a f 11 11 b 13 3d
FIXUPS: 3758b 11 11 b 39 79 f 43 87 34 22 7c1b d 13 d 13 d 13 d 13 d 13
FIXUPS: 3f461 13 d 13 d 13 d ffffc494 11 28 7 10 d ac 1f7 dc 52 17 5b 29
FIXUPS: 3be2e 30d3 12 11 ee a cc a cc a 79 2f 20 a c b 5 5 5 14 d 13 d
FIXUPS: 3f314 d 13 d 13 d 13 d 13 d fffff68c 15 76 f 14 14 24 2e 18 7d
FIXUPS: 3ebdd 10 47 f 5c 7 1f f 1f 13 48 19 12 29 26 26 f 1e 30 16 5f f
FIXUPS: 3e60d 19 c 2a 21 29 31 31 2d 29 33 33 2f 2f 2f 2b 1b 9 6 b 1c e
FIXUPS: 3e8e2 b 2a 18 1b 1c 24 15 58 17 fffff74b 21 10 24 15 3d 1d 23 17
FIXUPS: 3e267 30 19 26 17 1c 25 1f 15 84 d c d 15 3d 1d 28 35 37 4b 1e
FIXUPS: 3e5c8 24 fffff43e de 5f 28 2c 33 1f 15 66 e 31 31 12 d 13 8 8 22
FIXUPS: 3dd70 3a 26 d7 41 78 2a b 33 37 c7 1e 3c 24 fffff440 9 5e b 64
FIXUPS: 3d675 2a 15 17 3b 1a 40 11 11 29 16 13 b 38 25 3e 1f 21 1f 1c c
FIXUPS: 3d924 a4 c f 12 21 fffff692 15 4f 1d 71 14 10 16 3d 3a 24 11 1a
FIXUPS: 3d2c5 11 40 7 12 3a f 42 14 17 19 b d 11 5a 10 21 3f 18 fffff718
FIXUPS: 3cc39 a 24 18 a 24 18 a 24 3f 52 18 73 e a e 1d 43 11 46 7 12 36
FIXUPS: 3cf4d 46 35 a 37 17 29 49 fffff8a3 27 2c 12 d 27 28 7 18 18 7 19
FIXUPS: 3ca65 7 19 18 7 19 1b a 24 18 a 24 18 a 24 18 a 24 1b a fffff99d
FIXUPS: 3c5aa 18 18 32 49 11 2b e 43 2d 7 2d 10 e 1a 14 26 11 3f 7 12 35
FIXUPS: 3c862 4b 14 12 14 12 14 11 7 fffff751 f 1b 15 1c 24 11 2f 11 23
FIXUPS: 3c1e5 1e 22 25 d b0 1a b 12 1b 8d e 14 32 e 14 20 3d 36 24 26 4a
FIXUPS: 3f814 1c 24 25 3a 29 3c 10 c 47 13 e c 10 1d 12 2d 2b e c 116 9
FIXUPS: 3fb8c 21 d 107 ffffc295 1b c a8 11 26 3485 5 5 5 5 5 5e f 19 19
FIXUPS: 3f5b2 19 19 13 29 15 c a 11 e a b a 20 13 3e 7 3b 4e 11 4f 1e
